{"step": 1, "learning_rate": 9.999975326009293e-07, "train_loss": 3.496457099914551, "train_completion_loss": 0.7957910299301147, "train_progress_loss": 0.10226873308420181, "train_failure_loss": 0.6918030381202698, "train_option_value_loss": 0.15287654101848602, "train_option_rank_loss": 0.41003283858299255, "train_option_classification_loss": 1.9441964626312256, "train_option_override_loss": 0.7620145678520203, "gradient_norm": 8.575992584228516, "development": {"samples": 19980, "completion_threshold": 0.7109375, "completion": {"false_positive_rate": 0.049281657200133645, "true_positive_rate": 0.04572514249525016, "precision": 0.5503048780487805, "accuracy": 0.4359916432533679}, "progress_gate_threshold": 0.57421875, "progress_completion": {"false_positive_rate": 0.04727697961911126, "true_positive_rate": 0.026472450918302724, "precision": 0.4247967479674797, "accuracy": 0.4259059145594698}, "maximum_gate_threshold": 0.7109375, "maximum_completion": {"false_positive_rate": 0.049448713665218844, "true_positive_rate": 0.0461051298290057, "precision": 0.5515151515151515, "accuracy": 0.43613572509185217}, "brier": 0.2838208079338074, "ece_15": 0.19637166215731452, "progress_mae": 0.41021719574928284, "failure_threshold": null, "failure": null, "b_stop_proposals": 13881, "b_false_stop_proposals": 5986, "b_true_stop_proposals": 7895, "gated_false_stops": 295, "gated_true_stops": 361}, "residual_option_validation": {"labeled_states": 29, "strict_states": 4, "baseline_option": "RETRY_CURRENT", "override_options": ["REOBSERVE", "BACKTRACK_ONE", "ADVANCE", "CONSENSUS_PREFIX"], "target_retry_states": 25, "target_tie_states": 25, "target_override_states": 4, "raw_false_recovery_rate": 1.0, "raw_recovery_rate": 1.0, "selective_recovery": {"max_false_recovery_rate": 0.05, "option_value_margin": 1.0146485567092896, "false_recovery_rate": 0.0, "true_recovery_rate": 0.0, "beneficial_recovery_rate": 0.0, "accuracy": 0.8620689655172413, "mean_decision_regret": 0.4137931168079376}}, "elapsed_seconds": 0.6728135430021212}
{"step": 250, "learning_rate": 8.535533905932738e-05, "train_loss": 1.0024631023406982, "train_completion_loss": 0.36329084634780884, "train_progress_loss": 0.05570615828037262, "train_failure_loss": 0.5139660239219666, "train_option_value_loss": 0.3101615309715271, "train_option_rank_loss": 0.04857993870973587, "train_option_classification_loss": 0.2143179029226303, "train_option_override_loss": 0.2760160565376282, "gradient_norm": 2.0752129554748535, "development": {"samples": 19980, "completion_threshold": 0.76953125, "completion": {"false_positive_rate": 0.04861343133979285, "true_positive_rate": 0.34249525015832805, "precision": 0.9028380634390651, "accuracy": 0.6050716807146459}, "progress_gate_threshold": 0.8203125, "progress_completion": {"false_positive_rate": 0.04543935850317407, "true_positive_rate": 0.07004433185560481, "precision": 0.6703030303030303, "accuracy": 0.45148044089042577}, "maximum_gate_threshold": 0.82421875, "maximum_completion": {"false_positive_rate": 0.04460407617774808, "true_positive_rate": 0.1317289423685877, "precision": 0.7957153787299158, "accuracy": 0.4869245731575535}, "brier": 0.14606265723705292, "ece_15": 0.06945047939570996, "progress_mae": 0.27351775765419006, "failure_threshold": null, "failure": null, "b_stop_proposals": 13881, "b_false_stop_proposals": 5986, "b_true_stop_proposals": 7895, "gated_false_stops": 291, "gated_true_stops": 2704}, "residual_option_validation": {"labeled_states": 29, "strict_states": 4, "baseline_option": "RETRY_CURRENT", "override_options": ["REOBSERVE", "BACKTRACK_ONE", "ADVANCE", "CONSENSUS_PREFIX"], "target_retry_states": 25, "target_tie_states": 25, "target_override_states": 4, "raw_false_recovery_rate": 0.12, "raw_recovery_rate": 0.25, "selective_recovery": {"max_false_recovery_rate": 0.05, "option_value_margin": 0.21875, "false_recovery_rate": 0.04, "true_recovery_rate": 0.25, "beneficial_recovery_rate": 0.0, "accuracy": 0.8620689655172413, "mean_decision_regret": 0.4137931168079376}}, "elapsed_seconds": 3.4172114249959122}
{"step": 500, "learning_rate": 5e-05, "train_loss": 0.7121990323066711, "train_completion_loss": 0.26044660806655884, "train_progress_loss": 0.043882325291633606, "train_failure_loss": 0.35518157482147217, "train_option_value_loss": 0.38705527782440186, "train_option_rank_loss": 0.05014139413833618, "train_option_classification_loss": 0.1185302734375, "train_option_override_loss": 0.24203278124332428, "gradient_norm": 2.4519224166870117, "development": {"samples": 19980, "completion_threshold": 0.87890625, "completion": {"false_positive_rate": 0.04727697961911126, "true_positive_rate": 0.48853704876504117, "precision": 0.9316425120772946, "accuracy": 0.6887111879547583}, "progress_gate_threshold": 0.875, "progress_completion": {"false_positive_rate": 0.046608753758770466, "true_positive_rate": 0.13324889170360987, "precision": 0.7903831705484599, "accuracy": 0.4869245731575535}, "maximum_gate_threshold": 0.890625, "maximum_completion": {"false_positive_rate": 0.04961577013030404, "true_positive_rate": 0.4253324889170361, "precision": 0.9187414500683995, "accuracy": 0.6517541963835458}, "brier": 0.10849662870168686, "ece_15": 0.04982270333949509, "progress_mae": 0.22876472771167755, "failure_threshold": null, "failure": null, "b_stop_proposals": 13881, "b_false_stop_proposals": 5986, "b_true_stop_proposals": 7895, "gated_false_stops": 283, "gated_true_stops": 3857}, "residual_option_validation": {"labeled_states": 29, "strict_states": 4, "baseline_option": "RETRY_CURRENT", "override_options": ["REOBSERVE", "BACKTRACK_ONE", "ADVANCE", "CONSENSUS_PREFIX"], "target_retry_states": 25, "target_tie_states": 25, "target_override_states": 4, "raw_false_recovery_rate": 0.04, "raw_recovery_rate": 0.0, "selective_recovery": {"max_false_recovery_rate": 0.05, "option_value_margin": 0.0664062574505806, "false_recovery_rate": 0.0, "true_recovery_rate": 0.0, "beneficial_recovery_rate": 0.0, "accuracy": 0.8620689655172413, "mean_decision_regret": 0.4137931168079376}}, "elapsed_seconds": 6.029052742000204}
{"step": 750, "learning_rate": 1.4644660940672627e-05, "train_loss": 0.6240419149398804, "train_completion_loss": 0.26987266540527344, "train_progress_loss": 0.03324958309531212, "train_failure_loss": 0.2667228877544403, "train_option_value_loss": 0.4241887927055359, "train_option_rank_loss": 0.02061767503619194, "train_option_classification_loss": 0.08890474587678909, "train_option_override_loss": 0.20432057976722717, "gradient_norm": 1.9541510343551636, "development": {"samples": 19980, "completion_threshold": 0.90234375, "completion": {"false_positive_rate": 0.04744403608419646, "true_positive_rate": 0.5253958201393287, "precision": 0.9359205776173285, "accuracy": 0.7096030545349759}, "progress_gate_threshold": 0.89453125, "progress_completion": {"false_positive_rate": 0.03842298696959572, "true_positive_rate": 0.11513616212792907, "precision": 0.7980684811237928, "accuracy": 0.48015272674879333}, "maximum_gate_threshold": 0.91015625, "maximum_completion": {"false_positive_rate": 0.04543935850317407, "true_positive_rate": 0.45535148828372385, "precision": 0.9296612361003361, "accuracy": 0.6706289172249837}, "brier": 0.10674214363098145, "ece_15": 0.0417158811031519, "progress_mae": 0.217551127076149, "failure_threshold": null, "failure": null, "b_stop_proposals": 13881, "b_false_stop_proposals": 5986, "b_true_stop_proposals": 7895, "gated_false_stops": 284, "gated_true_stops": 4148}, "residual_option_validation": {"labeled_states": 29, "strict_states": 4, "baseline_option": "RETRY_CURRENT", "override_options": ["REOBSERVE", "BACKTRACK_ONE", "ADVANCE", "CONSENSUS_PREFIX"], "target_retry_states": 25, "target_tie_states": 25, "target_override_states": 4, "raw_false_recovery_rate": 0.04, "raw_recovery_rate": 0.0, "selective_recovery": {"max_false_recovery_rate": 0.05, "option_value_margin": 0.1250000149011612, "false_recovery_rate": 0.0, "true_recovery_rate": 0.0, "beneficial_recovery_rate": 0.0, "accuracy": 0.8620689655172413, "mean_decision_regret": 0.4137931168079376}}, "elapsed_seconds": 8.724358766994555}
{"step": 1000, "learning_rate": 0.0, "train_loss": 0.6799790263175964, "train_completion_loss": 0.23702402412891388, "train_progress_loss": 0.04372150078415871, "train_failure_loss": 0.3813566565513611, "train_option_value_loss": 0.4235262870788574, "train_option_rank_loss": 0.034585509449243546, "train_option_classification_loss": 0.1031319722533226, "train_option_override_loss": 0.2176968902349472, "gradient_norm": 2.7339375019073486, "development": {"samples": 19980, "completion_threshold": 0.90234375, "completion": {"false_positive_rate": 0.04610758436351487, "true_positive_rate": 0.5278024065864472, "precision": 0.937879810938555, "accuracy": 0.7115481593545133}, "progress_gate_threshold": 0.89453125, "progress_completion": {"false_positive_rate": 0.04259939859672569, "true_positive_rate": 0.14426852438252058, "precision": 0.8170731707317073, "accuracy": 0.49492111519342985}, "maximum_gate_threshold": 0.91015625, "maximum_completion": {"false_positive_rate": 0.04811226194453725, "true_positive_rate": 0.47257758074730843, "precision": 0.9283403831798955, "accuracy": 0.6792738275340393}, "brier": 0.10508868098258972, "ece_15": 0.041354040187914984, "progress_mae": 0.21674318611621857, "failure_threshold": null, "failure": null, "b_stop_proposals": 13881, "b_false_stop_proposals": 5986, "b_true_stop_proposals": 7895, "gated_false_stops": 276, "gated_true_stops": 4167}, "residual_option_validation": {"labeled_states": 29, "strict_states": 4, "baseline_option": "RETRY_CURRENT", "override_options": ["REOBSERVE", "BACKTRACK_ONE", "ADVANCE", "CONSENSUS_PREFIX"], "target_retry_states": 25, "target_tie_states": 25, "target_override_states": 4, "raw_false_recovery_rate": 0.04, "raw_recovery_rate": 0.0, "selective_recovery": {"max_false_recovery_rate": 0.05, "option_value_margin": 0.1054687574505806, "false_recovery_rate": 0.0, "true_recovery_rate": 0.0, "beneficial_recovery_rate": 0.0, "accuracy": 0.8620689655172413, "mean_decision_regret": 0.4137931168079376}}, "elapsed_seconds": 11.094393959996523}
{
  "schema_version": 1,
  "experiment_id": "Ours",
  "variant": "GR00T-RC-SparkVLA-counterfactual-temporal-recovery",
  "method": "counterfactual-temporal-recovery",
  "parent_experiment": "B",
  "stage": "R0-counterfactual-option-distillation",
  "model": {
    "encoder": "mlp",
    "history_length": 4,
    "context_width": 2048,
    "action_horizon": 16,
    "action_dim": 7,
    "selector_candidates": 17,
    "scalar_width": 6,
    "temporal_width": 32,
    "temporal_layers": 1,
    "temporal_heads": 4,
    "feedforward_width": 128,
    "dropout": 0.5,
    "option_count": 6
  },
  "parameter_count": 150843,
  "dataset": "/HELIOS/Robotics/UnitreeRobotic/outputs/robocerebra/ctr-recovery-v1",
  "dataset_manifest_sha256": "7c158bdc007cb5ac25995f119894d7457cd4f7ed9bf7bdc7aa850aed41865a1a",
  "additional_train_dataset": null,
  "additional_train_dataset_manifest_sha256": null,
  "additional_train_datasets": [
    "/HELIOS/Robotics/UnitreeRobotic/outputs/robocerebra/ctr-counterfactual-rollout-v9-outcome-first-seed10007",
    "/HELIOS/Robotics/UnitreeRobotic/outputs/robocerebra/ctr-counterfactual-rollout-v9-outcome-first-seed11007",
    "/HELIOS/Robotics/UnitreeRobotic/outputs/robocerebra/ctr-counterfactual-rollout-v9-outcome-first-seed12007"
  ],
  "additional_train_dataset_manifests_sha256": [
    "0ff983b6fdca787a1055220ef3c8e1fb152cf9ed8e41e31fc9451f14fb4032ac",
    "3206d44b1e3eb53935cdd0668318271bd0105cba63d5ac92816ddef6013732d3",
    "8a4e374e2872e4f20bc1b2c855961cb85d21f028bf3f78717456318242c96146"
  ],
  "live_training_samples": 8550,
  "counterfactual_training_states": 160,
  "live_batch_fraction": 0.5,
  "option_batch_fraction": 0.25,
  "option_value_weight": 0.1,
  "option_rank_weight": 0.25,
  "option_classification_weight": 1.0,
  "option_override_weight": 0.25,
  "residual_option_advantages": true,
  "option_value_baseline": "RETRY_CURRENT",
  "option_sampling": "balanced-residual-override-and-retry-tie-v1",
  "selector_weights_sha256": "88a05811257384bbba867169b72103d3bc1e118f5813a9d6c4f4713b274e1f16",
  "a1_checkpoint_weight_shards_sha256": {
    "model-00001-of-00002.safetensors": "d273ca475107b081cb91ecb4f555b6ac46692ba0d8c337935c00a03dc889b973",
    "model-00002-of-00002.safetensors": "244a7ea7e7b2510a31cad92a805f59651301277a9e36508f863012bde49ed4aa"
  },
  "seed": 10007,
  "steps": 1000,
  "batch_size": 128,
  "learning_rate": 0.0001,
  "weight_decay": 0.1,
  "max_false_positive_rate": 0.05,
  "checkpoint_selection": "residual",
  "failure_calibration_scope": "held-out episodes from train base seeds",
  "selection_rule": "max beneficial residual recovery at false override<=limit, then recovery recall, min regret, completion TPR, min Brier, earliest tie",
  "selected_step": 250,
  "development_metrics": {
    "samples": 19980,
    "completion_threshold": 0.76953125,
    "completion": {
      "false_positive_rate": 0.04861343133979285,
      "true_positive_rate": 0.34249525015832805,
      "precision": 0.9028380634390651,
      "accuracy": 0.6050716807146459
    },
    "progress_gate_threshold": 0.8203125,
    "progress_completion": {
      "false_positive_rate": 0.04543935850317407,
      "true_positive_rate": 0.07004433185560481,
      "precision": 0.6703030303030303,
      "accuracy": 0.45148044089042577
    },
    "maximum_gate_threshold": 0.82421875,
    "maximum_completion": {
      "false_positive_rate": 0.04460407617774808,
      "true_positive_rate": 0.1317289423685877,
      "precision": 0.7957153787299158,
      "accuracy": 0.4869245731575535
    },
    "brier": 0.14606265723705292,
    "ece_15": 0.06945047939570996,
    "progress_mae": 0.27351775765419006,
    "failure_threshold": 0.5625,
    "failure": {
      "false_positive_rate": 0.0460431654676259,
      "true_positive_rate": 0.5383360522022839,
      "precision": 0.8375634517766497,
      "accuracy": 0.8267598602096855
    },
    "b_stop_proposals": 13881,
    "b_false_stop_proposals": 5986,
    "b_true_stop_proposals": 7895,
    "gated_false_stops": 291,
    "gated_true_stops": 2704,
    "residual_option_validation": {
      "labeled_states": 29,
      "strict_states": 4,
      "baseline_option": "RETRY_CURRENT",
      "override_options": [
        "REOBSERVE",
        "BACKTRACK_ONE",
        "ADVANCE",
        "CONSENSUS_PREFIX"
      ],
      "target_retry_states": 25,
      "target_tie_states": 25,
      "target_override_states": 4,
      "raw_false_recovery_rate": 0.12,
      "raw_recovery_rate": 0.25,
      "selective_recovery": {
        "max_false_recovery_rate": 0.05,
        "option_value_margin": 0.21875,
        "false_recovery_rate": 0.04,
        "true_recovery_rate": 0.25,
        "beneficial_recovery_rate": 0.0,
        "accuracy": 0.8620689655172413,
        "mean_decision_regret": 0.4137931168079376
      }
    },
    "failure_calibration_samples": 2003
  },
  "training_log": [
    {
      "step": 1,
      "learning_rate": 9.999975326009293e-07,
      "train_loss": 3.496457099914551,
      "train_completion_loss": 0.7957910299301147,
      "train_progress_loss": 0.10226873308420181,
      "train_failure_loss": 0.6918030381202698,
      "train_option_value_loss": 0.15287654101848602,
      "train_option_rank_loss": 0.41003283858299255,
      "train_option_classification_loss": 1.9441964626312256,
      "train_option_override_loss": 0.7620145678520203,
      "gradient_norm": 8.575992584228516,
      "development": {
        "samples": 19980,
        "completion_threshold": 0.7109375,
        "completion": {
          "false_positive_rate": 0.049281657200133645,
          "true_positive_rate": 0.04572514249525016,
          "precision": 0.5503048780487805,
          "accuracy": 0.4359916432533679
        },
        "progress_gate_threshold": 0.57421875,
        "progress_completion": {
          "false_positive_rate": 0.04727697961911126,
          "true_positive_rate": 0.026472450918302724,
          "precision": 0.4247967479674797,
          "accuracy": 0.4259059145594698
        },
        "maximum_gate_threshold": 0.7109375,
        "maximum_completion": {
          "false_positive_rate": 0.049448713665218844,
          "true_positive_rate": 0.0461051298290057,
          "precision": 0.5515151515151515,
          "accuracy": 0.43613572509185217
        },
        "brier": 0.2838208079338074,
        "ece_15": 0.19637166215731452,
        "progress_mae": 0.41021719574928284,
        "failure_threshold": null,
        "failure": null,
        "b_stop_proposals": 13881,
        "b_false_stop_proposals": 5986,
        "b_true_stop_proposals": 7895,
        "gated_false_stops": 295,
        "gated_true_stops": 361
      },
      "residual_option_validation": {
        "labeled_states": 29,
        "strict_states": 4,
        "baseline_option": "RETRY_CURRENT",
        "override_options": [
          "REOBSERVE",
          "BACKTRACK_ONE",
          "ADVANCE",
          "CONSENSUS_PREFIX"
        ],
        "target_retry_states": 25,
        "target_tie_states": 25,
        "target_override_states": 4,
        "raw_false_recovery_rate": 1.0,
        "raw_recovery_rate": 1.0,
        "selective_recovery": {
          "max_false_recovery_rate": 0.05,
          "option_value_margin": 1.0146485567092896,
          "false_recovery_rate": 0.0,
          "true_recovery_rate": 0.0,
          "beneficial_recovery_rate": 0.0,
          "accuracy": 0.8620689655172413,
          "mean_decision_regret": 0.4137931168079376
        }
      },
      "elapsed_seconds": 0.6728135430021212
    },
    {
      "step": 250,
      "learning_rate": 8.535533905932738e-05,
      "train_loss": 1.0024631023406982,
      "train_completion_loss": 0.36329084634780884,
      "train_progress_loss": 0.05570615828037262,
      "train_failure_loss": 0.5139660239219666,
      "train_option_value_loss": 0.3101615309715271,
      "train_option_rank_loss": 0.04857993870973587,
      "train_option_classification_loss": 0.2143179029226303,
      "train_option_override_loss": 0.2760160565376282,
      "gradient_norm": 2.0752129554748535,
      "development": {
        "samples": 19980,
        "completion_threshold": 0.76953125,
        "completion": {
          "false_positive_rate": 0.04861343133979285,
          "true_positive_rate": 0.34249525015832805,
          "precision": 0.9028380634390651,
          "accuracy": 0.6050716807146459
        },
        "progress_gate_threshold": 0.8203125,
        "progress_completion": {
          "false_positive_rate": 0.04543935850317407,
          "true_positive_rate": 0.07004433185560481,
          "precision": 0.6703030303030303,
          "accuracy": 0.45148044089042577
        },
        "maximum_gate_threshold": 0.82421875,
        "maximum_completion": {
          "false_positive_rate": 0.04460407617774808,
          "true_positive_rate": 0.1317289423685877,
          "precision": 0.7957153787299158,
          "accuracy": 0.4869245731575535
        },
        "brier": 0.14606265723705292,
        "ece_15": 0.06945047939570996,
        "progress_mae": 0.27351775765419006,
        "failure_threshold": null,
        "failure": null,
        "b_stop_proposals": 13881,
        "b_false_stop_proposals": 5986,
        "b_true_stop_proposals": 7895,
        "gated_false_stops": 291,
        "gated_true_stops": 2704
      },
      "residual_option_validation": {
        "labeled_states": 29,
        "strict_states": 4,
        "baseline_option": "RETRY_CURRENT",
        "override_options": [
          "REOBSERVE",
          "BACKTRACK_ONE",
          "ADVANCE",
          "CONSENSUS_PREFIX"
        ],
        "target_retry_states": 25,
        "target_tie_states": 25,
        "target_override_states": 4,
        "raw_false_recovery_rate": 0.12,
        "raw_recovery_rate": 0.25,
        "selective_recovery": {
          "max_false_recovery_rate": 0.05,
          "option_value_margin": 0.21875,
          "false_recovery_rate": 0.04,
          "true_recovery_rate": 0.25,
          "beneficial_recovery_rate": 0.0,
          "accuracy": 0.8620689655172413,
          "mean_decision_regret": 0.4137931168079376
        }
      },
      "elapsed_seconds": 3.4172114249959122
    },
    {
      "step": 500,
      "learning_rate": 5e-05,
      "train_loss": 0.7121990323066711,
      "train_completion_loss": 0.26044660806655884,
      "train_progress_loss": 0.043882325291633606,
      "train_failure_loss": 0.35518157482147217,
      "train_option_value_loss": 0.38705527782440186,
      "train_option_rank_loss": 0.05014139413833618,
      "train_option_classification_loss": 0.1185302734375,
      "train_option_override_loss": 0.24203278124332428,
      "gradient_norm": 2.4519224166870117,
      "development": {
        "samples": 19980,
        "completion_threshold": 0.87890625,
        "completion": {
          "false_positive_rate": 0.04727697961911126,
          "true_positive_rate": 0.48853704876504117,
          "precision": 0.9316425120772946,
          "accuracy": 0.6887111879547583
        },
        "progress_gate_threshold": 0.875,
        "progress_completion": {
          "false_positive_rate": 0.046608753758770466,
          "true_positive_rate": 0.13324889170360987,
          "precision": 0.7903831705484599,
          "accuracy": 0.4869245731575535
        },
        "maximum_gate_threshold": 0.890625,
        "maximum_completion": {
          "false_positive_rate": 0.04961577013030404,
          "true_positive_rate": 0.4253324889170361,
          "precision": 0.9187414500683995,
          "accuracy": 0.6517541963835458
        },
        "brier": 0.10849662870168686,
        "ece_15": 0.04982270333949509,
        "progress_mae": 0.22876472771167755,
        "failure_threshold": null,
        "failure": null,
        "b_stop_proposals": 13881,
        "b_false_stop_proposals": 5986,
        "b_true_stop_proposals": 7895,
        "gated_false_stops": 283,
        "gated_true_stops": 3857
      },
      "residual_option_validation": {
        "labeled_states": 29,
        "strict_states": 4,
        "baseline_option": "RETRY_CURRENT",
        "override_options": [
          "REOBSERVE",
          "BACKTRACK_ONE",
          "ADVANCE",
          "CONSENSUS_PREFIX"
        ],
        "target_retry_states": 25,
        "target_tie_states": 25,
        "target_override_states": 4,
        "raw_false_recovery_rate": 0.04,
        "raw_recovery_rate": 0.0,
        "selective_recovery": {
          "max_false_recovery_rate": 0.05,
          "option_value_margin": 0.0664062574505806,
          "false_recovery_rate": 0.0,
          "true_recovery_rate": 0.0,
          "beneficial_recovery_rate": 0.0,
          "accuracy": 0.8620689655172413,
          "mean_decision_regret": 0.4137931168079376
        }
      },
      "elapsed_seconds": 6.029052742000204
    },
    {
      "step": 750,
      "learning_rate": 1.4644660940672627e-05,
      "train_loss": 0.6240419149398804,
      "train_completion_loss": 0.26987266540527344,
      "train_progress_loss": 0.03324958309531212,
      "train_failure_loss": 0.2667228877544403,
      "train_option_value_loss": 0.4241887927055359,
      "train_option_rank_loss": 0.02061767503619194,
      "train_option_classification_loss": 0.08890474587678909,
      "train_option_override_loss": 0.20432057976722717,
      "gradient_norm": 1.9541510343551636,
      "development": {
        "samples": 19980,
        "completion_threshold": 0.90234375,
        "completion": {
          "false_positive_rate": 0.04744403608419646,
          "true_positive_rate": 0.5253958201393287,
          "precision": 0.9359205776173285,
          "accuracy": 0.7096030545349759
        },
        "progress_gate_threshold": 0.89453125,
        "progress_completion": {
          "false_positive_rate": 0.03842298696959572,
          "true_positive_rate": 0.11513616212792907,
          "precision": 0.7980684811237928,
          "accuracy": 0.48015272674879333
        },
        "maximum_gate_threshold": 0.91015625,
        "maximum_completion": {
          "false_positive_rate": 0.04543935850317407,
          "true_positive_rate": 0.45535148828372385,
          "precision": 0.9296612361003361,
          "accuracy": 0.6706289172249837
        },
        "brier": 0.10674214363098145,
        "ece_15": 0.0417158811031519,
        "progress_mae": 0.217551127076149,
        "failure_threshold": null,
        "failure": null,
        "b_stop_proposals": 13881,
        "b_false_stop_proposals": 5986,
        "b_true_stop_proposals": 7895,
        "gated_false_stops": 284,
        "gated_true_stops": 4148
      },
      "residual_option_validation": {
        "labeled_states": 29,
        "strict_states": 4,
        "baseline_option": "RETRY_CURRENT",
        "override_options": [
          "REOBSERVE",
          "BACKTRACK_ONE",
          "ADVANCE",
          "CONSENSUS_PREFIX"
        ],
        "target_retry_states": 25,
        "target_tie_states": 25,
        "target_override_states": 4,
        "raw_false_recovery_rate": 0.04,
        "raw_recovery_rate": 0.0,
        "selective_recovery": {
          "max_false_recovery_rate": 0.05,
          "option_value_margin": 0.1250000149011612,
          "false_recovery_rate": 0.0,
          "true_recovery_rate": 0.0,
          "beneficial_recovery_rate": 0.0,
          "accuracy": 0.8620689655172413,
          "mean_decision_regret": 0.4137931168079376
        }
      },
      "elapsed_seconds": 8.724358766994555
    },
    {
      "step": 1000,
      "learning_rate": 0.0,
      "train_loss": 0.6799790263175964,
      "train_completion_loss": 0.23702402412891388,
      "train_progress_loss": 0.04372150078415871,
      "train_failure_loss": 0.3813566565513611,
      "train_option_value_loss": 0.4235262870788574,
      "train_option_rank_loss": 0.034585509449243546,
      "train_option_classification_loss": 0.1031319722533226,
      "train_option_override_loss": 0.2176968902349472,
      "gradient_norm": 2.7339375019073486,
      "development": {
        "samples": 19980,
        "completion_threshold": 0.90234375,
        "completion": {
          "false_positive_rate": 0.04610758436351487,
          "true_positive_rate": 0.5278024065864472,
          "precision": 0.937879810938555,
          "accuracy": 0.7115481593545133
        },
        "progress_gate_threshold": 0.89453125,
        "progress_completion": {
          "false_positive_rate": 0.04259939859672569,
          "true_positive_rate": 0.14426852438252058,
          "precision": 0.8170731707317073,
          "accuracy": 0.49492111519342985
        },
        "maximum_gate_threshold": 0.91015625,
        "maximum_completion": {
          "false_positive_rate": 0.04811226194453725,
          "true_positive_rate": 0.47257758074730843,
          "precision": 0.9283403831798955,
          "accuracy": 0.6792738275340393
        },
        "brier": 0.10508868098258972,
        "ece_15": 0.041354040187914984,
        "progress_mae": 0.21674318611621857,
        "failure_threshold": null,
        "failure": null,
        "b_stop_proposals": 13881,
        "b_false_stop_proposals": 5986,
        "b_true_stop_proposals": 7895,
        "gated_false_stops": 276,
        "gated_true_stops": 4167
      },
      "residual_option_validation": {
        "labeled_states": 29,
        "strict_states": 4,
        "baseline_option": "RETRY_CURRENT",
        "override_options": [
          "REOBSERVE",
          "BACKTRACK_ONE",
          "ADVANCE",
          "CONSENSUS_PREFIX"
        ],
        "target_retry_states": 25,
        "target_tie_states": 25,
        "target_override_states": 4,
        "raw_false_recovery_rate": 0.04,
        "raw_recovery_rate": 0.0,
        "selective_recovery": {
          "max_false_recovery_rate": 0.05,
          "option_value_margin": 0.1054687574505806,
          "false_recovery_rate": 0.0,
          "true_recovery_rate": 0.0,
          "beneficial_recovery_rate": 0.0,
          "accuracy": 0.8620689655172413,
          "mean_decision_regret": 0.4137931168079376
        }
      },
      "elapsed_seconds": 11.094393959996523
    }
  ],
  "elapsed_seconds": 11.12892436698894,
  "weights_sha256": "edf7d38e9333077db95cbc69d8b2b8c5c8e3d9ba88f2d82985b33d97267b3dc9"
}
