{
  "schema_version": 1,
  "experiment_id": "Ours",
  "variant": "GR00T-RC-SparkVLA-counterfactual-temporal-recovery",
  "method": "counterfactual-temporal-recovery",
  "parent_experiment": "B",
  "source": "train-only continuous live rollouts with offline privileged labels",
  "source_kind": "live_rollout",
  "rollout": "/HELIOS/Robotics/UnitreeRobotic/outputs/robocerebra/ctr-residual-rollouts-v1/train-seed11007-B-retry-H16",
  "rollout_run_manifest_sha256": "11051ede1ee393aba3e8d7e0eb5b556a90b556c5d467ea73e36c2e79ab1fa700",
  "rollout_summary_sha256": "3868d9ef168597948e38c3d07b09922563cead675c7e542ed157cdf5497dafd5",
  "rollout_decisions_sha256": "6a038ca5af370f7ea11ef19db95ad263adb0c452a67a2ea3b551950f5f6377d9",
  "rollout_episodes_sha256": "9c23a16f39aa4f2c5269cd479afca6a8398544963dcd0de61a63709ac01d4cdd",
  "selector_weights_sha256": "88a05811257384bbba867169b72103d3bc1e118f5813a9d6c4f4713b274e1f16",
  "a1_checkpoint_weight_shards_sha256": {
    "model-00001-of-00002.safetensors": "d273ca475107b081cb91ecb4f555b6ac46692ba0d8c337935c00a03dc889b973",
    "model-00002-of-00002.safetensors": "244a7ea7e7b2510a31cad92a805f59651301277a9e36508f863012bde49ed4aa"
  },
  "context_width": 2048,
  "action_horizon": 16,
  "action_dim": 7,
  "consumed_rollout_base_seeds": [
    11007
  ],
  "contains_counterfactuals": false,
  "failure_label": "privileged post-injection or unsuccessful-subgoal temporal onset; never a runtime input",
  "failure_onset_steps": 75,
  "limited": false,
  "files": 60,
  "samples": 3760,
  "files_sha256": {
    "episode_000000.npz": "fc22fdf82c7c7b76dca67598d605ec1a42ebfed4b448f9a8d8b007656f49ae93",
    "episode_000001.npz": "55a384f3857d00f90a89a70de685b288d878453a7e129f959f91efc8209def00",
    "episode_000002.npz": "91d754969ace6d40c16e4762391375af03abe4a876a735a22784c4b06051a9a2",
    "episode_000003.npz": "5d6ca15a9b9e70989513bfcd2f9834e021eadb47d602a4134d0ae62336200f2f",
    "episode_000004.npz": "a1e924f593e9f2e106eb07e93ad242b73b30c4724d7ff2b83d4749a0834d411a",
    "episode_000005.npz": "99f74342fee8b801577d95c1a0a8f18181da178f88ecf73a9265231620767992",
    "episode_000006.npz": "5abd2aa1dab8f6cf199887818a49701fb1a37103128411eb3a981f677f0ef26e",
    "episode_000007.npz": "2af495d25286d38f1ecd13536f1e28f2a2eb72d4b873beb150eebca0c3ccd52d",
    "episode_000008.npz": "1ac4877e30b907063e03fff1bcd5150d0b5036ced8805923fae756fe8481b71c",
    "episode_000009.npz": "8a5286de3e44b5288faeb2f4ab64604a10acb698f83a91ce3eadd694e298d529",
    "episode_000010.npz": "85c14fcc023aed1402a06446e4a9b44ade7cca035b85e61babe47bf717d6ede3",
    "episode_000011.npz": "73eceecbf1cecdaead32b235d90f4086d0c7c2a99c7d487f7f6ed07cb2dbea90",
    "episode_000012.npz": "14ffdf4ab202179e90d20a761d605f9dabcc03e3754a9c76cc3c2a5599c32879",
    "episode_000013.npz": "664f0bab343b9087d5d6e94305d72ce994417f9a849c303f205a65f017ec6053",
    "episode_000014.npz": "1f45b670cc745300d26203a5a8c359bdaca435a43218001b897100d40ec2056d",
    "episode_000015.npz": "ce3b5619094eef4ed254e10acb6d965a9662f07f1a792de7f66a85681f733be5",
    "episode_000016.npz": "d6e3102bf5750299d3edca0794456bc97de3ef517a1caab969f0bad09fdfe88a",
    "episode_000017.npz": "b1fb1069b64795caea185042dd1b7770dddc1383f03ec5fc014d593a70d149dc",
    "episode_000018.npz": "1476c5c1680da49d6e5ccc908b62968fb67fed2e184b598dedc47df14b16410f",
    "episode_000019.npz": "470bfeb18bf81f588dc1ced36a57da76a82f9fa93008298e5092d16e0002c7a1",
    "episode_000020.npz": "c4e6856db7e583dba3f86eeaa516285dc9aa2bac7757f92a350251a8f7f9631d",
    "episode_000021.npz": "9f6f773f938d9149a3b9ab40c809d134595469b49391813d794384bc947de002",
    "episode_000022.npz": "a1f6fa785e534f142e650cb7fac449be318ce55bd8be7d87264fa35a4ff70bc6",
    "episode_000023.npz": "d32a9a7d08c08f3128e3471e428b9eeed2e5c5ce7aa45d782a73a71beb5db048",
    "episode_000024.npz": "b9701310ba9a2356073ab6364aac1f34d1ec5ccd9d5dd888b4e0d40f003e0847",
    "episode_000025.npz": "677a16e27ab5943f6594d3f8ef3d11e8b1aea176ea0d7fae3905151390e486e1",
    "episode_000026.npz": "26c89616ce6f734eb7cccaab02312a424f599caa9a6e6f5708dcfe76d2cbe186",
    "episode_000027.npz": "5ef05859c91851933e5dc0844a7ecb1b07f9612cb0627701fa191749dbb5fe53",
    "episode_000028.npz": "b1df37ee8500b1665f4a0555bc40b96f9b6d1fe0ebe6990bfd0134eed1255c44",
    "episode_000029.npz": "1499f4e1b6351daf507b1c6606048b027d7e81ee4c9d78314e5ce7b21fbd4fa6",
    "episode_000030.npz": "c163d7de6a317c1731a389b5b7f460202676ab28ca199f89b4eb0186896a8269",
    "episode_000031.npz": "5e18c3000ebbefea952450d79e817d0b68b4d5dbebf7c442202fd77f19fcdcf8",
    "episode_000032.npz": "2f8a79d1234c8f7264562425219fbb60e721c9c196384c2daf1a2752218684cb",
    "episode_000033.npz": "baa2df9d0573ccbe8bb3f13bc48a47e8507e566fe23f536534f42e199a8696ad",
    "episode_000034.npz": "91d156f0b67e230b6fa78a289cc231786b29809f1e38f8136da420adaebc0e2b",
    "episode_000035.npz": "76f10636be182daa9ca7bfddb78291db458ce451ba951b434a7db110fb8d0119",
    "episode_000036.npz": "059b59922fa40f4f4a4e4f9408c5c0fa8cbbac6e9b895a4987a7d928cb863bfe",
    "episode_000037.npz": "d23e00b13e5e49b9a1b04b6bc0fae00d0e0ee34d7a619e1690391dada0a90b1a",
    "episode_000038.npz": "80ee4abcb173e3c95de0781f613ce558b6f0841c7d3f725ca075f5027f1c2f25",
    "episode_000039.npz": "4e8066a55d26834eeb84c1e362763df08c0edfdb7d2a1f29bac1e1c22c675c5b",
    "episode_000040.npz": "721c2ca80834836b95a718522fa808fb35a0a3fdc6afb7819dfa5e650c971baa",
    "episode_000041.npz": "98839f5796beb7612a705e916aa7d55c13b0cda0c548ec87efdc9567e7d6d4f4",
    "episode_000042.npz": "5bd7fbb52b55eb9b525031b5432fc81777081fe31a2cc516d1d6c2bb174fd3a4",
    "episode_000043.npz": "cd5ffc64545bfec182902e8f71d84d921bb5be93eb668544a3a014e3fe985a6c",
    "episode_000044.npz": "2da1bfd0db480d1571314ff347cdb0337c5ea8c368e8d5862a9c5fe793dc65f0",
    "episode_000045.npz": "968276358c7bf71cb7ceea22bb6fc1821307075be8826b2e0fe7d58f5cb92d77",
    "episode_000046.npz": "8292a7a09dd1203b8d544e049568b8a495acb9e4460eec63a0b6046503e0379a",
    "episode_000047.npz": "b5118874d5a637985d4a73d0dde48e0d15eb7c9a996ca726e8ab8dd407c7c347",
    "episode_000048.npz": "021159503953a3a4cf095131fa7498a70b3c717e617ecde9cff28e8ff0a2f5b3",
    "episode_000049.npz": "eba9bcd11f643f0ddac8a6c652b27ae2cbc6016475d6e71684c9fe0e2aea7a78",
    "episode_000050.npz": "bffdb2b1778866af04b87ec9d2ff71e352290d93ec5d2f4de76a6ea803706cd0",
    "episode_000051.npz": "15acf8b1a96835a9280ae2a8cb7ed361eebea69b5175827c72825486ff67297e",
    "episode_000052.npz": "c218cccc8b7124a4735551fca8804322a115070a5155132db7c2141ec2e4306c",
    "episode_000053.npz": "f082af5f426ac8477206098203db04c8dd859ba5bc873f6ff35ab89d43b48480",
    "episode_000054.npz": "241ba80c3dad5658e116ebf02677c2f587822cd064e25bd5ba23592eb855ea80",
    "episode_000055.npz": "1985437f2ee4272eccba9315acab9b37b8a07f6f29643118d0592001ebbf8a0d",
    "episode_000056.npz": "6f43d02830ab0f0200f7715ed3c02c8dd46972538ad95ac02480f08f122d6940",
    "episode_000057.npz": "d276174f6b7e04fa2c96f0065dd4f9ed58a4774e33333faae1caacdd1737c2b3",
    "episode_000058.npz": "96827f722eb4063a350533685c082160d630d1b79257fc6c77ceac6e53b219f6",
    "episode_000059.npz": "94912f01516b8e9bb7f619c2b6361f73c667d0f17fcbab0043d8408546ee5481"
  },
  "split_episodes": {
    "train": [
      0,
      1,
      2,
      3,
      4,
      5,
      6,
      7,
      8,
      9,
      10,
      11,
      12,
      13,
      14,
      15,
      16,
      17,
      18,
      19,
      20,
      21,
      22,
      23,
      24,
      25,
      26,
      27,
      28,
      29,
      30,
      31,
      32,
      33,
      34,
      35,
      36,
      37,
      38,
      39,
      40,
      41,
      42,
      43,
      44,
      45,
      46,
      47,
      48,
      49,
      50,
      51,
      52,
      53,
      54,
      55,
      56,
      57,
      58,
      59
    ],
    "development": []
  },
  "label_counts": {
    "completion_negative": 3760,
    "completion_positive": 0,
    "failure_positive": 1467
  }
}
