{"step": 1, "learning_rate": 2.9999981494495547e-06, "train_loss": 1.2133320569992065, "train_completion_loss": 0.7645702958106995, "train_progress_loss": 0.1122465655207634, "train_failure_loss": 0.6730303168296814, "gradient_norm": 5.089324951171875, "development": {"samples": 19980, "completion_threshold": 0.515625, "completion": {"false_positive_rate": 0.04911460073504845, "true_positive_rate": 0.02051931602279924, "precision": 0.35526315789473684, "accuracy": 0.42172754124342626}, "progress_gate_threshold": 0.53125, "progress_completion": {"false_positive_rate": 0.04978282659538924, "true_positive_rate": 0.17960734642178594, "precision": 0.8263403263403264, "accuracy": 0.5119227721345725}, "maximum_gate_threshold": 0.5546875, "maximum_completion": {"false_positive_rate": 0.04994988306047444, "true_positive_rate": 0.12919569347688412, "precision": 0.7733131159969674, "accuracy": 0.48317844535696275}, "brier": 0.2708917558193207, "ece_15": 0.17928475088722357, "progress_mae": 0.4059772789478302, "b_stop_proposals": 13881, "b_false_stop_proposals": 5986, "b_true_stop_proposals": 7895, "gated_false_stops": 294, "gated_true_stops": 162}, "elapsed_seconds": 1.3167011059995275}
{"step": 250, "learning_rate": 0.000288581929876693, "train_loss": 0.3131564259529114, "train_completion_loss": 0.20717671513557434, "train_progress_loss": 0.013202167116105556, "train_failure_loss": 0.1855550855398178, "gradient_norm": 2.7586159706115723, "development": {"samples": 19980, "completion_threshold": 0.9296875, "completion": {"false_positive_rate": 0.049448713665218844, "true_positive_rate": 0.6791640278657378, "precision": 0.9476846942382467, "accuracy": 0.7961962394640155}, "progress_gate_threshold": 0.96484375, "progress_completion": {"false_positive_rate": 0.039926495155362514, "true_positive_rate": 0.28929702343255226, "precision": 0.9052715021799446, "accuracy": 0.5785606224335422}, "maximum_gate_threshold": 0.96875, "maximum_completion": {"false_positive_rate": 0.04627464082860007, "true_positive_rate": 0.5850538315389487, "precision": 0.9434232026143791, "accuracy": 0.7440386139327138}, "brier": 0.07195961475372314, "ece_15": 0.02944633704959764, "progress_mae": 0.1354072540998459, "b_stop_proposals": 13881, "b_false_stop_proposals": 5986, "b_true_stop_proposals": 7895, "gated_false_stops": 296, "gated_true_stops": 5362}, "elapsed_seconds": 4.277095766999992}
{"step": 500, "learning_rate": 0.00025606601717798207, "train_loss": 0.09648256748914719, "train_completion_loss": 0.07778263092041016, "train_progress_loss": 0.009359058924019337, "train_failure_loss": 0.01868174597620964, "gradient_norm": 1.0961251258850098, "development": {"samples": 19980, "completion_threshold": 0.9140625, "completion": {"false_positive_rate": 0.049448713665218844, "true_positive_rate": 0.806333122229259, "precision": 0.9555688982287601, "accuracy": 0.8685253223831136}, "progress_gate_threshold": 0.98828125, "progress_completion": {"false_positive_rate": 0.02372201804209823, "true_positive_rate": 0.2518049398353388, "precision": 0.9333333333333333, "accuracy": 0.5642244795043585}, "maximum_gate_threshold": 0.98828125, "maximum_completion": {"false_positive_rate": 0.028065486134313398, "true_positive_rate": 0.6445851804939835, "precision": 0.9680426098535286, "accuracy": 0.7857503061739067}, "brier": 0.056561969220638275, "ece_15": 0.028184969894386645, "progress_mae": 0.09480798244476318, "b_stop_proposals": 13881, "b_false_stop_proposals": 5986, "b_true_stop_proposals": 7895, "gated_false_stops": 296, "gated_true_stops": 6366}, "elapsed_seconds": 7.729737889996613}
{"step": 750, "learning_rate": 0.00020740251485476345, "train_loss": 0.09370410442352295, "train_completion_loss": 0.0740484744310379, "train_progress_loss": 0.00580747751519084, "train_failure_loss": 0.027696318924427032, "gradient_norm": 0.7386984825134277, "development": {"samples": 19980, "completion_threshold": 0.94921875, "completion": {"false_positive_rate": 0.04894754426996325, "true_positive_rate": 0.8335655478150729, "precision": 0.9573756182717487, "accuracy": 0.8842302427778979}, "progress_gate_threshold": 0.984375, "progress_completion": {"false_positive_rate": 0.04727697961911126, "true_positive_rate": 0.44053198226725776, "precision": 0.9247540547726668, "accuracy": 0.6614076795619912}, "maximum_gate_threshold": 0.98828125, "maximum_completion": {"false_positive_rate": 0.03458068827263615, "true_positive_rate": 0.7333755541481951, "precision": 0.9654827413706853, "accuracy": 0.8334413947121966}, "brier": 0.05565609410405159, "ece_15": 0.039892986395701144, "progress_mae": 0.08609872311353683, "b_stop_proposals": 13881, "b_false_stop_proposals": 5986, "b_true_stop_proposals": 7895, "gated_false_stops": 293, "gated_true_stops": 6581}, "elapsed_seconds": 10.904190531000495}
{"step": 1000, "learning_rate": 0.00015, "train_loss": 0.09751114994287491, "train_completion_loss": 0.08936712145805359, "train_progress_loss": 0.005289139691740274, "train_failure_loss": 0.005709778517484665, "gradient_norm": 1.1608058214187622, "development": {"samples": 19980, "completion_threshold": 0.890625, "completion": {"false_positive_rate": 0.04911460073504845, "true_positive_rate": 0.8200126662444586, "precision": 0.9565602836879432, "accuracy": 0.8764498234997479}, "progress_gate_threshold": 0.984375, "progress_completion": {"false_positive_rate": 0.03591713999331774, "true_positive_rate": 0.44711842938568713, "precision": 0.9425901201602136, "accuracy": 0.6700525898710468}, "maximum_gate_threshold": 0.984375, "maximum_completion": {"false_positive_rate": 0.0414300033411293, "true_positive_rate": 0.722102596580114, "precision": 0.9583123213985544, "accuracy": 0.8240760752107197}, "brier": 0.05171390250325203, "ece_15": 0.024702999249261032, "progress_mae": 0.08741319179534912, "b_stop_proposals": 13881, "b_false_stop_proposals": 5986, "b_true_stop_proposals": 7895, "gated_false_stops": 294, "gated_true_stops": 6474}, "elapsed_seconds": 14.071851742002764}
{"step": 1250, "learning_rate": 9.259748514523653e-05, "train_loss": 0.14146274328231812, "train_completion_loss": 0.13541442155838013, "train_progress_loss": 0.004474080167710781, "train_failure_loss": 0.0031484952196478844, "gradient_norm": 1.254562258720398, "development": {"samples": 19980, "completion_threshold": 0.97265625, "completion": {"false_positive_rate": 0.04794520547945205, "true_positive_rate": 0.8030398986700443, "precision": 0.956692319299834, "accuracy": 0.8673006267559974}, "progress_gate_threshold": 0.98828125, "progress_completion": {"false_positive_rate": 0.03691947878382893, "true_positive_rate": 0.30550981633945534, "precision": 0.9160653247246487, "accuracy": 0.5890785966428932}, "maximum_gate_threshold": 0.9921875, "maximum_completion": {"false_positive_rate": 0.036418309388573336, "true_positive_rate": 0.7384420519316023, "precision": 0.9639550264550265, "accuracy": 0.8355305813702183}, "brier": 0.053654834628105164, "ece_15": 0.03530185886360872, "progress_mae": 0.07855603843927383, "b_stop_proposals": 13881, "b_false_stop_proposals": 5986, "b_true_stop_proposals": 7895, "gated_false_stops": 287, "gated_true_stops": 6340}, "elapsed_seconds": 17.61210414300149}
{"step": 1500, "learning_rate": 4.3933982822017876e-05, "train_loss": 0.08309054374694824, "train_completion_loss": 0.07083410769701004, "train_progress_loss": 0.0034417721908539534, "train_failure_loss": 0.01762932911515236, "gradient_norm": 1.0939933061599731, "development": {"samples": 19980, "completion_threshold": 0.9453125, "completion": {"false_positive_rate": 0.04978282659538924, "true_positive_rate": 0.8371120962634578, "precision": 0.9568553641233531, "accuracy": 0.8858871839204668}, "progress_gate_threshold": 0.98828125, "progress_completion": {"false_positive_rate": 0.03524891413297695, "true_positive_rate": 0.337555414819506, "precision": 0.9266342141863699, "accuracy": 0.6080253584035732}, "maximum_gate_threshold": 0.9921875, "maximum_completion": {"false_positive_rate": 0.028733711994654194, "true_positive_rate": 0.7269157694743509, "precision": 0.9709017086787346, "accuracy": 0.8322887400043224}, "brier": 0.052250150591135025, "ece_15": 0.03406664327736028, "progress_mae": 0.07831434905529022, "b_stop_proposals": 13881, "b_false_stop_proposals": 5986, "b_true_stop_proposals": 7895, "gated_false_stops": 298, "gated_true_stops": 6609}, "elapsed_seconds": 20.787355954002123}
{"step": 1750, "learning_rate": 1.1418070123306989e-05, "train_loss": 0.13573388755321503, "train_completion_loss": 0.13122932612895966, "train_progress_loss": 0.003616142552345991, "train_failure_loss": 0.0017768556717783213, "gradient_norm": 1.0995596647262573, "development": {"samples": 19980, "completion_threshold": 0.92578125, "completion": {"false_positive_rate": 0.049281657200133645, "true_positive_rate": 0.8382520582647245, "precision": 0.9573267756400984, "accuracy": 0.8867516749513724}, "progress_gate_threshold": 0.98828125, "progress_completion": {"false_positive_rate": 0.03341129301703976, "true_positive_rate": 0.37808739708676375, "precision": 0.9372056514913658, "accuracy": 0.6318709026727181}, "maximum_gate_threshold": 0.98828125, "maximum_completion": {"false_positive_rate": 0.04744403608419646, "true_positive_rate": 0.787333755541482, "precision": 0.9563076923076923, "accuracy": 0.8585836755276998}, "brier": 0.05032861605286598, "ece_15": 0.030484102996023325, "progress_mae": 0.07750948518514633, "b_stop_proposals": 13881, "b_false_stop_proposals": 5986, "b_true_stop_proposals": 7895, "gated_false_stops": 295, "gated_true_stops": 6618}, "elapsed_seconds": 23.863193987999693}
{"step": 2000, "learning_rate": 0.0, "train_loss": 0.1344360113143921, "train_completion_loss": 0.1297052651643753, "train_progress_loss": 0.003821454243734479, "train_failure_loss": 0.0018185949884355068, "gradient_norm": 1.2450708150863647, "development": {"samples": 19980, "completion_threshold": 0.94140625, "completion": {"false_positive_rate": 0.04994988306047444, "true_positive_rate": 0.8355921469284358, "precision": 0.9566415313225058, "accuracy": 0.8849506519703192}, "progress_gate_threshold": 0.98828125, "progress_completion": {"false_positive_rate": 0.03859004343468092, "true_positive_rate": 0.3930335655478151, "precision": 0.9307138572285543, "accuracy": 0.6381384626467834}, "maximum_gate_threshold": 0.9921875, "maximum_completion": {"false_positive_rate": 0.029736050785165388, "true_positive_rate": 0.732615579480684, "precision": 0.9701442468970144, "accuracy": 0.8350983358547656}, "brier": 0.05088012292981148, "ece_15": 0.03192195095587057, "progress_mae": 0.07694019377231598, "b_stop_proposals": 13881, "b_false_stop_proposals": 5986, "b_true_stop_proposals": 7895, "gated_false_stops": 299, "gated_true_stops": 6597}, "elapsed_seconds": 27.488748728996143}
{
  "schema_version": 1,
  "experiment_id": "Ours",
  "variant": "GR00T-RC-SparkVLA-counterfactual-temporal-recovery",
  "method": "counterfactual-temporal-recovery",
  "parent_experiment": "B",
  "stage": "R0-live-adapted-temporal-gate",
  "model": {
    "encoder": "gru",
    "history_length": 16,
    "context_width": 2048,
    "action_horizon": 16,
    "action_dim": 7,
    "selector_candidates": 17,
    "scalar_width": 6,
    "temporal_width": 128,
    "temporal_layers": 1,
    "temporal_heads": 4,
    "feedforward_width": 512,
    "dropout": 0.0,
    "option_count": 6
  },
  "parameter_count": 655163,
  "dataset": "/HELIOS/Robotics/UnitreeRobotic/outputs/robocerebra/ctr-recovery-v1",
  "dataset_manifest_sha256": "7c158bdc007cb5ac25995f119894d7457cd4f7ed9bf7bdc7aa850aed41865a1a",
  "additional_train_dataset": "/HELIOS/Robotics/UnitreeRobotic/outputs/robocerebra/ctr-live-corpus-v1/train-seed10007-full-c1-H16",
  "additional_train_dataset_manifest_sha256": "bbab2d82ac03533f6215fe904600dee27e64309d49367cbaecc68148a095d2fc",
  "live_training_samples": 25369,
  "live_batch_fraction": 0.125,
  "selector_weights_sha256": "88a05811257384bbba867169b72103d3bc1e118f5813a9d6c4f4713b274e1f16",
  "a1_checkpoint_weight_shards_sha256": {
    "model-00001-of-00002.safetensors": "d273ca475107b081cb91ecb4f555b6ac46692ba0d8c337935c00a03dc889b973",
    "model-00002-of-00002.safetensors": "244a7ea7e7b2510a31cad92a805f59651301277a9e36508f863012bde49ed4aa"
  },
  "seed": 10007,
  "steps": 2000,
  "batch_size": 128,
  "learning_rate": 0.0003,
  "weight_decay": 0.01,
  "max_false_positive_rate": 0.05,
  "selection_rule": "max TPR at FPR<=limit, then min Brier/progress MAE, earliest tie",
  "selected_step": 1750,
  "development_metrics": {
    "samples": 19980,
    "completion_threshold": 0.92578125,
    "completion": {
      "false_positive_rate": 0.049281657200133645,
      "true_positive_rate": 0.8382520582647245,
      "precision": 0.9573267756400984,
      "accuracy": 0.8867516749513724
    },
    "progress_gate_threshold": 0.98828125,
    "progress_completion": {
      "false_positive_rate": 0.03341129301703976,
      "true_positive_rate": 0.37808739708676375,
      "precision": 0.9372056514913658,
      "accuracy": 0.6318709026727181
    },
    "maximum_gate_threshold": 0.98828125,
    "maximum_completion": {
      "false_positive_rate": 0.04744403608419646,
      "true_positive_rate": 0.787333755541482,
      "precision": 0.9563076923076923,
      "accuracy": 0.8585836755276998
    },
    "brier": 0.05032861605286598,
    "ece_15": 0.030484102996023325,
    "progress_mae": 0.07750948518514633,
    "b_stop_proposals": 13881,
    "b_false_stop_proposals": 5986,
    "b_true_stop_proposals": 7895,
    "gated_false_stops": 295,
    "gated_true_stops": 6618
  },
  "training_log": [
    {
      "step": 1,
      "learning_rate": 2.9999981494495547e-06,
      "train_loss": 1.2133320569992065,
      "train_completion_loss": 0.7645702958106995,
      "train_progress_loss": 0.1122465655207634,
      "train_failure_loss": 0.6730303168296814,
      "gradient_norm": 5.089324951171875,
      "development": {
        "samples": 19980,
        "completion_threshold": 0.515625,
        "completion": {
          "false_positive_rate": 0.04911460073504845,
          "true_positive_rate": 0.02051931602279924,
          "precision": 0.35526315789473684,
          "accuracy": 0.42172754124342626
        },
        "progress_gate_threshold": 0.53125,
        "progress_completion": {
          "false_positive_rate": 0.04978282659538924,
          "true_positive_rate": 0.17960734642178594,
          "precision": 0.8263403263403264,
          "accuracy": 0.5119227721345725
        },
        "maximum_gate_threshold": 0.5546875,
        "maximum_completion": {
          "false_positive_rate": 0.04994988306047444,
          "true_positive_rate": 0.12919569347688412,
          "precision": 0.7733131159969674,
          "accuracy": 0.48317844535696275
        },
        "brier": 0.2708917558193207,
        "ece_15": 0.17928475088722357,
        "progress_mae": 0.4059772789478302,
        "b_stop_proposals": 13881,
        "b_false_stop_proposals": 5986,
        "b_true_stop_proposals": 7895,
        "gated_false_stops": 294,
        "gated_true_stops": 162
      },
      "elapsed_seconds": 1.3167011059995275
    },
    {
      "step": 250,
      "learning_rate": 0.000288581929876693,
      "train_loss": 0.3131564259529114,
      "train_completion_loss": 0.20717671513557434,
      "train_progress_loss": 0.013202167116105556,
      "train_failure_loss": 0.1855550855398178,
      "gradient_norm": 2.7586159706115723,
      "development": {
        "samples": 19980,
        "completion_threshold": 0.9296875,
        "completion": {
          "false_positive_rate": 0.049448713665218844,
          "true_positive_rate": 0.6791640278657378,
          "precision": 0.9476846942382467,
          "accuracy": 0.7961962394640155
        },
        "progress_gate_threshold": 0.96484375,
        "progress_completion": {
          "false_positive_rate": 0.039926495155362514,
          "true_positive_rate": 0.28929702343255226,
          "precision": 0.9052715021799446,
          "accuracy": 0.5785606224335422
        },
        "maximum_gate_threshold": 0.96875,
        "maximum_completion": {
          "false_positive_rate": 0.04627464082860007,
          "true_positive_rate": 0.5850538315389487,
          "precision": 0.9434232026143791,
          "accuracy": 0.7440386139327138
        },
        "brier": 0.07195961475372314,
        "ece_15": 0.02944633704959764,
        "progress_mae": 0.1354072540998459,
        "b_stop_proposals": 13881,
        "b_false_stop_proposals": 5986,
        "b_true_stop_proposals": 7895,
        "gated_false_stops": 296,
        "gated_true_stops": 5362
      },
      "elapsed_seconds": 4.277095766999992
    },
    {
      "step": 500,
      "learning_rate": 0.00025606601717798207,
      "train_loss": 0.09648256748914719,
      "train_completion_loss": 0.07778263092041016,
      "train_progress_loss": 0.009359058924019337,
      "train_failure_loss": 0.01868174597620964,
      "gradient_norm": 1.0961251258850098,
      "development": {
        "samples": 19980,
        "completion_threshold": 0.9140625,
        "completion": {
          "false_positive_rate": 0.049448713665218844,
          "true_positive_rate": 0.806333122229259,
          "precision": 0.9555688982287601,
          "accuracy": 0.8685253223831136
        },
        "progress_gate_threshold": 0.98828125,
        "progress_completion": {
          "false_positive_rate": 0.02372201804209823,
          "true_positive_rate": 0.2518049398353388,
          "precision": 0.9333333333333333,
          "accuracy": 0.5642244795043585
        },
        "maximum_gate_threshold": 0.98828125,
        "maximum_completion": {
          "false_positive_rate": 0.028065486134313398,
          "true_positive_rate": 0.6445851804939835,
          "precision": 0.9680426098535286,
          "accuracy": 0.7857503061739067
        },
        "brier": 0.056561969220638275,
        "ece_15": 0.028184969894386645,
        "progress_mae": 0.09480798244476318,
        "b_stop_proposals": 13881,
        "b_false_stop_proposals": 5986,
        "b_true_stop_proposals": 7895,
        "gated_false_stops": 296,
        "gated_true_stops": 6366
      },
      "elapsed_seconds": 7.729737889996613
    },
    {
      "step": 750,
      "learning_rate": 0.00020740251485476345,
      "train_loss": 0.09370410442352295,
      "train_completion_loss": 0.0740484744310379,
      "train_progress_loss": 0.00580747751519084,
      "train_failure_loss": 0.027696318924427032,
      "gradient_norm": 0.7386984825134277,
      "development": {
        "samples": 19980,
        "completion_threshold": 0.94921875,
        "completion": {
          "false_positive_rate": 0.04894754426996325,
          "true_positive_rate": 0.8335655478150729,
          "precision": 0.9573756182717487,
          "accuracy": 0.8842302427778979
        },
        "progress_gate_threshold": 0.984375,
        "progress_completion": {
          "false_positive_rate": 0.04727697961911126,
          "true_positive_rate": 0.44053198226725776,
          "precision": 0.9247540547726668,
          "accuracy": 0.6614076795619912
        },
        "maximum_gate_threshold": 0.98828125,
        "maximum_completion": {
          "false_positive_rate": 0.03458068827263615,
          "true_positive_rate": 0.7333755541481951,
          "precision": 0.9654827413706853,
          "accuracy": 0.8334413947121966
        },
        "brier": 0.05565609410405159,
        "ece_15": 0.039892986395701144,
        "progress_mae": 0.08609872311353683,
        "b_stop_proposals": 13881,
        "b_false_stop_proposals": 5986,
        "b_true_stop_proposals": 7895,
        "gated_false_stops": 293,
        "gated_true_stops": 6581
      },
      "elapsed_seconds": 10.904190531000495
    },
    {
      "step": 1000,
      "learning_rate": 0.00015,
      "train_loss": 0.09751114994287491,
      "train_completion_loss": 0.08936712145805359,
      "train_progress_loss": 0.005289139691740274,
      "train_failure_loss": 0.005709778517484665,
      "gradient_norm": 1.1608058214187622,
      "development": {
        "samples": 19980,
        "completion_threshold": 0.890625,
        "completion": {
          "false_positive_rate": 0.04911460073504845,
          "true_positive_rate": 0.8200126662444586,
          "precision": 0.9565602836879432,
          "accuracy": 0.8764498234997479
        },
        "progress_gate_threshold": 0.984375,
        "progress_completion": {
          "false_positive_rate": 0.03591713999331774,
          "true_positive_rate": 0.44711842938568713,
          "precision": 0.9425901201602136,
          "accuracy": 0.6700525898710468
        },
        "maximum_gate_threshold": 0.984375,
        "maximum_completion": {
          "false_positive_rate": 0.0414300033411293,
          "true_positive_rate": 0.722102596580114,
          "precision": 0.9583123213985544,
          "accuracy": 0.8240760752107197
        },
        "brier": 0.05171390250325203,
        "ece_15": 0.024702999249261032,
        "progress_mae": 0.08741319179534912,
        "b_stop_proposals": 13881,
        "b_false_stop_proposals": 5986,
        "b_true_stop_proposals": 7895,
        "gated_false_stops": 294,
        "gated_true_stops": 6474
      },
      "elapsed_seconds": 14.071851742002764
    },
    {
      "step": 1250,
      "learning_rate": 9.259748514523653e-05,
      "train_loss": 0.14146274328231812,
      "train_completion_loss": 0.13541442155838013,
      "train_progress_loss": 0.004474080167710781,
      "train_failure_loss": 0.0031484952196478844,
      "gradient_norm": 1.254562258720398,
      "development": {
        "samples": 19980,
        "completion_threshold": 0.97265625,
        "completion": {
          "false_positive_rate": 0.04794520547945205,
          "true_positive_rate": 0.8030398986700443,
          "precision": 0.956692319299834,
          "accuracy": 0.8673006267559974
        },
        "progress_gate_threshold": 0.98828125,
        "progress_completion": {
          "false_positive_rate": 0.03691947878382893,
          "true_positive_rate": 0.30550981633945534,
          "precision": 0.9160653247246487,
          "accuracy": 0.5890785966428932
        },
        "maximum_gate_threshold": 0.9921875,
        "maximum_completion": {
          "false_positive_rate": 0.036418309388573336,
          "true_positive_rate": 0.7384420519316023,
          "precision": 0.9639550264550265,
          "accuracy": 0.8355305813702183
        },
        "brier": 0.053654834628105164,
        "ece_15": 0.03530185886360872,
        "progress_mae": 0.07855603843927383,
        "b_stop_proposals": 13881,
        "b_false_stop_proposals": 5986,
        "b_true_stop_proposals": 7895,
        "gated_false_stops": 287,
        "gated_true_stops": 6340
      },
      "elapsed_seconds": 17.61210414300149
    },
    {
      "step": 1500,
      "learning_rate": 4.3933982822017876e-05,
      "train_loss": 0.08309054374694824,
      "train_completion_loss": 0.07083410769701004,
      "train_progress_loss": 0.0034417721908539534,
      "train_failure_loss": 0.01762932911515236,
      "gradient_norm": 1.0939933061599731,
      "development": {
        "samples": 19980,
        "completion_threshold": 0.9453125,
        "completion": {
          "false_positive_rate": 0.04978282659538924,
          "true_positive_rate": 0.8371120962634578,
          "precision": 0.9568553641233531,
          "accuracy": 0.8858871839204668
        },
        "progress_gate_threshold": 0.98828125,
        "progress_completion": {
          "false_positive_rate": 0.03524891413297695,
          "true_positive_rate": 0.337555414819506,
          "precision": 0.9266342141863699,
          "accuracy": 0.6080253584035732
        },
        "maximum_gate_threshold": 0.9921875,
        "maximum_completion": {
          "false_positive_rate": 0.028733711994654194,
          "true_positive_rate": 0.7269157694743509,
          "precision": 0.9709017086787346,
          "accuracy": 0.8322887400043224
        },
        "brier": 0.052250150591135025,
        "ece_15": 0.03406664327736028,
        "progress_mae": 0.07831434905529022,
        "b_stop_proposals": 13881,
        "b_false_stop_proposals": 5986,
        "b_true_stop_proposals": 7895,
        "gated_false_stops": 298,
        "gated_true_stops": 6609
      },
      "elapsed_seconds": 20.787355954002123
    },
    {
      "step": 1750,
      "learning_rate": 1.1418070123306989e-05,
      "train_loss": 0.13573388755321503,
      "train_completion_loss": 0.13122932612895966,
      "train_progress_loss": 0.003616142552345991,
      "train_failure_loss": 0.0017768556717783213,
      "gradient_norm": 1.0995596647262573,
      "development": {
        "samples": 19980,
        "completion_threshold": 0.92578125,
        "completion": {
          "false_positive_rate": 0.049281657200133645,
          "true_positive_rate": 0.8382520582647245,
          "precision": 0.9573267756400984,
          "accuracy": 0.8867516749513724
        },
        "progress_gate_threshold": 0.98828125,
        "progress_completion": {
          "false_positive_rate": 0.03341129301703976,
          "true_positive_rate": 0.37808739708676375,
          "precision": 0.9372056514913658,
          "accuracy": 0.6318709026727181
        },
        "maximum_gate_threshold": 0.98828125,
        "maximum_completion": {
          "false_positive_rate": 0.04744403608419646,
          "true_positive_rate": 0.787333755541482,
          "precision": 0.9563076923076923,
          "accuracy": 0.8585836755276998
        },
        "brier": 0.05032861605286598,
        "ece_15": 0.030484102996023325,
        "progress_mae": 0.07750948518514633,
        "b_stop_proposals": 13881,
        "b_false_stop_proposals": 5986,
        "b_true_stop_proposals": 7895,
        "gated_false_stops": 295,
        "gated_true_stops": 6618
      },
      "elapsed_seconds": 23.863193987999693
    },
    {
      "step": 2000,
      "learning_rate": 0.0,
      "train_loss": 0.1344360113143921,
      "train_completion_loss": 0.1297052651643753,
      "train_progress_loss": 0.003821454243734479,
      "train_failure_loss": 0.0018185949884355068,
      "gradient_norm": 1.2450708150863647,
      "development": {
        "samples": 19980,
        "completion_threshold": 0.94140625,
        "completion": {
          "false_positive_rate": 0.04994988306047444,
          "true_positive_rate": 0.8355921469284358,
          "precision": 0.9566415313225058,
          "accuracy": 0.8849506519703192
        },
        "progress_gate_threshold": 0.98828125,
        "progress_completion": {
          "false_positive_rate": 0.03859004343468092,
          "true_positive_rate": 0.3930335655478151,
          "precision": 0.9307138572285543,
          "accuracy": 0.6381384626467834
        },
        "maximum_gate_threshold": 0.9921875,
        "maximum_completion": {
          "false_positive_rate": 0.029736050785165388,
          "true_positive_rate": 0.732615579480684,
          "precision": 0.9701442468970144,
          "accuracy": 0.8350983358547656
        },
        "brier": 0.05088012292981148,
        "ece_15": 0.03192195095587057,
        "progress_mae": 0.07694019377231598,
        "b_stop_proposals": 13881,
        "b_false_stop_proposals": 5986,
        "b_true_stop_proposals": 7895,
        "gated_false_stops": 299,
        "gated_true_stops": 6597
      },
      "elapsed_seconds": 27.488748728996143
    }
  ],
  "elapsed_seconds": 27.493696374003775,
  "weights_sha256": "2ae7bcc70de3bd2945000628b12e8fceec48bcd260dc53ca48eede8fe448bff8"
}
