{
  "schema_version": 1,
  "experiment_id": "Ours",
  "variant": "GR00T-RC-SparkVLA-counterfactual-temporal-recovery",
  "method": "counterfactual-temporal-recovery",
  "parent_experiment": "B",
  "source": "train-only continuous live rollouts with offline privileged labels",
  "source_kind": "live_rollout",
  "rollout": "/HELIOS/Robotics/UnitreeRobotic/outputs/robocerebra/ctr-live-rollouts-v1/train-seed11007-full-c1-H16",
  "rollout_run_manifest_sha256": "0f3e0334327dff71b8d0a5f77dc98cf9891d97d28b30f778528d035e25da2fa0",
  "rollout_summary_sha256": "2f6f16760bd3de7825fab5eb9baf8ead048943ff724c2d2355a8ccb25332ddd7",
  "rollout_decisions_sha256": "993de3ebfc7af3af16cf36a6e40e40ae0a7fe3656074d307e31ebec16ca44e28",
  "rollout_episodes_sha256": "531c0ed65d91cbec41349ec3c1b2b0a885e7ebbd43e99f542e4d20c50e98dc93",
  "selector_weights_sha256": "88a05811257384bbba867169b72103d3bc1e118f5813a9d6c4f4713b274e1f16",
  "a1_checkpoint_weight_shards_sha256": {
    "model-00001-of-00002.safetensors": "d273ca475107b081cb91ecb4f555b6ac46692ba0d8c337935c00a03dc889b973",
    "model-00002-of-00002.safetensors": "244a7ea7e7b2510a31cad92a805f59651301277a9e36508f863012bde49ed4aa"
  },
  "context_width": 2048,
  "action_horizon": 16,
  "action_dim": 7,
  "consumed_rollout_base_seeds": [
    11007
  ],
  "contains_counterfactuals": false,
  "failure_label": "privileged post-injection or unsuccessful-subgoal temporal onset; never a runtime input",
  "failure_onset_steps": 75,
  "limited": false,
  "files": 60,
  "samples": 1968,
  "files_sha256": {
    "episode_000000.npz": "f5d23a9dc750eb41b72b4ee8c7c51aee972048f76f20e5d445f03b0b22823564",
    "episode_000001.npz": "f9aa04e5b346c410b0a1973e487c413beb65d1a4883060a4ee8e8f9d87c0825c",
    "episode_000002.npz": "dcc5e32eb5b92e4124c74fc8d79e2bed7a519494e3d4b606cf100c4fe1a7fad3",
    "episode_000003.npz": "85f49d4286a2a7e1516e0ce03befb9cdc4d4ade001c7713790d0a3b540f37380",
    "episode_000004.npz": "c9523b8b54111cbc33f399f3e20041beaec18e2a3ecc48c4bcf2d36059698653",
    "episode_000005.npz": "fc0d57a0de0e6592ff4d4f606b8e1a0fddc95245b7111bcdcb4ae44f88e10750",
    "episode_000006.npz": "8b70723fcdbf997b2dce56cc69011eaa4a53b72bf3562eb30025db5113930edf",
    "episode_000007.npz": "4b859137ab3c91406e3509440f12d1706a3a22c00fe940df9001955c4eccc8c5",
    "episode_000008.npz": "315d3dc76da78c71f774b441ec2e2dd54f81659d86b08b3132d7831a78bd7e8b",
    "episode_000009.npz": "97456eaf6fe22f0bcfab04fe70a8a7618ac9aa312ae8a8a742531f89be22cb9f",
    "episode_000010.npz": "4e5321c78c8fcf2ffec102b207278d1a86957ba1d64aa372691553fb79bd1088",
    "episode_000011.npz": "6c504deb9554ff3ef2c425cbea97d8015c0ada5f6d23684355dd5493be9ca05b",
    "episode_000012.npz": "01371d858cf9bcb2bd62ce99a36de26e4d36d3a75576f014df40d1a9e297a20b",
    "episode_000013.npz": "7d7b3c5d4b2fb6b6979fdbb4d9a4859f18b1664485418cd56a4db584aa52ac75",
    "episode_000014.npz": "eeade1cdd3149a97a05be430fbffaff0cf2bea853419d324bdb3998cc569bd7a",
    "episode_000015.npz": "6d891ac3f4779a5d753efb88743798ff4c8f16bcd84688c030c3baa576022cc2",
    "episode_000016.npz": "52c69956df3cda4a71972da9da4ffd6fa5c9b0ec914860e3a4ede4ac56b6e8e4",
    "episode_000017.npz": "c676689ea7c8bba52f00e6b68afd123c312bdf2c732d26da15b71b549b9136b7",
    "episode_000018.npz": "7f3e13ee5b71a975102fd59447c7a0c717f1524bc103a074bfe9e3258d948f4d",
    "episode_000019.npz": "7d25106b5b4c0e9fb7bfe023af490ae7dc585a7cd94fb6ec7b6b913956675c30",
    "episode_000020.npz": "492ec6f3fbdf190ba0327e1212bf0e929330a26176100b10fb5902f05510fd48",
    "episode_000021.npz": "0a719c1de69548b6a2767852d3bd5cc9eb50df33bcd01c89f8e31f1055949359",
    "episode_000022.npz": "76349bd010b870cca7d36d814ce34ba628e583556b9d344c8ecf47665157e255",
    "episode_000023.npz": "9b8d8253e01aff74c9219641d7decf9d56b411611a6441b763bf920f0a78bcbe",
    "episode_000024.npz": "16f4f84cd1ae340916f7410365032d96d67823cb823780671480bd9523a3bbdd",
    "episode_000025.npz": "cb6c1e550d4b10fedd2b3b6cf45d3187b8d96c9fd61ce3bb940b72169d3fa162",
    "episode_000026.npz": "b331328a0048f2911001b20c0c00581794e62acf208b001140157c7265f96ff2",
    "episode_000027.npz": "ec719bafedae9eb1586c27f08914531ab56d34779cb9806c6a91f83d878e2b70",
    "episode_000028.npz": "224a90fe8a7644604f84ef9a0dc77a21ef0056479e932b75ad04aeb524e8fb59",
    "episode_000029.npz": "9f9ea69c7094ff46f9ca895b354b30f4eb4516d6739df0420dbfaf3bb1f9f81e",
    "episode_000030.npz": "fc031fcfee64a2e05ae9a584ce1e6dd78f1c6ab399c6136698dc99c422e16f25",
    "episode_000031.npz": "d7ccc6acd14f0363512abe1c72c51355b66255ae8206a3ca99286ca4f2d0e7f9",
    "episode_000032.npz": "1858fbfad46984b899de4f9af43b73167cba2d0bf07bf3924e1d86442d8123d1",
    "episode_000033.npz": "ffef3de93afe44abee02592368619c5ec2b30b099c20821f4f38af30bd11b665",
    "episode_000034.npz": "69682a18d9f9e9c2cf13a5be040ea293fb96308c55f29979efdd8427c483d4d5",
    "episode_000035.npz": "cdff026ef6cefb058d6d15c1977fc2e3cafbefd882eb62844a61f2869fd063e1",
    "episode_000036.npz": "ebbc9082e9a0466cadc426c77cb44bbacc48e8f16cecc76e1fcd76a0fa10f6b1",
    "episode_000037.npz": "146b0b4aaf8c19a4d2a7bc4e76e6576650218d79ff44706d9ac9071fc16527dd",
    "episode_000038.npz": "39a00afd4b5d9899c5134916042e46f28c55c1f14cb80b8c230900eaca33f7cc",
    "episode_000039.npz": "99d1fbde9cb0b88897ed5b84ca777f61f57cc4fd35bc070c615832b6d40a4343",
    "episode_000040.npz": "e060708d6fae82903e9d8a87fbb03fd2d81c8af4fd8c914f0cdacef611d84a41",
    "episode_000041.npz": "61ff1348a374919399349df8ddd3b10647de4627f7f25db5b49f8d83cf7e639f",
    "episode_000042.npz": "f6746cad7bcfee8870a6a75b577aaaa6bf98de084dba661cf6301e59d2d78b37",
    "episode_000043.npz": "a9ceafd71ec3103b8fc6bd9f47b5922b076e0453090d4bdb2ddf04912b8b537c",
    "episode_000044.npz": "99337e9c4e0e9526b013888fdfe210ec25c3cdc803d6d030b3e24777333af4e3",
    "episode_000045.npz": "5950d4bfbd45bdb87cc81104ce9be0469a37331b796ad77517047939bde5c947",
    "episode_000046.npz": "2df3c519a2249a7d1ff3867dfe0927713ffe876ac0706d5e3e6a886231c0291d",
    "episode_000047.npz": "f711f678fe27c174035564d721cb44b5beab5228164a4b5c88ca312949ac2752",
    "episode_000048.npz": "78e4bac200c474df8d9635c49d761131d43352d1b89f900d78271efb9d5f49d6",
    "episode_000049.npz": "6506f2053df37fc8371b98328e77f6999debb92fd1b7123a3797b000db159a06",
    "episode_000050.npz": "066fb7c0b0ce4a258a22f57050f3e888e9603e95a2f14ec89171bf0024c377a6",
    "episode_000051.npz": "1f630f1276e668e5fd368d0b82edd2efee499cec099d151474986b30adeeda08",
    "episode_000052.npz": "6e5bbe6350966d5c60b800eed0c1eeacb875f6cc8bf6f4970d51d3389ad48d75",
    "episode_000053.npz": "2d49d4a0f23e2bca79cdb030979f2bc29e484d02e35a276dbba8868aa3f56114",
    "episode_000054.npz": "51a00aa5adf4666668364d7a91a544dc70e324ac696dc9cc590e940d0638f629",
    "episode_000055.npz": "83c9fc7188148276d6d4f39e2698aee1c79c3fe333456282c2aca835c831bd8b",
    "episode_000056.npz": "974e37d98125898e6ea619a6d9969537c4661e3a3c616f627aabae682821610b",
    "episode_000057.npz": "2b9be7ba43aa7890494d4e7c610a308101dcc46c1011023d5afcc1a8b046d8f1",
    "episode_000058.npz": "d7b319ba4edbcac3029d5429d1699dc8593cba1e2d6afc9fe9050de5503b4a5e",
    "episode_000059.npz": "69c37048e96ae22832544e3243384703b78614bf5edfdb6f79e0cf94554d8532"
  },
  "split_episodes": {
    "train": [
      0,
      1,
      2,
      3,
      4,
      5,
      6,
      7,
      8,
      9,
      10,
      11,
      12,
      13,
      14,
      15,
      16,
      17,
      18,
      19,
      20,
      21,
      22,
      23,
      24,
      25,
      26,
      27,
      28,
      29,
      30,
      31,
      32,
      33,
      34,
      35,
      36,
      37,
      38,
      39,
      40,
      41,
      42,
      43,
      44,
      45,
      46,
      47,
      48,
      49,
      50,
      51,
      52,
      53,
      54,
      55,
      56,
      57,
      58,
      59
    ],
    "development": []
  },
  "label_counts": {
    "completion_negative": 1968,
    "completion_positive": 0,
    "failure_positive": 588
  }
}
