{
  "schema_version": 1,
  "corpus": "/HELIOS/Robotics/UnitreeRobotic/outputs/robocerebra/ctr-counterfactual-rollout-v3",
  "corpus_files": 60,
  "corpus_samples": 25369,
  "thresholds": {
    "min_labeled_states": 32,
    "min_winning_options": 2,
    "min_strict_preference_rate": 0.1
  },
  "option_targets": {
    "labeled_states": 322,
    "valid_option_targets": 1552,
    "strict_preferences": 300,
    "strict_preference_rate": 0.9316770186335404,
    "ties": 22,
    "winning_options": {
      "ACCEPT_B": 170,
      "BACKTRACK_ONE": 67,
      "CONSENSUS_PREFIX": 15,
      "REOBSERVE": 25,
      "RETRY_CURRENT": 23
    },
    "distinct_winning_options": 5,
    "mean_best_margin": 0.19714285795987577,
    "per_option": {
      "ACCEPT_B": {
        "count": 322,
        "mean": 0.05687576159834862,
        "standard_deviation": 4.281697750091553,
        "minimum": -16.26799964904785,
        "maximum": 15.90999984741211
      },
      "REOBSERVE": {
        "count": 322,
        "mean": 0.04219254106283188,
        "standard_deviation": 4.313683986663818,
        "minimum": -16.239999771118164,
        "maximum": 15.899999618530273
      },
      "RETRY_CURRENT": {
        "count": 322,
        "mean": 0.09179502725601196,
        "standard_deviation": 4.329156398773193,
        "minimum": -16.260000228881836,
        "maximum": 15.899999618530273
      },
      "BACKTRACK_ONE": {
        "count": 258,
        "mean": -0.031992267817258835,
        "standard_deviation": 4.65667200088501,
        "minimum": -16.260000228881836,
        "maximum": 15.880000114440918
      },
      "ADVANCE": {
        "count": 6,
        "mean": -8.162333488464355,
        "standard_deviation": 0.07312455773353577,
        "minimum": -8.220000267028809,
        "maximum": -8.020000457763672
      },
      "CONSENSUS_PREFIX": {
        "count": 322,
        "mean": -0.01796269789338112,
        "standard_deviation": 4.2748637199401855,
        "minimum": -16.299999237060547,
        "maximum": 15.857999801635742
      }
    }
  },
  "checks": {
    "minimum_labeled_states": true,
    "multiple_winning_options": true,
    "strict_preference_rate": true
  },
  "valid": true
}
{
  "schema_version": 1,
  "corpus": "/HELIOS/Robotics/UnitreeRobotic/outputs/robocerebra/ctr-counterfactual-rollout-v5-exhaustive-seed11007",
  "corpus_files": 60,
  "corpus_samples": 1968,
  "thresholds": {
    "min_labeled_states": 32,
    "min_winning_options": 2,
    "min_strict_preference_rate": 0.1
  },
  "option_targets": {
    "labeled_states": 122,
    "valid_option_targets": 641,
    "strict_preferences": 106,
    "strict_preference_rate": 0.8688524590163934,
    "ties": 16,
    "winning_options": {
      "ACCEPT_B": 54,
      "BACKTRACK_ONE": 11,
      "CONSENSUS_PREFIX": 10,
      "REOBSERVE": 7,
      "RETRY_CURRENT": 24
    },
    "distinct_winning_options": 5,
    "mean_best_margin": 0.16911475123745984,
    "per_option": {
      "ACCEPT_B": {
        "count": 122,
        "mean": 0.26219668984413147,
        "standard_deviation": 1.8585140705108643,
        "minimum": -0.36800000071525574,
        "maximum": 7.989999771118164
      },
      "REOBSERVE": {
        "count": 122,
        "mean": 0.25206559896469116,
        "standard_deviation": 1.8184423446655273,
        "minimum": -0.3880000114440918,
        "maximum": 7.980000019073486
      },
      "RETRY_CURRENT": {
        "count": 122,
        "mean": 0.32075414061546326,
        "standard_deviation": 1.9413930177688599,
        "minimum": -1.2899999618530273,
        "maximum": 7.860000133514404
      },
      "BACKTRACK_ONE": {
        "count": 114,
        "mean": 0.3424210548400879,
        "standard_deviation": 2.0330545902252197,
        "minimum": -0.3880000114440918,
        "maximum": 7.960000038146973
      },
      "ADVANCE": {
        "count": 39,
        "mean": -7.794718265533447,
        "standard_deviation": 1.748619794845581,
        "minimum": -8.369999885559082,
        "maximum": -0.2840000092983246
      },
      "CONSENSUS_PREFIX": {
        "count": 122,
        "mean": 0.2281147688627243,
        "standard_deviation": 1.857079029083252,
        "minimum": -0.38999998569488525,
        "maximum": 7.866000175476074
      }
    }
  },
  "checks": {
    "minimum_labeled_states": true,
    "multiple_winning_options": true,
    "strict_preference_rate": true
  },
  "valid": true
}
{
  "schema_version": 1,
  "corpus": "/HELIOS/Robotics/UnitreeRobotic/outputs/robocerebra/ctr-counterfactual-rollout-v5-exhaustive-seed12007",
  "corpus_files": 60,
  "corpus_samples": 1794,
  "thresholds": {
    "min_labeled_states": 32,
    "min_winning_options": 2,
    "min_strict_preference_rate": 0.1
  },
  "option_targets": {
    "labeled_states": 64,
    "valid_option_targets": 336,
    "strict_preferences": 61,
    "strict_preference_rate": 0.953125,
    "ties": 3,
    "winning_options": {
      "ACCEPT_B": 37,
      "BACKTRACK_ONE": 6,
      "CONSENSUS_PREFIX": 3,
      "REOBSERVE": 11,
      "RETRY_CURRENT": 4
    },
    "distinct_winning_options": 5,
    "mean_best_margin": 0.14946875019813888,
    "per_option": {
      "ACCEPT_B": {
        "count": 64,
        "mean": -0.17756250500679016,
        "standard_deviation": 0.1042260080575943,
        "minimum": -0.3880000114440918,
        "maximum": 0.0
      },
      "REOBSERVE": {
        "count": 64,
        "mean": -0.17521876096725464,
        "standard_deviation": 0.14873827993869781,
        "minimum": -0.38600000739097595,
        "maximum": 0.7599999904632568
      },
      "RETRY_CURRENT": {
        "count": 64,
        "mean": -0.10571874678134918,
        "standard_deviation": 1.0141818523406982,
        "minimum": -1.3660000562667847,
        "maximum": 7.760000228881836
      },
      "BACKTRACK_ONE": {
        "count": 58,
        "mean": -0.2186206728219986,
        "standard_deviation": 0.08503971248865128,
        "minimum": -0.38600000739097595,
        "maximum": -0.05999999865889549
      },
      "ADVANCE": {
        "count": 22,
        "mean": -8.181818008422852,
        "standard_deviation": 0.11173494905233383,
        "minimum": -8.336000442504883,
        "maximum": -8.0
      },
      "CONSENSUS_PREFIX": {
        "count": 64,
        "mean": -0.23028124868869781,
        "standard_deviation": 0.13253153860569,
        "minimum": -0.3880000114440918,
        "maximum": 0.628000020980835
      }
    }
  },
  "checks": {
    "minimum_labeled_states": true,
    "multiple_winning_options": true,
    "strict_preference_rate": true
  },
  "valid": true
}
