{
  "schema_version": 1,
  "experiment_id": "Ours",
  "variant": "GR00T-RC-SparkVLA-counterfactual-temporal-recovery",
  "method": "counterfactual-temporal-recovery",
  "parent_experiment": "B",
  "source": "train-only continuous live rollouts with offline privileged labels",
  "source_kind": "live_rollout",
  "rollout": "/HELIOS/Robotics/UnitreeRobotic/outputs/robocerebra/ctr-live-rollouts-v1/train-seed12007-full-c1-H16",
  "rollout_run_manifest_sha256": "66cb9aa534e6df42ef98206f3040dd86b34f974c8ad755f9fe41bf128a702562",
  "rollout_summary_sha256": "03d3ac6ec56b9c39c32691da25857b2cdbcfe421b168edad220063d19cb77a96",
  "rollout_decisions_sha256": "1754ea0de68710fbd478903d1a35a6701e7ef8ea546cc2cd1430e65da33dcf9b",
  "rollout_episodes_sha256": "76f2cb7f2271d1ff86dffda9deef8f73ab04dc4e27b4548bd9603b8d71719684",
  "selector_weights_sha256": "88a05811257384bbba867169b72103d3bc1e118f5813a9d6c4f4713b274e1f16",
  "a1_checkpoint_weight_shards_sha256": {
    "model-00001-of-00002.safetensors": "d273ca475107b081cb91ecb4f555b6ac46692ba0d8c337935c00a03dc889b973",
    "model-00002-of-00002.safetensors": "244a7ea7e7b2510a31cad92a805f59651301277a9e36508f863012bde49ed4aa"
  },
  "context_width": 2048,
  "action_horizon": 16,
  "action_dim": 7,
  "consumed_rollout_base_seeds": [
    12007
  ],
  "contains_counterfactuals": false,
  "failure_label": "privileged post-injection or unsuccessful-subgoal temporal onset; never a runtime input",
  "failure_onset_steps": 75,
  "limited": false,
  "files": 60,
  "samples": 1794,
  "files_sha256": {
    "episode_000000.npz": "280bcdae8d20c9d313c854fffec69ffc65c1c5a2ab1cb4a13813058442b998dd",
    "episode_000001.npz": "2e56cf1e1d020f94fddcb13c9f5fa6406f38360ff244d644bf7803a881292a67",
    "episode_000002.npz": "7953a8d22328f67bb95f860e22655b7d376528de5f61d7269b288871d3a2a895",
    "episode_000003.npz": "dda7aa752c682c673b4a56a3b1c6f8451d0d8315cb31a248ea9b6cc5e9bf6cbd",
    "episode_000004.npz": "44c7e7266403a40dc084ccf54ec07504d208920c2ca97119abac336446a4a6b4",
    "episode_000005.npz": "a523fef394cfb52c427362e753cfd8cd47cc981c4a2ec43e3b5e81370f376ca5",
    "episode_000006.npz": "8d25ecc554258cbe71e86d5dee20bc17b45d524d94c4c9c6c21035fe9d2b16c0",
    "episode_000007.npz": "c8a969e6d677c1c50bf11f83d315e439027b3446b4aa24675bfc99f252300bab",
    "episode_000008.npz": "8db77145595560c09945465cf8f231ed7c89ec395d294ef1deffadadc76836ed",
    "episode_000009.npz": "5655833cfa94b0370dc4c0bcd1cb6a1d6e329cc7045f22931f210316c6a2f47c",
    "episode_000010.npz": "926acd32ff794a0908444486570890621d87ed1d420557acd363450ff2f4c969",
    "episode_000011.npz": "2024a3fdb0c85cbac1a867eca94a27a9fc272267eb003b0e6f1f487375cfe1a2",
    "episode_000012.npz": "933588dac54df0833c8b63ed5b5d4e1e4c5cad3eebd320b1b85ca75a88f8ca06",
    "episode_000013.npz": "f218b8a009569985d3ae53fab3380b2920d6a386f09a3bbbb5194c7c1cb4add7",
    "episode_000014.npz": "35fa543b1d39bb513aa61d1c3ffdc18ddb9b46b68039c05bdd94de8eb7997493",
    "episode_000015.npz": "6893fd47b358b8225a6cee775238ca0a4123d46713dcc2128e30d5765b44ac92",
    "episode_000016.npz": "2adea9db2fe9672509f5beb94b62667fca4205ab6c0fa2e42f8c1ed58eca7e73",
    "episode_000017.npz": "78c2fc6ab8abe2806e3d008cb8670ca1a88fb44cc27d2e6f2e8c0bd3fd0eb091",
    "episode_000018.npz": "1e3069550300310d1ce944e3fd96a35a40bbd7aaf62ba2ac304bad1329f28555",
    "episode_000019.npz": "ac8f35866551b0e5cc3d26ec5eebf3c40f9629e73bffaa10c492fa158875f42a",
    "episode_000020.npz": "15524893a8c51c70191f4b1fdd51d7f81a61f6df77a4ea25aee1ec89278a38c7",
    "episode_000021.npz": "6b30be095ef151990ec59babec037d3ccf801e8932efa3da926c5a769bad5c2d",
    "episode_000022.npz": "c7a31a960e1dad91987781fb5b49c0d0aea62c35efb848657933768104fc32fe",
    "episode_000023.npz": "185a326d113f43ce10b58b920c2f8063b0e3ee324720f0b72683b6ba6a1e81b3",
    "episode_000024.npz": "4f643ea36a8d444f5d7a43f7256addf020a1a0873a3349d9f7d4d8b42663be6a",
    "episode_000025.npz": "f1f0837d75c802f7132bebb1efc9b7a35180d182e7adcb782d729e29da915d87",
    "episode_000026.npz": "a756d0639a13d967cef45e5f72dddfa318edaeb4909ba125d7cec21d40327bfe",
    "episode_000027.npz": "8cbb219bcdc0a25a9b6e3a5baece7b50f6013b063222f48585270d24145f34b3",
    "episode_000028.npz": "0abe4694fc1311bf14dc19dca8d0a296e711a8b7c3fb8d0a76fe4ad56bc65404",
    "episode_000029.npz": "91f4c85ffc4caca0618ecf406d2bf1d43224a2c45dd02d4472f47628ef6d94bf",
    "episode_000030.npz": "369a2f376fd78727a2917918c39eddc84a19b22f6f0441eb1e35a983b8dd0380",
    "episode_000031.npz": "3090384845ae0c246591e340ba1b20f1179522b5758d99b67014a0e10ee6e82a",
    "episode_000032.npz": "ef1e530a681d4da36993bd313b1b773a985a5987b02ebaea5abc5cdaf5dc7775",
    "episode_000033.npz": "8521561988645368be2a7dba6663318d0bf84a8ae90a4de906109888bcb5fe91",
    "episode_000034.npz": "1d362196f62e86066913801365d4f3aeae73b600a12ec0a46dceba32d58f7c1f",
    "episode_000035.npz": "24de5c4ac598b0a49d01a50665db9e3eef01ed144b354d64221903ece815bb0a",
    "episode_000036.npz": "56917e3c67f122775404df8ff9b7e940554580e898445557c060e38e7e4301ad",
    "episode_000037.npz": "cafa4f61fda21fbb5d04fb8ac40181c4c6bce2a66bbad940869f8f2819e74d25",
    "episode_000038.npz": "4e0eeee9684df0409d8958d441600677699f362eaad0d11110fa83ee2d5bd43f",
    "episode_000039.npz": "d5ea21a5b6186043e03bcb67795b9a273479f24f996e2bb9dfbc0ac30207905e",
    "episode_000040.npz": "d5202913d939aea426e76d3866e4674fa9039cc0a700c77db023d8a83b5ed448",
    "episode_000041.npz": "2749288a277af34fe8604dd3e55ff41f6fa6e687c8578084d8c0fb9ad7ec1f73",
    "episode_000042.npz": "3b99a871437ebf21b48acc4263dcbefcdf9c0d7d1d673bf9a45360f4ba7dfc63",
    "episode_000043.npz": "1d495ea35e1c740c9c86ad2a980fdbefbad8231215627f5aff7c9b34ca745a3e",
    "episode_000044.npz": "2d5307d57755a01369a05be3d95ed83addd1b3a96ff1fe9f99637abbd35e26a9",
    "episode_000045.npz": "285153f9a25e29ae53bcf836dafe2539628fdfce2003d14f6a3d7d76c45dfe25",
    "episode_000046.npz": "2e032000b6a698525459e55f9608d5be381af749ed09a8b873cd7c45e98380a1",
    "episode_000047.npz": "ebbb6dd0f0e197fdd48cb5589fc2676ad2c535a866c8f0f732703546b3c2bc9a",
    "episode_000048.npz": "a4dad3efa14494c528cb3d27725bcd03481f385a8a42f6ff58638b2b7ae27242",
    "episode_000049.npz": "d7731a808dc1bafd944c613aa470bb552ae0c91ca44f6fc4fc718a725d16bea5",
    "episode_000050.npz": "497a4b6bf8817e56bc0694899fc2feb032516777e6198562b8ea4e596eb297b4",
    "episode_000051.npz": "2e1d0603b3134f3a0250a790c591204ab8b6710954d959c386d6d60df33f50a3",
    "episode_000052.npz": "ca61dded7fe336715c20f85c20abb1aecb7a3b0881dd2599c20c1d46b17663ee",
    "episode_000053.npz": "941b7ff85b92a369535fc1c6e8821017e86ba2b929f7a8ca70eaa3d2c624e76f",
    "episode_000054.npz": "e7745f24d3980823ba557dc642b29e0fdf8c3d151b1dc403894ad9f6f2350ec8",
    "episode_000055.npz": "811e39d2b4b037ed7782c893e11a94a2b43421d9ce7de5423f0462346e75f733",
    "episode_000056.npz": "344e4cd7493a01abe853eeaa002c8cf8ded2f207dc9b2c16b6e1cbd3b5b833f0",
    "episode_000057.npz": "888816bfa01844dc7ea3b89f17ed2d9fc075b5fc8158caa7e02f582f07a687fc",
    "episode_000058.npz": "e7f71154d7a8b1152b6dcbe9c5c8c44c2e7d629fa8cfc0db8bad71e06a1b86de",
    "episode_000059.npz": "4dc59a8c611236c206a790f286fcb99ee8d5811187cde5eca01522c227e208e4"
  },
  "split_episodes": {
    "train": [
      0,
      1,
      2,
      3,
      4,
      5,
      6,
      7,
      8,
      9,
      10,
      11,
      12,
      13,
      14,
      15,
      16,
      17,
      18,
      19,
      20,
      21,
      22,
      23,
      24,
      25,
      26,
      27,
      28,
      29,
      30,
      31,
      32,
      33,
      34,
      35,
      36,
      37,
      38,
      39,
      40,
      41,
      42,
      43,
      44,
      45,
      46,
      47,
      48,
      49,
      50,
      51,
      52,
      53,
      54,
      55,
      56,
      57,
      58,
      59
    ],
    "development": []
  },
  "label_counts": {
    "completion_negative": 1794,
    "completion_positive": 0,
    "failure_positive": 429
  }
}
