/HELIOS/Robotics/UnitreeRobotic/.upstream/Isaac-GR00T-N1.7/.venv/lib/python3.10/site-packages/albumentations/__init__.py:13: UserWarning: A new version of Albumentations is available: 2.0.8 (you have 1.4.18). Upgrade using: pip install -U albumentations. To disable automatic update checks, set the environment variable NO_ALBUMENTATIONS_UPDATE to 1.
  check_for_updates()
`torch_dtype` is deprecated! Use `dtype` instead!
/HELIOS/Robotics/UnitreeRobotic/.upstream/Isaac-GR00T-N1.7/gr00t/model/modules/dit.py:255: FutureWarning: Accessing config attribute `compute_dtype` directly via 'AlternateVLDiT' object attribute is deprecated. Please access 'compute_dtype' over 'AlternateVLDiT's config object instead, e.g. 'unet.config.compute_dtype'.
  embedding_dim=self.inner_dim, compute_dtype=self.compute_dtype
/HELIOS/Robotics/UnitreeRobotic/.upstream/Isaac-GR00T-N1.7/gr00t/model/modules/dit.py:286: FutureWarning: Accessing config attribute `output_dim` directly via 'AlternateVLDiT' object attribute is deprecated. Please access 'output_dim' over 'AlternateVLDiT's config object instead, e.g. 'unet.config.output_dim'.
  self.proj_out_2 = nn.Linear(self.inner_dim, self.output_dim)
Total number of DiT parameters:  1091722240
Total number of SelfAttentionTransformer parameters:  201433088
Loading checkpoint shards:   0%|          | 0/2 [00:00<?, ?it/s]Loading checkpoint shards:  50%|█████     | 1/2 [00:00<00:00,  1.94it/s]Loading checkpoint shards: 100%|██████████| 2/2 [00:00<00:00,  3.47it/s]Loading checkpoint shards: 100%|██████████| 2/2 [00:00<00:00,  3.10it/s]
/HELIOS/Robotics/UnitreeRobotic/.upstream/Isaac-GR00T-N1.7/.venv/lib/python3.10/site-packages/torch/nn/modules/transformer.py:382: UserWarning: enable_nested_tensor is True, but self.use_nested_tensor is False because encoder_layer.norm_first was True
  warnings.warn(
{
  "experiment_id": "Ours",
  "checkpoint": "/HELIOS/Robotics/UnitreeRobotic/checkpoints/robocerebra/GR00T-RC",
  "selector_checkpoint": "/HELIOS/Robotics/UnitreeRobotic/checkpoints/robocerebra/GR00T-RC-SparkVLA-selector",
  "selector_weights_sha256": "88a05811257384bbba867169b72103d3bc1e118f5813a9d6c4f4713b274e1f16",
  "recovery_checkpoint": "/HELIOS/Robotics/UnitreeRobotic/checkpoints/robocerebra/GR00T-RC-CTR-search/R0-calibrated/v03-mlp-h16-w128-l1",
  "recovery_weights_sha256": "9f717d77ccca72ca062c7c271fa6dac16c5ac793344d82f493a311b4701543b0",
  "completion_threshold": 0.6953125,
  "host": "0.0.0.0",
  "port": 5550,
  "seed": 12007
}
