{"step": 1, "learning_rate": 9.9999890337769e-07, "train_loss": 3.136436939239502, "train_completion_loss": 0.6685363054275513, "train_progress_loss": 0.09437187016010284, "train_failure_loss": 0.7012766003608704, "train_option_value_loss": 0.16788595914840698, "train_option_rank_loss": 0.32693564891815186, "train_option_classification_loss": 1.8588169813156128, "train_option_override_loss": 0.655508279800415, "gradient_norm": 12.553240776062012, "development": {"samples": 19980, "completion_threshold": 0.65625, "completion": {"false_positive_rate": 0.045940527898429666, "true_positive_rate": 0.042811906269791006, "precision": 0.5513866231647635, "accuracy": 0.4357755204956415}, "progress_gate_threshold": 0.6640625, "progress_completion": {"false_positive_rate": 0.046608753758770466, "true_positive_rate": 0.08017732742241926, "precision": 0.694078947368421, "accuracy": 0.4567394279951012}, "maximum_gate_threshold": 0.6875, "maximum_completion": {"false_positive_rate": 0.04894754426996325, "true_positive_rate": 0.07650411652944902, "precision": 0.673355629877369, "accuracy": 0.45364166846768966}, "brier": 0.233672097325325, "ece_15": 0.05755719448345621, "progress_mae": 0.3679334223270416, "failure_threshold": null, "failure": null, "b_stop_proposals": 13881, "b_false_stop_proposals": 5986, "b_true_stop_proposals": 7895, "gated_false_stops": 275, "gated_true_stops": 338}, "residual_option_validation": {"labeled_states": 29, "strict_states": 4, "baseline_option": "RETRY_CURRENT", "override_options": ["REOBSERVE", "BACKTRACK_ONE", "ADVANCE", "CONSENSUS_PREFIX"], "target_retry_states": 25, "target_tie_states": 25, "target_override_states": 4, "raw_false_recovery_rate": 0.88, "raw_recovery_rate": 1.0, "selective_recovery": {"max_false_recovery_rate": 0.05, "option_value_margin": 1.5859376192092896, "false_recovery_rate": 0.0, "true_recovery_rate": 0.0, "beneficial_recovery_rate": 0.0, "accuracy": 0.8620689655172413, "mean_decision_regret": 0.4137931168079376}}, "elapsed_seconds": 0.7738763810048113}
{"step": 250, "learning_rate": 9.330127018922194e-05, "train_loss": 0.690713107585907, "train_completion_loss": 0.3049701452255249, "train_progress_loss": 0.052241407334804535, "train_failure_loss": 0.3376151919364929, "train_option_value_loss": 0.4318177103996277, "train_option_rank_loss": 0.032325029373168945, "train_option_classification_loss": 0.08424729853868484, "train_option_override_loss": 0.2918360233306885, "gradient_norm": 1.2863667011260986, "development": {"samples": 19980, "completion_threshold": 0.8203125, "completion": {"false_positive_rate": 0.047611092549281656, "true_positive_rate": 0.2525649145028499, "precision": 0.8749451513821852, "accuracy": 0.5543548735681867}, "progress_gate_threshold": 0.8984375, "progress_completion": {"false_positive_rate": 0.046775810223855664, "true_positive_rate": 0.07865737808739709, "precision": 0.6892341842397336, "accuracy": 0.45580289604495355}, "maximum_gate_threshold": 0.8984375, "maximum_completion": {"false_positive_rate": 0.04894754426996325, "true_positive_rate": 0.09335022165927802, "precision": 0.7155339805825243, "accuracy": 0.4632231107268929}, "brier": 0.14488714933395386, "ece_15": 0.022787471503593587, "progress_mae": 0.22627060115337372, "failure_threshold": null, "failure": null, "b_stop_proposals": 13881, "b_false_stop_proposals": 5986, "b_true_stop_proposals": 7895, "gated_false_stops": 285, "gated_true_stops": 1994}, "residual_option_validation": {"labeled_states": 29, "strict_states": 4, "baseline_option": "RETRY_CURRENT", "override_options": ["REOBSERVE", "BACKTRACK_ONE", "ADVANCE", "CONSENSUS_PREFIX"], "target_retry_states": 25, "target_tie_states": 25, "target_override_states": 4, "raw_false_recovery_rate": 0.12, "raw_recovery_rate": 0.25, "selective_recovery": {"max_false_recovery_rate": 0.05, "option_value_margin": 1.3814698457717896, "false_recovery_rate": 0.0, "true_recovery_rate": 0.0, "beneficial_recovery_rate": 0.0, "accuracy": 0.8620689655172413, "mean_decision_regret": 0.4137931168079376}}, "elapsed_seconds": 3.211073586004204}
{"step": 500, "learning_rate": 7.500000000000001e-05, "train_loss": 0.4997677505016327, "train_completion_loss": 0.21711137890815735, "train_progress_loss": 0.03196176886558533, "train_failure_loss": 0.23157274723052979, "train_option_value_loss": 0.44292569160461426, "train_option_rank_loss": 0.033209364861249924, "train_option_classification_loss": 0.0517374686896801, "train_option_override_loss": 0.30575862526893616, "gradient_norm": 1.3845527172088623, "development": {"samples": 19980, "completion_threshold": 0.8828125, "completion": {"false_positive_rate": 0.046608753758770466, "true_positive_rate": 0.28169727675744144, "precision": 0.8885337594886137, "accuracy": 0.5713565305093293}, "progress_gate_threshold": 0.94140625, "progress_completion": {"false_positive_rate": 0.04259939859672569, "true_positive_rate": 0.07701076630778975, "precision": 0.7045191193511008, "accuracy": 0.4566673870758591}, "maximum_gate_threshold": 0.94140625, "maximum_completion": {"false_positive_rate": 0.04443701971266288, "true_positive_rate": 0.09525015832805574, "precision": 0.7387033398821218, "accuracy": 0.46624882933506234}, "brier": 0.13663233816623688, "ece_15": 0.03987222278548463, "progress_mae": 0.19818879663944244, "failure_threshold": null, "failure": null, "b_stop_proposals": 13881, "b_false_stop_proposals": 5986, "b_true_stop_proposals": 7895, "gated_false_stops": 279, "gated_true_stops": 2224}, "residual_option_validation": {"labeled_states": 29, "strict_states": 4, "baseline_option": "RETRY_CURRENT", "override_options": ["REOBSERVE", "BACKTRACK_ONE", "ADVANCE", "CONSENSUS_PREFIX"], "target_retry_states": 25, "target_tie_states": 25, "target_override_states": 4, "raw_false_recovery_rate": 0.08, "raw_recovery_rate": 0.25, "selective_recovery": {"max_false_recovery_rate": 0.05, "option_value_margin": 1.2597657442092896, "false_recovery_rate": 0.0, "true_recovery_rate": 0.0, "beneficial_recovery_rate": 0.0, "accuracy": 0.8620689655172413, "mean_decision_regret": 0.4137931168079376}}, "elapsed_seconds": 5.792331186996307}
{"step": 750, "learning_rate": 5e-05, "train_loss": 0.52115398645401, "train_completion_loss": 0.26736146211624146, "train_progress_loss": 0.028927762061357498, "train_failure_loss": 0.20793458819389343, "train_option_value_loss": 0.4872910976409912, "train_option_rank_loss": 0.0077148438431322575, "train_option_classification_loss": 0.04892202466726303, "train_option_override_loss": 0.21317604184150696, "gradient_norm": 1.3728437423706055, "development": {"samples": 19980, "completion_threshold": 0.90625, "completion": {"false_positive_rate": 0.04744403608419646, "true_positive_rate": 0.3141228625712476, "precision": 0.8972503617945007, "accuracy": 0.5894388012391039}, "progress_gate_threshold": 0.94921875, "progress_completion": {"false_positive_rate": 0.04560641496825927, "true_positive_rate": 0.08271057631412286, "precision": 0.7051835853131749, "accuracy": 0.4586124918953966}, "maximum_gate_threshold": 0.94921875, "maximum_completion": {"false_positive_rate": 0.04861343133979285, "true_positive_rate": 0.1317289423685877, "precision": 0.7813673929376409, "accuracy": 0.4851955910957424}, "brier": 0.13479702174663544, "ece_15": 0.05336152794150947, "progress_mae": 0.19128774106502533, "failure_threshold": null, "failure": null, "b_stop_proposals": 13881, "b_false_stop_proposals": 5986, "b_true_stop_proposals": 7895, "gated_false_stops": 284, "gated_true_stops": 2480}, "residual_option_validation": {"labeled_states": 29, "strict_states": 4, "baseline_option": "RETRY_CURRENT", "override_options": ["REOBSERVE", "BACKTRACK_ONE", "ADVANCE", "CONSENSUS_PREFIX"], "target_retry_states": 25, "target_tie_states": 25, "target_override_states": 4, "raw_false_recovery_rate": 0.16, "raw_recovery_rate": 0.25, "selective_recovery": {"max_false_recovery_rate": 0.05, "option_value_margin": 1.6103516817092896, "false_recovery_rate": 0.0, "true_recovery_rate": 0.0, "beneficial_recovery_rate": 0.0, "accuracy": 0.8620689655172413, "mean_decision_regret": 0.4137931168079376}}, "elapsed_seconds": 8.593202735995874}
{"step": 1000, "learning_rate": 2.500000000000001e-05, "train_loss": 0.5477892160415649, "train_completion_loss": 0.2767323851585388, "train_progress_loss": 0.029950927942991257, "train_failure_loss": 0.26189231872558594, "train_option_value_loss": 0.527351438999176, "train_option_rank_loss": 0.011057381518185139, "train_option_classification_loss": 0.0314156673848629, "train_option_override_loss": 0.23244640231132507, "gradient_norm": 1.6126242876052856, "development": {"samples": 19980, "completion_threshold": 0.90625, "completion": {"false_positive_rate": 0.04961577013030404, "true_positive_rate": 0.33084230525649144, "precision": 0.8979030594706084, "accuracy": 0.5980116706289172}, "progress_gate_threshold": 0.953125, "progress_completion": {"false_positive_rate": 0.047611092549281656, "true_positive_rate": 0.0857504749841672, "precision": 0.7037422037422038, "accuracy": 0.4594769829263021}, "maximum_gate_threshold": 0.95703125, "maximum_completion": {"false_positive_rate": 0.03575008352823254, "true_positive_rate": 0.09449018366054465, "precision": 0.7770833333333333, "accuracy": 0.46956271162020025}, "brier": 0.13390406966209412, "ece_15": 0.0547935355826653, "progress_mae": 0.18740980327129364, "failure_threshold": null, "failure": null, "b_stop_proposals": 13881, "b_false_stop_proposals": 5986, "b_true_stop_proposals": 7895, "gated_false_stops": 297, "gated_true_stops": 2612}, "residual_option_validation": {"labeled_states": 29, "strict_states": 4, "baseline_option": "RETRY_CURRENT", "override_options": ["REOBSERVE", "BACKTRACK_ONE", "ADVANCE", "CONSENSUS_PREFIX"], "target_retry_states": 25, "target_tie_states": 25, "target_override_states": 4, "raw_false_recovery_rate": 0.12, "raw_recovery_rate": 0.25, "selective_recovery": {"max_false_recovery_rate": 0.05, "option_value_margin": 1.6503907442092896, "false_recovery_rate": 0.0, "true_recovery_rate": 0.0, "beneficial_recovery_rate": 0.0, "accuracy": 0.8620689655172413, "mean_decision_regret": 0.4137931168079376}}, "elapsed_seconds": 11.530847069996526}
{"step": 1250, "learning_rate": 6.698729810778065e-06, "train_loss": 0.40927183628082275, "train_completion_loss": 0.19392457604408264, "train_progress_loss": 0.026215605437755585, "train_failure_loss": 0.15180808305740356, "train_option_value_loss": 0.5888663530349731, "train_option_rank_loss": 0.008689293637871742, "train_option_classification_loss": 0.02934919111430645, "train_option_override_loss": 0.22819463908672333, "gradient_norm": 1.32931387424469, "development": {"samples": 19980, "completion_threshold": 0.91015625, "completion": {"false_positive_rate": 0.04610758436351487, "true_positive_rate": 0.3319822672577581, "precision": 0.9047290300310666, "accuracy": 0.6001728982061811}, "progress_gate_threshold": 0.95703125, "progress_completion": {"false_positive_rate": 0.042432342131640495, "true_positive_rate": 0.08043065231158962, "precision": 0.7142857142857143, "accuracy": 0.4586845328146387}, "maximum_gate_threshold": 0.95703125, "maximum_completion": {"false_positive_rate": 0.04543935850317407, "true_positive_rate": 0.12235592146928435, "precision": 0.7802907915993538, "accuracy": 0.4812333405374253}, "brier": 0.1339234560728073, "ece_15": 0.057353928854299324, "progress_mae": 0.18532401323318481, "failure_threshold": null, "failure": null, "b_stop_proposals": 13881, "b_false_stop_proposals": 5986, "b_true_stop_proposals": 7895, "gated_false_stops": 276, "gated_true_stops": 2621}, "residual_option_validation": {"labeled_states": 29, "strict_states": 4, "baseline_option": "RETRY_CURRENT", "override_options": ["REOBSERVE", "BACKTRACK_ONE", "ADVANCE", "CONSENSUS_PREFIX"], "target_retry_states": 25, "target_tie_states": 25, "target_override_states": 4, "raw_false_recovery_rate": 0.16, "raw_recovery_rate": 0.25, "selective_recovery": {"max_false_recovery_rate": 0.05, "option_value_margin": 1.8359376192092896, "false_recovery_rate": 0.0, "true_recovery_rate": 0.0, "beneficial_recovery_rate": 0.0, "accuracy": 0.8620689655172413, "mean_decision_regret": 0.4137931168079376}}, "elapsed_seconds": 14.105012760992395}
{"step": 1500, "learning_rate": 0.0, "train_loss": 0.46123772859573364, "train_completion_loss": 0.21636563539505005, "train_progress_loss": 0.03384578973054886, "train_failure_loss": 0.17637357115745544, "train_option_value_loss": 0.5450388789176941, "train_option_rank_loss": 0.026660015806555748, "train_option_classification_loss": 0.0392804816365242, "train_option_override_loss": 0.22390156984329224, "gradient_norm": 1.414930820465088, "development": {"samples": 19980, "completion_threshold": 0.91015625, "completion": {"false_positive_rate": 0.04627464082860007, "true_positive_rate": 0.3367954401519949, "precision": 0.9056539509536785, "accuracy": 0.6028384122181399}, "progress_gate_threshold": 0.95703125, "progress_completion": {"false_positive_rate": 0.045105245573003674, "true_positive_rate": 0.08562381253958201, "precision": 0.7145877378435518, "accuracy": 0.46048555579569195}, "maximum_gate_threshold": 0.95703125, "maximum_completion": {"false_positive_rate": 0.04794520547945205, "true_positive_rate": 0.12780240658644712, "precision": 0.7785493827160493, "accuracy": 0.48325048627620487}, "brier": 0.13362230360507965, "ece_15": 0.056694565509707924, "progress_mae": 0.18497371673583984, "failure_threshold": null, "failure": null, "b_stop_proposals": 13881, "b_false_stop_proposals": 5986, "b_true_stop_proposals": 7895, "gated_false_stops": 277, "gated_true_stops": 2659}, "residual_option_validation": {"labeled_states": 29, "strict_states": 4, "baseline_option": "RETRY_CURRENT", "override_options": ["REOBSERVE", "BACKTRACK_ONE", "ADVANCE", "CONSENSUS_PREFIX"], "target_retry_states": 25, "target_tie_states": 25, "target_override_states": 4, "raw_false_recovery_rate": 0.16, "raw_recovery_rate": 0.25, "selective_recovery": {"max_false_recovery_rate": 0.05, "option_value_margin": 1.7246094942092896, "false_recovery_rate": 0.0, "true_recovery_rate": 0.0, "beneficial_recovery_rate": 0.0, "accuracy": 0.8620689655172413, "mean_decision_regret": 0.4137931168079376}}, "elapsed_seconds": 16.905675342000904}
{
  "schema_version": 1,
  "experiment_id": "Ours",
  "variant": "GR00T-RC-SparkVLA-counterfactual-temporal-recovery",
  "method": "counterfactual-temporal-recovery",
  "parent_experiment": "B",
  "stage": "R0-counterfactual-option-distillation",
  "model": {
    "encoder": "linear",
    "history_length": 8,
    "context_width": 2048,
    "action_horizon": 16,
    "action_dim": 7,
    "selector_candidates": 17,
    "scalar_width": 6,
    "temporal_width": 64,
    "temporal_layers": 1,
    "temporal_heads": 4,
    "feedforward_width": 128,
    "dropout": 0.25,
    "option_count": 6
  },
  "parameter_count": 282299,
  "dataset": "/HELIOS/Robotics/UnitreeRobotic/outputs/robocerebra/ctr-recovery-v1",
  "dataset_manifest_sha256": "7c158bdc007cb5ac25995f119894d7457cd4f7ed9bf7bdc7aa850aed41865a1a",
  "additional_train_dataset": null,
  "additional_train_dataset_manifest_sha256": null,
  "additional_train_datasets": [
    "/HELIOS/Robotics/UnitreeRobotic/outputs/robocerebra/ctr-counterfactual-rollout-v9-outcome-first-seed10007",
    "/HELIOS/Robotics/UnitreeRobotic/outputs/robocerebra/ctr-counterfactual-rollout-v9-outcome-first-seed11007",
    "/HELIOS/Robotics/UnitreeRobotic/outputs/robocerebra/ctr-counterfactual-rollout-v9-outcome-first-seed12007"
  ],
  "additional_train_dataset_manifests_sha256": [
    "0ff983b6fdca787a1055220ef3c8e1fb152cf9ed8e41e31fc9451f14fb4032ac",
    "3206d44b1e3eb53935cdd0668318271bd0105cba63d5ac92816ddef6013732d3",
    "8a4e374e2872e4f20bc1b2c855961cb85d21f028bf3f78717456318242c96146"
  ],
  "live_training_samples": 8550,
  "counterfactual_training_states": 160,
  "live_batch_fraction": 0.5,
  "option_batch_fraction": 0.25,
  "option_value_weight": 0.1,
  "option_rank_weight": 0.25,
  "option_classification_weight": 1.0,
  "option_override_weight": 0.1,
  "residual_option_advantages": true,
  "option_value_baseline": "RETRY_CURRENT",
  "option_sampling": "balanced-residual-override-and-retry-tie-v1",
  "selector_weights_sha256": "88a05811257384bbba867169b72103d3bc1e118f5813a9d6c4f4713b274e1f16",
  "a1_checkpoint_weight_shards_sha256": {
    "model-00001-of-00002.safetensors": "d273ca475107b081cb91ecb4f555b6ac46692ba0d8c337935c00a03dc889b973",
    "model-00002-of-00002.safetensors": "244a7ea7e7b2510a31cad92a805f59651301277a9e36508f863012bde49ed4aa"
  },
  "seed": 10007,
  "steps": 1500,
  "batch_size": 128,
  "learning_rate": 0.0001,
  "weight_decay": 0.1,
  "max_false_positive_rate": 0.05,
  "checkpoint_selection": "residual",
  "failure_calibration_scope": "held-out episodes from train base seeds",
  "selection_rule": "max beneficial residual recovery at false override<=limit, then recovery recall, min regret, completion TPR, min Brier, earliest tie",
  "selected_step": 1500,
  "development_metrics": {
    "samples": 19980,
    "completion_threshold": 0.91015625,
    "completion": {
      "false_positive_rate": 0.04627464082860007,
      "true_positive_rate": 0.3367954401519949,
      "precision": 0.9056539509536785,
      "accuracy": 0.6028384122181399
    },
    "progress_gate_threshold": 0.95703125,
    "progress_completion": {
      "false_positive_rate": 0.045105245573003674,
      "true_positive_rate": 0.08562381253958201,
      "precision": 0.7145877378435518,
      "accuracy": 0.46048555579569195
    },
    "maximum_gate_threshold": 0.95703125,
    "maximum_completion": {
      "false_positive_rate": 0.04794520547945205,
      "true_positive_rate": 0.12780240658644712,
      "precision": 0.7785493827160493,
      "accuracy": 0.48325048627620487
    },
    "brier": 0.13362230360507965,
    "ece_15": 0.056694565509707924,
    "progress_mae": 0.18497371673583984,
    "failure_threshold": 0.59765625,
    "failure": {
      "false_positive_rate": 0.04820143884892086,
      "true_positive_rate": 0.5823817292006526,
      "precision": 0.8419811320754716,
      "accuracy": 0.8387418871692461
    },
    "b_stop_proposals": 13881,
    "b_false_stop_proposals": 5986,
    "b_true_stop_proposals": 7895,
    "gated_false_stops": 277,
    "gated_true_stops": 2659,
    "residual_option_validation": {
      "labeled_states": 29,
      "strict_states": 4,
      "baseline_option": "RETRY_CURRENT",
      "override_options": [
        "REOBSERVE",
        "BACKTRACK_ONE",
        "ADVANCE",
        "CONSENSUS_PREFIX"
      ],
      "target_retry_states": 25,
      "target_tie_states": 25,
      "target_override_states": 4,
      "raw_false_recovery_rate": 0.16,
      "raw_recovery_rate": 0.25,
      "selective_recovery": {
        "max_false_recovery_rate": 0.05,
        "option_value_margin": 1.7246094942092896,
        "false_recovery_rate": 0.0,
        "true_recovery_rate": 0.0,
        "beneficial_recovery_rate": 0.0,
        "accuracy": 0.8620689655172413,
        "mean_decision_regret": 0.4137931168079376
      }
    },
    "failure_calibration_samples": 2003
  },
  "training_log": [
    {
      "step": 1,
      "learning_rate": 9.9999890337769e-07,
      "train_loss": 3.136436939239502,
      "train_completion_loss": 0.6685363054275513,
      "train_progress_loss": 0.09437187016010284,
      "train_failure_loss": 0.7012766003608704,
      "train_option_value_loss": 0.16788595914840698,
      "train_option_rank_loss": 0.32693564891815186,
      "train_option_classification_loss": 1.8588169813156128,
      "train_option_override_loss": 0.655508279800415,
      "gradient_norm": 12.553240776062012,
      "development": {
        "samples": 19980,
        "completion_threshold": 0.65625,
        "completion": {
          "false_positive_rate": 0.045940527898429666,
          "true_positive_rate": 0.042811906269791006,
          "precision": 0.5513866231647635,
          "accuracy": 0.4357755204956415
        },
        "progress_gate_threshold": 0.6640625,
        "progress_completion": {
          "false_positive_rate": 0.046608753758770466,
          "true_positive_rate": 0.08017732742241926,
          "precision": 0.694078947368421,
          "accuracy": 0.4567394279951012
        },
        "maximum_gate_threshold": 0.6875,
        "maximum_completion": {
          "false_positive_rate": 0.04894754426996325,
          "true_positive_rate": 0.07650411652944902,
          "precision": 0.673355629877369,
          "accuracy": 0.45364166846768966
        },
        "brier": 0.233672097325325,
        "ece_15": 0.05755719448345621,
        "progress_mae": 0.3679334223270416,
        "failure_threshold": null,
        "failure": null,
        "b_stop_proposals": 13881,
        "b_false_stop_proposals": 5986,
        "b_true_stop_proposals": 7895,
        "gated_false_stops": 275,
        "gated_true_stops": 338
      },
      "residual_option_validation": {
        "labeled_states": 29,
        "strict_states": 4,
        "baseline_option": "RETRY_CURRENT",
        "override_options": [
          "REOBSERVE",
          "BACKTRACK_ONE",
          "ADVANCE",
          "CONSENSUS_PREFIX"
        ],
        "target_retry_states": 25,
        "target_tie_states": 25,
        "target_override_states": 4,
        "raw_false_recovery_rate": 0.88,
        "raw_recovery_rate": 1.0,
        "selective_recovery": {
          "max_false_recovery_rate": 0.05,
          "option_value_margin": 1.5859376192092896,
          "false_recovery_rate": 0.0,
          "true_recovery_rate": 0.0,
          "beneficial_recovery_rate": 0.0,
          "accuracy": 0.8620689655172413,
          "mean_decision_regret": 0.4137931168079376
        }
      },
      "elapsed_seconds": 0.7738763810048113
    },
    {
      "step": 250,
      "learning_rate": 9.330127018922194e-05,
      "train_loss": 0.690713107585907,
      "train_completion_loss": 0.3049701452255249,
      "train_progress_loss": 0.052241407334804535,
      "train_failure_loss": 0.3376151919364929,
      "train_option_value_loss": 0.4318177103996277,
      "train_option_rank_loss": 0.032325029373168945,
      "train_option_classification_loss": 0.08424729853868484,
      "train_option_override_loss": 0.2918360233306885,
      "gradient_norm": 1.2863667011260986,
      "development": {
        "samples": 19980,
        "completion_threshold": 0.8203125,
        "completion": {
          "false_positive_rate": 0.047611092549281656,
          "true_positive_rate": 0.2525649145028499,
          "precision": 0.8749451513821852,
          "accuracy": 0.5543548735681867
        },
        "progress_gate_threshold": 0.8984375,
        "progress_completion": {
          "false_positive_rate": 0.046775810223855664,
          "true_positive_rate": 0.07865737808739709,
          "precision": 0.6892341842397336,
          "accuracy": 0.45580289604495355
        },
        "maximum_gate_threshold": 0.8984375,
        "maximum_completion": {
          "false_positive_rate": 0.04894754426996325,
          "true_positive_rate": 0.09335022165927802,
          "precision": 0.7155339805825243,
          "accuracy": 0.4632231107268929
        },
        "brier": 0.14488714933395386,
        "ece_15": 0.022787471503593587,
        "progress_mae": 0.22627060115337372,
        "failure_threshold": null,
        "failure": null,
        "b_stop_proposals": 13881,
        "b_false_stop_proposals": 5986,
        "b_true_stop_proposals": 7895,
        "gated_false_stops": 285,
        "gated_true_stops": 1994
      },
      "residual_option_validation": {
        "labeled_states": 29,
        "strict_states": 4,
        "baseline_option": "RETRY_CURRENT",
        "override_options": [
          "REOBSERVE",
          "BACKTRACK_ONE",
          "ADVANCE",
          "CONSENSUS_PREFIX"
        ],
        "target_retry_states": 25,
        "target_tie_states": 25,
        "target_override_states": 4,
        "raw_false_recovery_rate": 0.12,
        "raw_recovery_rate": 0.25,
        "selective_recovery": {
          "max_false_recovery_rate": 0.05,
          "option_value_margin": 1.3814698457717896,
          "false_recovery_rate": 0.0,
          "true_recovery_rate": 0.0,
          "beneficial_recovery_rate": 0.0,
          "accuracy": 0.8620689655172413,
          "mean_decision_regret": 0.4137931168079376
        }
      },
      "elapsed_seconds": 3.211073586004204
    },
    {
      "step": 500,
      "learning_rate": 7.500000000000001e-05,
      "train_loss": 0.4997677505016327,
      "train_completion_loss": 0.21711137890815735,
      "train_progress_loss": 0.03196176886558533,
      "train_failure_loss": 0.23157274723052979,
      "train_option_value_loss": 0.44292569160461426,
      "train_option_rank_loss": 0.033209364861249924,
      "train_option_classification_loss": 0.0517374686896801,
      "train_option_override_loss": 0.30575862526893616,
      "gradient_norm": 1.3845527172088623,
      "development": {
        "samples": 19980,
        "completion_threshold": 0.8828125,
        "completion": {
          "false_positive_rate": 0.046608753758770466,
          "true_positive_rate": 0.28169727675744144,
          "precision": 0.8885337594886137,
          "accuracy": 0.5713565305093293
        },
        "progress_gate_threshold": 0.94140625,
        "progress_completion": {
          "false_positive_rate": 0.04259939859672569,
          "true_positive_rate": 0.07701076630778975,
          "precision": 0.7045191193511008,
          "accuracy": 0.4566673870758591
        },
        "maximum_gate_threshold": 0.94140625,
        "maximum_completion": {
          "false_positive_rate": 0.04443701971266288,
          "true_positive_rate": 0.09525015832805574,
          "precision": 0.7387033398821218,
          "accuracy": 0.46624882933506234
        },
        "brier": 0.13663233816623688,
        "ece_15": 0.03987222278548463,
        "progress_mae": 0.19818879663944244,
        "failure_threshold": null,
        "failure": null,
        "b_stop_proposals": 13881,
        "b_false_stop_proposals": 5986,
        "b_true_stop_proposals": 7895,
        "gated_false_stops": 279,
        "gated_true_stops": 2224
      },
      "residual_option_validation": {
        "labeled_states": 29,
        "strict_states": 4,
        "baseline_option": "RETRY_CURRENT",
        "override_options": [
          "REOBSERVE",
          "BACKTRACK_ONE",
          "ADVANCE",
          "CONSENSUS_PREFIX"
        ],
        "target_retry_states": 25,
        "target_tie_states": 25,
        "target_override_states": 4,
        "raw_false_recovery_rate": 0.08,
        "raw_recovery_rate": 0.25,
        "selective_recovery": {
          "max_false_recovery_rate": 0.05,
          "option_value_margin": 1.2597657442092896,
          "false_recovery_rate": 0.0,
          "true_recovery_rate": 0.0,
          "beneficial_recovery_rate": 0.0,
          "accuracy": 0.8620689655172413,
          "mean_decision_regret": 0.4137931168079376
        }
      },
      "elapsed_seconds": 5.792331186996307
    },
    {
      "step": 750,
      "learning_rate": 5e-05,
      "train_loss": 0.52115398645401,
      "train_completion_loss": 0.26736146211624146,
      "train_progress_loss": 0.028927762061357498,
      "train_failure_loss": 0.20793458819389343,
      "train_option_value_loss": 0.4872910976409912,
      "train_option_rank_loss": 0.0077148438431322575,
      "train_option_classification_loss": 0.04892202466726303,
      "train_option_override_loss": 0.21317604184150696,
      "gradient_norm": 1.3728437423706055,
      "development": {
        "samples": 19980,
        "completion_threshold": 0.90625,
        "completion": {
          "false_positive_rate": 0.04744403608419646,
          "true_positive_rate": 0.3141228625712476,
          "precision": 0.8972503617945007,
          "accuracy": 0.5894388012391039
        },
        "progress_gate_threshold": 0.94921875,
        "progress_completion": {
          "false_positive_rate": 0.04560641496825927,
          "true_positive_rate": 0.08271057631412286,
          "precision": 0.7051835853131749,
          "accuracy": 0.4586124918953966
        },
        "maximum_gate_threshold": 0.94921875,
        "maximum_completion": {
          "false_positive_rate": 0.04861343133979285,
          "true_positive_rate": 0.1317289423685877,
          "precision": 0.7813673929376409,
          "accuracy": 0.4851955910957424
        },
        "brier": 0.13479702174663544,
        "ece_15": 0.05336152794150947,
        "progress_mae": 0.19128774106502533,
        "failure_threshold": null,
        "failure": null,
        "b_stop_proposals": 13881,
        "b_false_stop_proposals": 5986,
        "b_true_stop_proposals": 7895,
        "gated_false_stops": 284,
        "gated_true_stops": 2480
      },
      "residual_option_validation": {
        "labeled_states": 29,
        "strict_states": 4,
        "baseline_option": "RETRY_CURRENT",
        "override_options": [
          "REOBSERVE",
          "BACKTRACK_ONE",
          "ADVANCE",
          "CONSENSUS_PREFIX"
        ],
        "target_retry_states": 25,
        "target_tie_states": 25,
        "target_override_states": 4,
        "raw_false_recovery_rate": 0.16,
        "raw_recovery_rate": 0.25,
        "selective_recovery": {
          "max_false_recovery_rate": 0.05,
          "option_value_margin": 1.6103516817092896,
          "false_recovery_rate": 0.0,
          "true_recovery_rate": 0.0,
          "beneficial_recovery_rate": 0.0,
          "accuracy": 0.8620689655172413,
          "mean_decision_regret": 0.4137931168079376
        }
      },
      "elapsed_seconds": 8.593202735995874
    },
    {
      "step": 1000,
      "learning_rate": 2.500000000000001e-05,
      "train_loss": 0.5477892160415649,
      "train_completion_loss": 0.2767323851585388,
      "train_progress_loss": 0.029950927942991257,
      "train_failure_loss": 0.26189231872558594,
      "train_option_value_loss": 0.527351438999176,
      "train_option_rank_loss": 0.011057381518185139,
      "train_option_classification_loss": 0.0314156673848629,
      "train_option_override_loss": 0.23244640231132507,
      "gradient_norm": 1.6126242876052856,
      "development": {
        "samples": 19980,
        "completion_threshold": 0.90625,
        "completion": {
          "false_positive_rate": 0.04961577013030404,
          "true_positive_rate": 0.33084230525649144,
          "precision": 0.8979030594706084,
          "accuracy": 0.5980116706289172
        },
        "progress_gate_threshold": 0.953125,
        "progress_completion": {
          "false_positive_rate": 0.047611092549281656,
          "true_positive_rate": 0.0857504749841672,
          "precision": 0.7037422037422038,
          "accuracy": 0.4594769829263021
        },
        "maximum_gate_threshold": 0.95703125,
        "maximum_completion": {
          "false_positive_rate": 0.03575008352823254,
          "true_positive_rate": 0.09449018366054465,
          "precision": 0.7770833333333333,
          "accuracy": 0.46956271162020025
        },
        "brier": 0.13390406966209412,
        "ece_15": 0.0547935355826653,
        "progress_mae": 0.18740980327129364,
        "failure_threshold": null,
        "failure": null,
        "b_stop_proposals": 13881,
        "b_false_stop_proposals": 5986,
        "b_true_stop_proposals": 7895,
        "gated_false_stops": 297,
        "gated_true_stops": 2612
      },
      "residual_option_validation": {
        "labeled_states": 29,
        "strict_states": 4,
        "baseline_option": "RETRY_CURRENT",
        "override_options": [
          "REOBSERVE",
          "BACKTRACK_ONE",
          "ADVANCE",
          "CONSENSUS_PREFIX"
        ],
        "target_retry_states": 25,
        "target_tie_states": 25,
        "target_override_states": 4,
        "raw_false_recovery_rate": 0.12,
        "raw_recovery_rate": 0.25,
        "selective_recovery": {
          "max_false_recovery_rate": 0.05,
          "option_value_margin": 1.6503907442092896,
          "false_recovery_rate": 0.0,
          "true_recovery_rate": 0.0,
          "beneficial_recovery_rate": 0.0,
          "accuracy": 0.8620689655172413,
          "mean_decision_regret": 0.4137931168079376
        }
      },
      "elapsed_seconds": 11.530847069996526
    },
    {
      "step": 1250,
      "learning_rate": 6.698729810778065e-06,
      "train_loss": 0.40927183628082275,
      "train_completion_loss": 0.19392457604408264,
      "train_progress_loss": 0.026215605437755585,
      "train_failure_loss": 0.15180808305740356,
      "train_option_value_loss": 0.5888663530349731,
      "train_option_rank_loss": 0.008689293637871742,
      "train_option_classification_loss": 0.02934919111430645,
      "train_option_override_loss": 0.22819463908672333,
      "gradient_norm": 1.32931387424469,
      "development": {
        "samples": 19980,
        "completion_threshold": 0.91015625,
        "completion": {
          "false_positive_rate": 0.04610758436351487,
          "true_positive_rate": 0.3319822672577581,
          "precision": 0.9047290300310666,
          "accuracy": 0.6001728982061811
        },
        "progress_gate_threshold": 0.95703125,
        "progress_completion": {
          "false_positive_rate": 0.042432342131640495,
          "true_positive_rate": 0.08043065231158962,
          "precision": 0.7142857142857143,
          "accuracy": 0.4586845328146387
        },
        "maximum_gate_threshold": 0.95703125,
        "maximum_completion": {
          "false_positive_rate": 0.04543935850317407,
          "true_positive_rate": 0.12235592146928435,
          "precision": 0.7802907915993538,
          "accuracy": 0.4812333405374253
        },
        "brier": 0.1339234560728073,
        "ece_15": 0.057353928854299324,
        "progress_mae": 0.18532401323318481,
        "failure_threshold": null,
        "failure": null,
        "b_stop_proposals": 13881,
        "b_false_stop_proposals": 5986,
        "b_true_stop_proposals": 7895,
        "gated_false_stops": 276,
        "gated_true_stops": 2621
      },
      "residual_option_validation": {
        "labeled_states": 29,
        "strict_states": 4,
        "baseline_option": "RETRY_CURRENT",
        "override_options": [
          "REOBSERVE",
          "BACKTRACK_ONE",
          "ADVANCE",
          "CONSENSUS_PREFIX"
        ],
        "target_retry_states": 25,
        "target_tie_states": 25,
        "target_override_states": 4,
        "raw_false_recovery_rate": 0.16,
        "raw_recovery_rate": 0.25,
        "selective_recovery": {
          "max_false_recovery_rate": 0.05,
          "option_value_margin": 1.8359376192092896,
          "false_recovery_rate": 0.0,
          "true_recovery_rate": 0.0,
          "beneficial_recovery_rate": 0.0,
          "accuracy": 0.8620689655172413,
          "mean_decision_regret": 0.4137931168079376
        }
      },
      "elapsed_seconds": 14.105012760992395
    },
    {
      "step": 1500,
      "learning_rate": 0.0,
      "train_loss": 0.46123772859573364,
      "train_completion_loss": 0.21636563539505005,
      "train_progress_loss": 0.03384578973054886,
      "train_failure_loss": 0.17637357115745544,
      "train_option_value_loss": 0.5450388789176941,
      "train_option_rank_loss": 0.026660015806555748,
      "train_option_classification_loss": 0.0392804816365242,
      "train_option_override_loss": 0.22390156984329224,
      "gradient_norm": 1.414930820465088,
      "development": {
        "samples": 19980,
        "completion_threshold": 0.91015625,
        "completion": {
          "false_positive_rate": 0.04627464082860007,
          "true_positive_rate": 0.3367954401519949,
          "precision": 0.9056539509536785,
          "accuracy": 0.6028384122181399
        },
        "progress_gate_threshold": 0.95703125,
        "progress_completion": {
          "false_positive_rate": 0.045105245573003674,
          "true_positive_rate": 0.08562381253958201,
          "precision": 0.7145877378435518,
          "accuracy": 0.46048555579569195
        },
        "maximum_gate_threshold": 0.95703125,
        "maximum_completion": {
          "false_positive_rate": 0.04794520547945205,
          "true_positive_rate": 0.12780240658644712,
          "precision": 0.7785493827160493,
          "accuracy": 0.48325048627620487
        },
        "brier": 0.13362230360507965,
        "ece_15": 0.056694565509707924,
        "progress_mae": 0.18497371673583984,
        "failure_threshold": null,
        "failure": null,
        "b_stop_proposals": 13881,
        "b_false_stop_proposals": 5986,
        "b_true_stop_proposals": 7895,
        "gated_false_stops": 277,
        "gated_true_stops": 2659
      },
      "residual_option_validation": {
        "labeled_states": 29,
        "strict_states": 4,
        "baseline_option": "RETRY_CURRENT",
        "override_options": [
          "REOBSERVE",
          "BACKTRACK_ONE",
          "ADVANCE",
          "CONSENSUS_PREFIX"
        ],
        "target_retry_states": 25,
        "target_tie_states": 25,
        "target_override_states": 4,
        "raw_false_recovery_rate": 0.16,
        "raw_recovery_rate": 0.25,
        "selective_recovery": {
          "max_false_recovery_rate": 0.05,
          "option_value_margin": 1.7246094942092896,
          "false_recovery_rate": 0.0,
          "true_recovery_rate": 0.0,
          "beneficial_recovery_rate": 0.0,
          "accuracy": 0.8620689655172413,
          "mean_decision_regret": 0.4137931168079376
        }
      },
      "elapsed_seconds": 16.905675342000904
    }
  ],
  "elapsed_seconds": 16.949668982997537,
  "weights_sha256": "ddbbff1c5a0f837f099f4e9c2b34dba24020e6178347cec42fe44ea880df6db5"
}
