{"step": 1, "learning_rate": 9.999975326009293e-07, "train_loss": 3.6869606971740723, "train_completion_loss": 0.7957910299301147, "train_progress_loss": 0.10226873308420181, "train_failure_loss": 0.6918030381202698, "train_option_value_loss": 0.15287654101848602, "train_option_rank_loss": 0.41003283858299255, "train_option_classification_loss": 1.9441964626312256, "train_option_override_loss": 0.7620145678520203, "gradient_norm": 8.613790512084961, "development": {"samples": 19980, "completion_threshold": 0.7109375, "completion": {"false_positive_rate": 0.04978282659538924, "true_positive_rate": 0.045218492716909434, "precision": 0.5450381679389313, "accuracy": 0.435487356818673}, "progress_gate_threshold": 0.57421875, "progress_completion": {"false_positive_rate": 0.04710992315402606, "true_positive_rate": 0.026472450918302724, "precision": 0.4256619144602851, "accuracy": 0.4259779554787119}, "maximum_gate_threshold": 0.7109375, "maximum_completion": {"false_positive_rate": 0.04994988306047444, "true_positive_rate": 0.045598480050664976, "precision": 0.5462822458270106, "accuracy": 0.43563143865715726}, "brier": 0.28385233879089355, "ece_15": 0.1965992345197781, "progress_mae": 0.4102131426334381, "failure_threshold": null, "failure": null, "b_stop_proposals": 13881, "b_false_stop_proposals": 5986, "b_true_stop_proposals": 7895, "gated_false_stops": 298, "gated_true_stops": 357}, "residual_option_validation": {"labeled_states": 29, "strict_states": 4, "baseline_option": "RETRY_CURRENT", "override_options": ["REOBSERVE", "BACKTRACK_ONE", "ADVANCE", "CONSENSUS_PREFIX"], "target_retry_states": 25, "target_tie_states": 25, "target_override_states": 4, "raw_false_recovery_rate": 1.0, "raw_recovery_rate": 1.0, "selective_recovery": {"max_false_recovery_rate": 0.05, "option_value_margin": 1.0141602754592896, "false_recovery_rate": 0.0, "true_recovery_rate": 0.0, "beneficial_recovery_rate": 0.0, "accuracy": 0.8620689655172413, "mean_decision_regret": 0.4137931168079376}}, "elapsed_seconds": 0.6940102839871543}
{"step": 250, "learning_rate": 8.535533905932738e-05, "train_loss": 1.0754024982452393, "train_completion_loss": 0.3955005407333374, "train_progress_loss": 0.05807091295719147, "train_failure_loss": 0.5420814156532288, "train_option_value_loss": 0.360534131526947, "train_option_rank_loss": 0.05732411891222, "train_option_classification_loss": 0.21544471383094788, "train_option_override_loss": 0.16992226243019104, "gradient_norm": 2.116879940032959, "development": {"samples": 19980, "completion_threshold": 0.75390625, "completion": {"false_positive_rate": 0.04744403608419646, "true_positive_rate": 0.31906269791006964, "precision": 0.8986799857295754, "accuracy": 0.5922483970895469}, "progress_gate_threshold": 0.8125, "progress_completion": {"false_positive_rate": 0.049448713665218844, "true_positive_rate": 0.06751108296390121, "precision": 0.6429433051869723, "accuracy": 0.44831064044377206}, "maximum_gate_threshold": 0.81640625, "maximum_completion": {"false_positive_rate": 0.04710992315402606, "true_positive_rate": 0.11513616212792907, "precision": 0.7632241813602015, "accuracy": 0.4764065989482026}, "brier": 0.15618298947811127, "ece_15": 0.06771638300251197, "progress_mae": 0.2804192900657654, "failure_threshold": null, "failure": null, "b_stop_proposals": 13881, "b_false_stop_proposals": 5986, "b_true_stop_proposals": 7895, "gated_false_stops": 284, "gated_true_stops": 2519}, "residual_option_validation": {"labeled_states": 29, "strict_states": 4, "baseline_option": "RETRY_CURRENT", "override_options": ["REOBSERVE", "BACKTRACK_ONE", "ADVANCE", "CONSENSUS_PREFIX"], "target_retry_states": 25, "target_tie_states": 25, "target_override_states": 4, "raw_false_recovery_rate": 0.04, "raw_recovery_rate": 0.0, "selective_recovery": {"max_false_recovery_rate": 0.05, "option_value_margin": 0.5781250596046448, "false_recovery_rate": 0.0, "true_recovery_rate": 0.0, "beneficial_recovery_rate": 0.0, "accuracy": 0.8620689655172413, "mean_decision_regret": 0.4137931168079376}}, "elapsed_seconds": 3.7205016359948786}
{"step": 500, "learning_rate": 5e-05, "train_loss": 0.7577298283576965, "train_completion_loss": 0.27539288997650146, "train_progress_loss": 0.04438425600528717, "train_failure_loss": 0.3824678659439087, "train_option_value_loss": 0.4667041599750519, "train_option_rank_loss": 0.05531471222639084, "train_option_classification_loss": 0.1214599609375, "train_option_override_loss": 0.12951937317848206, "gradient_norm": 2.6026203632354736, "development": {"samples": 19980, "completion_threshold": 0.875, "completion": {"false_positive_rate": 0.046775810223855664, "true_positive_rate": 0.46523115896136796, "precision": 0.9291677207184417, "accuracy": 0.6756717815719329}, "progress_gate_threshold": 0.8671875, "progress_completion": {"false_positive_rate": 0.047778149014366854, "true_positive_rate": 0.1299556681443952, "precision": 0.7820121951219512, "accuracy": 0.48454722282256324}, "maximum_gate_threshold": 0.8828125, "maximum_completion": {"false_positive_rate": 0.04978282659538924, "true_positive_rate": 0.425965801139962, "precision": 0.9186014750068288, "accuracy": 0.6520423600605144}, "brier": 0.10978598147630692, "ece_15": 0.04738830679037548, "progress_mae": 0.2325827032327652, "failure_threshold": null, "failure": null, "b_stop_proposals": 13881, "b_false_stop_proposals": 5986, "b_true_stop_proposals": 7895, "gated_false_stops": 280, "gated_true_stops": 3673}, "residual_option_validation": {"labeled_states": 29, "strict_states": 4, "baseline_option": "RETRY_CURRENT", "override_options": ["REOBSERVE", "BACKTRACK_ONE", "ADVANCE", "CONSENSUS_PREFIX"], "target_retry_states": 25, "target_tie_states": 25, "target_override_states": 4, "raw_false_recovery_rate": 0.0, "raw_recovery_rate": 0.0, "selective_recovery": {"max_false_recovery_rate": 0.05, "option_value_margin": 0.0, "false_recovery_rate": 0.0, "true_recovery_rate": 0.0, "beneficial_recovery_rate": 0.0, "accuracy": 0.8620689655172413, "mean_decision_regret": 0.4137931168079376}}, "elapsed_seconds": 6.610736615999485}
{"step": 750, "learning_rate": 1.4644660940672627e-05, "train_loss": 0.654553234577179, "train_completion_loss": 0.28100764751434326, "train_progress_loss": 0.03459801897406578, "train_failure_loss": 0.27718594670295715, "train_option_value_loss": 0.500465989112854, "train_option_rank_loss": 0.012382548302412033, "train_option_classification_loss": 0.09036958962678909, "train_option_override_loss": 0.11368546634912491, "gradient_norm": 2.159790277481079, "development": {"samples": 19980, "completion_threshold": 0.8984375, "completion": {"false_positive_rate": 0.047611092549281656, "true_positive_rate": 0.5029765674477518, "precision": 0.9330357142857143, "accuracy": 0.6967797709098769}, "progress_gate_threshold": 0.88671875, "progress_completion": {"false_positive_rate": 0.04560641496825927, "true_positive_rate": 0.138948701709943, "precision": 0.8007299270072993, "accuracy": 0.4905986600389021}, "maximum_gate_threshold": 0.90625, "maximum_completion": {"false_positive_rate": 0.04610758436351487, "true_positive_rate": 0.453324889170361, "precision": 0.9284046692607004, "accuracy": 0.6691880988401412}, "brier": 0.10771448910236359, "ece_15": 0.03977495349936181, "progress_mae": 0.22084347903728485, "failure_threshold": null, "failure": null, "b_stop_proposals": 13881, "b_false_stop_proposals": 5986, "b_true_stop_proposals": 7895, "gated_false_stops": 285, "gated_true_stops": 3971}, "residual_option_validation": {"labeled_states": 29, "strict_states": 4, "baseline_option": "RETRY_CURRENT", "override_options": ["REOBSERVE", "BACKTRACK_ONE", "ADVANCE", "CONSENSUS_PREFIX"], "target_retry_states": 25, "target_tie_states": 25, "target_override_states": 4, "raw_false_recovery_rate": 0.0, "raw_recovery_rate": 0.0, "selective_recovery": {"max_false_recovery_rate": 0.05, "option_value_margin": 0.0, "false_recovery_rate": 0.0, "true_recovery_rate": 0.0, "beneficial_recovery_rate": 0.0, "accuracy": 0.8620689655172413, "mean_decision_regret": 0.4137931168079376}}, "elapsed_seconds": 9.217567002997384}
{"step": 1000, "learning_rate": 0.0, "train_loss": 0.7088333368301392, "train_completion_loss": 0.24862296879291534, "train_progress_loss": 0.043697137385606766, "train_failure_loss": 0.4079132378101349, "train_option_value_loss": 0.5045624375343323, "train_option_rank_loss": 0.03296098858118057, "train_option_classification_loss": 0.0968191996216774, "train_option_override_loss": 0.11408182233572006, "gradient_norm": 2.896017551422119, "development": {"samples": 19980, "completion_threshold": 0.8984375, "completion": {"false_positive_rate": 0.04644169729368527, "true_positive_rate": 0.5046231792273591, "precision": 0.9347724073205068, "accuracy": 0.6982205892947194}, "progress_gate_threshold": 0.88671875, "progress_completion": {"false_positive_rate": 0.04744403608419646, "true_positive_rate": 0.1669411019632679, "precision": 0.8227215980024969, "accuracy": 0.5057272530797493}, "maximum_gate_threshold": 0.90625, "maximum_completion": {"false_positive_rate": 0.04710992315402606, "true_positive_rate": 0.4682710576314123, "precision": 0.9291279215883388, "accuracy": 0.6772566817952597}, "brier": 0.105974942445755, "ece_15": 0.03975825659237108, "progress_mae": 0.22033122181892395, "failure_threshold": null, "failure": null, "b_stop_proposals": 13881, "b_false_stop_proposals": 5986, "b_true_stop_proposals": 7895, "gated_false_stops": 278, "gated_true_stops": 3984}, "residual_option_validation": {"labeled_states": 29, "strict_states": 4, "baseline_option": "RETRY_CURRENT", "override_options": ["REOBSERVE", "BACKTRACK_ONE", "ADVANCE", "CONSENSUS_PREFIX"], "target_retry_states": 25, "target_tie_states": 25, "target_override_states": 4, "raw_false_recovery_rate": 0.0, "raw_recovery_rate": 0.0, "selective_recovery": {"max_false_recovery_rate": 0.05, "option_value_margin": 0.0, "false_recovery_rate": 0.0, "true_recovery_rate": 0.0, "beneficial_recovery_rate": 0.0, "accuracy": 0.8620689655172413, "mean_decision_regret": 0.4137931168079376}}, "elapsed_seconds": 11.594350477986154}
{
  "schema_version": 1,
  "experiment_id": "Ours",
  "variant": "GR00T-RC-SparkVLA-counterfactual-temporal-recovery",
  "method": "counterfactual-temporal-recovery",
  "parent_experiment": "B",
  "stage": "R0-counterfactual-option-distillation",
  "model": {
    "encoder": "mlp",
    "history_length": 4,
    "context_width": 2048,
    "action_horizon": 16,
    "action_dim": 7,
    "selector_candidates": 17,
    "scalar_width": 6,
    "temporal_width": 32,
    "temporal_layers": 1,
    "temporal_heads": 4,
    "feedforward_width": 128,
    "dropout": 0.5,
    "option_count": 6
  },
  "parameter_count": 150843,
  "dataset": "/HELIOS/Robotics/UnitreeRobotic/outputs/robocerebra/ctr-recovery-v1",
  "dataset_manifest_sha256": "7c158bdc007cb5ac25995f119894d7457cd4f7ed9bf7bdc7aa850aed41865a1a",
  "additional_train_dataset": null,
  "additional_train_dataset_manifest_sha256": null,
  "additional_train_datasets": [
    "/HELIOS/Robotics/UnitreeRobotic/outputs/robocerebra/ctr-counterfactual-rollout-v9-outcome-first-seed10007",
    "/HELIOS/Robotics/UnitreeRobotic/outputs/robocerebra/ctr-counterfactual-rollout-v9-outcome-first-seed11007",
    "/HELIOS/Robotics/UnitreeRobotic/outputs/robocerebra/ctr-counterfactual-rollout-v9-outcome-first-seed12007"
  ],
  "additional_train_dataset_manifests_sha256": [
    "0ff983b6fdca787a1055220ef3c8e1fb152cf9ed8e41e31fc9451f14fb4032ac",
    "3206d44b1e3eb53935cdd0668318271bd0105cba63d5ac92816ddef6013732d3",
    "8a4e374e2872e4f20bc1b2c855961cb85d21f028bf3f78717456318242c96146"
  ],
  "live_training_samples": 8550,
  "counterfactual_training_states": 160,
  "live_batch_fraction": 0.5,
  "option_batch_fraction": 0.25,
  "option_value_weight": 0.1,
  "option_rank_weight": 0.25,
  "option_classification_weight": 1.0,
  "option_override_weight": 0.5,
  "residual_option_advantages": true,
  "option_value_baseline": "RETRY_CURRENT",
  "option_sampling": "balanced-residual-override-and-retry-tie-v1",
  "selector_weights_sha256": "88a05811257384bbba867169b72103d3bc1e118f5813a9d6c4f4713b274e1f16",
  "a1_checkpoint_weight_shards_sha256": {
    "model-00001-of-00002.safetensors": "d273ca475107b081cb91ecb4f555b6ac46692ba0d8c337935c00a03dc889b973",
    "model-00002-of-00002.safetensors": "244a7ea7e7b2510a31cad92a805f59651301277a9e36508f863012bde49ed4aa"
  },
  "seed": 10007,
  "steps": 1000,
  "batch_size": 128,
  "learning_rate": 0.0001,
  "weight_decay": 0.1,
  "max_false_positive_rate": 0.05,
  "checkpoint_selection": "residual",
  "failure_calibration_scope": "held-out episodes from train base seeds",
  "selection_rule": "max beneficial residual recovery at false override<=limit, then recovery recall, min regret, completion TPR, min Brier, earliest tie",
  "selected_step": 1000,
  "development_metrics": {
    "samples": 19980,
    "completion_threshold": 0.8984375,
    "completion": {
      "false_positive_rate": 0.04644169729368527,
      "true_positive_rate": 0.5046231792273591,
      "precision": 0.9347724073205068,
      "accuracy": 0.6982205892947194
    },
    "progress_gate_threshold": 0.88671875,
    "progress_completion": {
      "false_positive_rate": 0.04744403608419646,
      "true_positive_rate": 0.1669411019632679,
      "precision": 0.8227215980024969,
      "accuracy": 0.5057272530797493
    },
    "maximum_gate_threshold": 0.90625,
    "maximum_completion": {
      "false_positive_rate": 0.04710992315402606,
      "true_positive_rate": 0.4682710576314123,
      "precision": 0.9291279215883388,
      "accuracy": 0.6772566817952597
    },
    "brier": 0.105974942445755,
    "ece_15": 0.03975825659237108,
    "progress_mae": 0.22033122181892395,
    "failure_threshold": 0.62109375,
    "failure": {
      "false_positive_rate": 0.04892086330935252,
      "true_positive_rate": 0.5709624796084829,
      "precision": 0.8373205741626795,
      "accuracy": 0.8347478781827259
    },
    "b_stop_proposals": 13881,
    "b_false_stop_proposals": 5986,
    "b_true_stop_proposals": 7895,
    "gated_false_stops": 278,
    "gated_true_stops": 3984,
    "residual_option_validation": {
      "labeled_states": 29,
      "strict_states": 4,
      "baseline_option": "RETRY_CURRENT",
      "override_options": [
        "REOBSERVE",
        "BACKTRACK_ONE",
        "ADVANCE",
        "CONSENSUS_PREFIX"
      ],
      "target_retry_states": 25,
      "target_tie_states": 25,
      "target_override_states": 4,
      "raw_false_recovery_rate": 0.0,
      "raw_recovery_rate": 0.0,
      "selective_recovery": {
        "max_false_recovery_rate": 0.05,
        "option_value_margin": 0.0,
        "false_recovery_rate": 0.0,
        "true_recovery_rate": 0.0,
        "beneficial_recovery_rate": 0.0,
        "accuracy": 0.8620689655172413,
        "mean_decision_regret": 0.4137931168079376
      }
    },
    "failure_calibration_samples": 2003
  },
  "training_log": [
    {
      "step": 1,
      "learning_rate": 9.999975326009293e-07,
      "train_loss": 3.6869606971740723,
      "train_completion_loss": 0.7957910299301147,
      "train_progress_loss": 0.10226873308420181,
      "train_failure_loss": 0.6918030381202698,
      "train_option_value_loss": 0.15287654101848602,
      "train_option_rank_loss": 0.41003283858299255,
      "train_option_classification_loss": 1.9441964626312256,
      "train_option_override_loss": 0.7620145678520203,
      "gradient_norm": 8.613790512084961,
      "development": {
        "samples": 19980,
        "completion_threshold": 0.7109375,
        "completion": {
          "false_positive_rate": 0.04978282659538924,
          "true_positive_rate": 0.045218492716909434,
          "precision": 0.5450381679389313,
          "accuracy": 0.435487356818673
        },
        "progress_gate_threshold": 0.57421875,
        "progress_completion": {
          "false_positive_rate": 0.04710992315402606,
          "true_positive_rate": 0.026472450918302724,
          "precision": 0.4256619144602851,
          "accuracy": 0.4259779554787119
        },
        "maximum_gate_threshold": 0.7109375,
        "maximum_completion": {
          "false_positive_rate": 0.04994988306047444,
          "true_positive_rate": 0.045598480050664976,
          "precision": 0.5462822458270106,
          "accuracy": 0.43563143865715726
        },
        "brier": 0.28385233879089355,
        "ece_15": 0.1965992345197781,
        "progress_mae": 0.4102131426334381,
        "failure_threshold": null,
        "failure": null,
        "b_stop_proposals": 13881,
        "b_false_stop_proposals": 5986,
        "b_true_stop_proposals": 7895,
        "gated_false_stops": 298,
        "gated_true_stops": 357
      },
      "residual_option_validation": {
        "labeled_states": 29,
        "strict_states": 4,
        "baseline_option": "RETRY_CURRENT",
        "override_options": [
          "REOBSERVE",
          "BACKTRACK_ONE",
          "ADVANCE",
          "CONSENSUS_PREFIX"
        ],
        "target_retry_states": 25,
        "target_tie_states": 25,
        "target_override_states": 4,
        "raw_false_recovery_rate": 1.0,
        "raw_recovery_rate": 1.0,
        "selective_recovery": {
          "max_false_recovery_rate": 0.05,
          "option_value_margin": 1.0141602754592896,
          "false_recovery_rate": 0.0,
          "true_recovery_rate": 0.0,
          "beneficial_recovery_rate": 0.0,
          "accuracy": 0.8620689655172413,
          "mean_decision_regret": 0.4137931168079376
        }
      },
      "elapsed_seconds": 0.6940102839871543
    },
    {
      "step": 250,
      "learning_rate": 8.535533905932738e-05,
      "train_loss": 1.0754024982452393,
      "train_completion_loss": 0.3955005407333374,
      "train_progress_loss": 0.05807091295719147,
      "train_failure_loss": 0.5420814156532288,
      "train_option_value_loss": 0.360534131526947,
      "train_option_rank_loss": 0.05732411891222,
      "train_option_classification_loss": 0.21544471383094788,
      "train_option_override_loss": 0.16992226243019104,
      "gradient_norm": 2.116879940032959,
      "development": {
        "samples": 19980,
        "completion_threshold": 0.75390625,
        "completion": {
          "false_positive_rate": 0.04744403608419646,
          "true_positive_rate": 0.31906269791006964,
          "precision": 0.8986799857295754,
          "accuracy": 0.5922483970895469
        },
        "progress_gate_threshold": 0.8125,
        "progress_completion": {
          "false_positive_rate": 0.049448713665218844,
          "true_positive_rate": 0.06751108296390121,
          "precision": 0.6429433051869723,
          "accuracy": 0.44831064044377206
        },
        "maximum_gate_threshold": 0.81640625,
        "maximum_completion": {
          "false_positive_rate": 0.04710992315402606,
          "true_positive_rate": 0.11513616212792907,
          "precision": 0.7632241813602015,
          "accuracy": 0.4764065989482026
        },
        "brier": 0.15618298947811127,
        "ece_15": 0.06771638300251197,
        "progress_mae": 0.2804192900657654,
        "failure_threshold": null,
        "failure": null,
        "b_stop_proposals": 13881,
        "b_false_stop_proposals": 5986,
        "b_true_stop_proposals": 7895,
        "gated_false_stops": 284,
        "gated_true_stops": 2519
      },
      "residual_option_validation": {
        "labeled_states": 29,
        "strict_states": 4,
        "baseline_option": "RETRY_CURRENT",
        "override_options": [
          "REOBSERVE",
          "BACKTRACK_ONE",
          "ADVANCE",
          "CONSENSUS_PREFIX"
        ],
        "target_retry_states": 25,
        "target_tie_states": 25,
        "target_override_states": 4,
        "raw_false_recovery_rate": 0.04,
        "raw_recovery_rate": 0.0,
        "selective_recovery": {
          "max_false_recovery_rate": 0.05,
          "option_value_margin": 0.5781250596046448,
          "false_recovery_rate": 0.0,
          "true_recovery_rate": 0.0,
          "beneficial_recovery_rate": 0.0,
          "accuracy": 0.8620689655172413,
          "mean_decision_regret": 0.4137931168079376
        }
      },
      "elapsed_seconds": 3.7205016359948786
    },
    {
      "step": 500,
      "learning_rate": 5e-05,
      "train_loss": 0.7577298283576965,
      "train_completion_loss": 0.27539288997650146,
      "train_progress_loss": 0.04438425600528717,
      "train_failure_loss": 0.3824678659439087,
      "train_option_value_loss": 0.4667041599750519,
      "train_option_rank_loss": 0.05531471222639084,
      "train_option_classification_loss": 0.1214599609375,
      "train_option_override_loss": 0.12951937317848206,
      "gradient_norm": 2.6026203632354736,
      "development": {
        "samples": 19980,
        "completion_threshold": 0.875,
        "completion": {
          "false_positive_rate": 0.046775810223855664,
          "true_positive_rate": 0.46523115896136796,
          "precision": 0.9291677207184417,
          "accuracy": 0.6756717815719329
        },
        "progress_gate_threshold": 0.8671875,
        "progress_completion": {
          "false_positive_rate": 0.047778149014366854,
          "true_positive_rate": 0.1299556681443952,
          "precision": 0.7820121951219512,
          "accuracy": 0.48454722282256324
        },
        "maximum_gate_threshold": 0.8828125,
        "maximum_completion": {
          "false_positive_rate": 0.04978282659538924,
          "true_positive_rate": 0.425965801139962,
          "precision": 0.9186014750068288,
          "accuracy": 0.6520423600605144
        },
        "brier": 0.10978598147630692,
        "ece_15": 0.04738830679037548,
        "progress_mae": 0.2325827032327652,
        "failure_threshold": null,
        "failure": null,
        "b_stop_proposals": 13881,
        "b_false_stop_proposals": 5986,
        "b_true_stop_proposals": 7895,
        "gated_false_stops": 280,
        "gated_true_stops": 3673
      },
      "residual_option_validation": {
        "labeled_states": 29,
        "strict_states": 4,
        "baseline_option": "RETRY_CURRENT",
        "override_options": [
          "REOBSERVE",
          "BACKTRACK_ONE",
          "ADVANCE",
          "CONSENSUS_PREFIX"
        ],
        "target_retry_states": 25,
        "target_tie_states": 25,
        "target_override_states": 4,
        "raw_false_recovery_rate": 0.0,
        "raw_recovery_rate": 0.0,
        "selective_recovery": {
          "max_false_recovery_rate": 0.05,
          "option_value_margin": 0.0,
          "false_recovery_rate": 0.0,
          "true_recovery_rate": 0.0,
          "beneficial_recovery_rate": 0.0,
          "accuracy": 0.8620689655172413,
          "mean_decision_regret": 0.4137931168079376
        }
      },
      "elapsed_seconds": 6.610736615999485
    },
    {
      "step": 750,
      "learning_rate": 1.4644660940672627e-05,
      "train_loss": 0.654553234577179,
      "train_completion_loss": 0.28100764751434326,
      "train_progress_loss": 0.03459801897406578,
      "train_failure_loss": 0.27718594670295715,
      "train_option_value_loss": 0.500465989112854,
      "train_option_rank_loss": 0.012382548302412033,
      "train_option_classification_loss": 0.09036958962678909,
      "train_option_override_loss": 0.11368546634912491,
      "gradient_norm": 2.159790277481079,
      "development": {
        "samples": 19980,
        "completion_threshold": 0.8984375,
        "completion": {
          "false_positive_rate": 0.047611092549281656,
          "true_positive_rate": 0.5029765674477518,
          "precision": 0.9330357142857143,
          "accuracy": 0.6967797709098769
        },
        "progress_gate_threshold": 0.88671875,
        "progress_completion": {
          "false_positive_rate": 0.04560641496825927,
          "true_positive_rate": 0.138948701709943,
          "precision": 0.8007299270072993,
          "accuracy": 0.4905986600389021
        },
        "maximum_gate_threshold": 0.90625,
        "maximum_completion": {
          "false_positive_rate": 0.04610758436351487,
          "true_positive_rate": 0.453324889170361,
          "precision": 0.9284046692607004,
          "accuracy": 0.6691880988401412
        },
        "brier": 0.10771448910236359,
        "ece_15": 0.03977495349936181,
        "progress_mae": 0.22084347903728485,
        "failure_threshold": null,
        "failure": null,
        "b_stop_proposals": 13881,
        "b_false_stop_proposals": 5986,
        "b_true_stop_proposals": 7895,
        "gated_false_stops": 285,
        "gated_true_stops": 3971
      },
      "residual_option_validation": {
        "labeled_states": 29,
        "strict_states": 4,
        "baseline_option": "RETRY_CURRENT",
        "override_options": [
          "REOBSERVE",
          "BACKTRACK_ONE",
          "ADVANCE",
          "CONSENSUS_PREFIX"
        ],
        "target_retry_states": 25,
        "target_tie_states": 25,
        "target_override_states": 4,
        "raw_false_recovery_rate": 0.0,
        "raw_recovery_rate": 0.0,
        "selective_recovery": {
          "max_false_recovery_rate": 0.05,
          "option_value_margin": 0.0,
          "false_recovery_rate": 0.0,
          "true_recovery_rate": 0.0,
          "beneficial_recovery_rate": 0.0,
          "accuracy": 0.8620689655172413,
          "mean_decision_regret": 0.4137931168079376
        }
      },
      "elapsed_seconds": 9.217567002997384
    },
    {
      "step": 1000,
      "learning_rate": 0.0,
      "train_loss": 0.7088333368301392,
      "train_completion_loss": 0.24862296879291534,
      "train_progress_loss": 0.043697137385606766,
      "train_failure_loss": 0.4079132378101349,
      "train_option_value_loss": 0.5045624375343323,
      "train_option_rank_loss": 0.03296098858118057,
      "train_option_classification_loss": 0.0968191996216774,
      "train_option_override_loss": 0.11408182233572006,
      "gradient_norm": 2.896017551422119,
      "development": {
        "samples": 19980,
        "completion_threshold": 0.8984375,
        "completion": {
          "false_positive_rate": 0.04644169729368527,
          "true_positive_rate": 0.5046231792273591,
          "precision": 0.9347724073205068,
          "accuracy": 0.6982205892947194
        },
        "progress_gate_threshold": 0.88671875,
        "progress_completion": {
          "false_positive_rate": 0.04744403608419646,
          "true_positive_rate": 0.1669411019632679,
          "precision": 0.8227215980024969,
          "accuracy": 0.5057272530797493
        },
        "maximum_gate_threshold": 0.90625,
        "maximum_completion": {
          "false_positive_rate": 0.04710992315402606,
          "true_positive_rate": 0.4682710576314123,
          "precision": 0.9291279215883388,
          "accuracy": 0.6772566817952597
        },
        "brier": 0.105974942445755,
        "ece_15": 0.03975825659237108,
        "progress_mae": 0.22033122181892395,
        "failure_threshold": null,
        "failure": null,
        "b_stop_proposals": 13881,
        "b_false_stop_proposals": 5986,
        "b_true_stop_proposals": 7895,
        "gated_false_stops": 278,
        "gated_true_stops": 3984
      },
      "residual_option_validation": {
        "labeled_states": 29,
        "strict_states": 4,
        "baseline_option": "RETRY_CURRENT",
        "override_options": [
          "REOBSERVE",
          "BACKTRACK_ONE",
          "ADVANCE",
          "CONSENSUS_PREFIX"
        ],
        "target_retry_states": 25,
        "target_tie_states": 25,
        "target_override_states": 4,
        "raw_false_recovery_rate": 0.0,
        "raw_recovery_rate": 0.0,
        "selective_recovery": {
          "max_false_recovery_rate": 0.05,
          "option_value_margin": 0.0,
          "false_recovery_rate": 0.0,
          "true_recovery_rate": 0.0,
          "beneficial_recovery_rate": 0.0,
          "accuracy": 0.8620689655172413,
          "mean_decision_regret": 0.4137931168079376
        }
      },
      "elapsed_seconds": 11.594350477986154
    }
  ],
  "elapsed_seconds": 11.630667937992257,
  "weights_sha256": "28c8078c30e03031c1d03efd7f002d439db7053ad5990a611de51d6ec2e6221f"
}
