[robosuite WARNING] No private macro file found! (__init__.py:7)
[robosuite WARNING] It is recommended to use a private macro file (__init__.py:8)
[robosuite WARNING] To setup, run: python /HELIOS/Robotics/UnitreeRobotic/.venv-a0/lib/python3.10/site-packages/robosuite/scripts/setup_macros.py (__init__.py:9)
Gym has been unmaintained since 2022 and does not support NumPy 2.0 amongst other critical functionality.
Please upgrade to Gymnasium, the maintained drop-in replacement of Gym, or contact the authors of your software and request that they upgrade.
See the migration guide at https://gymnasium.farama.org/introduction/migration_guide/ for additional information.
[Monitor] flat_stove_1: Completed subtask `turnon flat_stove_1` (1/1) ✅
[Monitor] wooden_cabinet_1: Completed subtask `open wooden_cabinet_1` (1/1) ✅
[Monitor] wooden_cabinet_1: Completed subtask `open wooden_cabinet_1` (1/1) ✅
[Monitor] wooden_cabinet_1: Completed subtask `open wooden_cabinet_1` (1/1) ✅
[Monitor] white_bowl_1 pick suppressed: quaternion change 0.217 exceeds threshold 0.1
[Monitor] wooden_cabinet_1: Completed subtask `open wooden_cabinet_1` (1/1) ✅
[Monitor] milk_1 region changed from ['coffee_table_table_region'] to ['None'], Pick successful
[Monitor] milk_1: Completed subtask `pick milk_1` (1/3) ✅
[Monitor] butter_1: Completed subtask `open butter_1` (1/5) ✅
[Monitor] flat_stove_1: Completed subtask `turnon flat_stove_1` (1/1) ✅
[Monitor] bbq_sauce_1 region changed from ['coffee_table_table_region'] to ['None'], Pick successful
[Monitor] bbq_sauce_1: Completed subtask `pick bbq_sauce_1` (1/3) ✅
[Monitor] bbq_sauce_1: Completed subtask `pour bbq_sauce_1 → chefmate_8_frypan_1` (2/3) ✅
[Monitor] bbq_sauce_1 pick suppressed: quaternion change 0.335 exceeds threshold 0.1
[Monitor] butter_1: Completed subtask `open butter_1` (1/4) ✅
[Monitor] butter_1: Completed subtask `open butter_1` (1/6) ✅
[Monitor] bbq_sauce_1 pick suppressed: quaternion change 0.123 exceeds threshold 0.1
[Monitor] bbq_sauce_1 region changed from ['coffee_table_table_region'] to ['None'], Pick successful
[Monitor] bbq_sauce_1: Completed subtask `pick bbq_sauce_1` (1/3) ✅
[Monitor] bbq_sauce_1 pick suppressed: quaternion change 0.249 exceeds threshold 0.1
[Monitor] white_bowl_1: Completed subtask `in white_bowl_1 → coffee_table_table_region` (2/4) ✅
[Monitor] akita_black_bowl_1: Completed subtask `in akita_black_bowl_1 → coffee_table_table_region` (2/2) ✅
[Monitor] butter_1 pick suppressed: quaternion change 0.486 exceeds threshold 0.1
[Monitor] butter_1: Completed subtask `on butter_1 → rack_1` (2/2) ✅
[Monitor] cream_cheese_1 pick suppressed: quaternion change 0.453 exceeds threshold 0.1
[Monitor] cookies_1 region changed from ['coffee_table_table_region'] to ['None'], Pick successful
[Monitor] plate_1: Completed subtask `in plate_1 → coffee_table_table_region` (2/2) ✅
[Monitor] cream_cheese_1: Completed subtask `pour cream_cheese_1 → white_bowl_1` (2/2) ✅
[Monitor] chocolate_pudding_1 pick suppressed: quaternion change 0.483 exceeds threshold 0.1
[Monitor] chocolate_pudding_1 pick suppressed: quaternion change 0.330 exceeds threshold 0.1
[Monitor] butter_1: Completed subtask `open butter_1` (1/3) ✅
[Monitor] chocolate_pudding_1 region changed from ['coffee_table_table_region'] to ['None'], Pick successful
[Monitor] cream_cheese_1: Completed subtask `open cream_cheese_1` (1/3) ✅
[Monitor] tomato_sauce_1 pick suppressed: quaternion change 1.370 exceeds threshold 0.1
[Monitor] white_yellow_mug_1 pick suppressed: quaternion change 0.890 exceeds threshold 0.1
[Monitor] chocolate_pudding_1 region changed from ['wooden_cabinet_1_top_side', 'wooden_cabinet_1_top_region'] to ['None'], Pick successful
[Monitor] chocolate_pudding_1: Completed subtask `pick chocolate_pudding_1` (1/3) ✅
[Monitor] wine_bottle_1 pick suppressed: quaternion change 0.752 exceeds threshold 0.1
[Monitor] butter_1 pick suppressed: quaternion change 0.968 exceeds threshold 0.1
[Monitor] flat_stove_1: Completed subtask `turnon flat_stove_1` (1/1) ✅
[Monitor] chocolate_pudding_1 pick suppressed: quaternion change 0.206 exceeds threshold 0.1
{
  "schema_version": 1,
  "experiment_id": "Ours",
  "variant": "GR00T-RC-SparkVLA-counterfactual-temporal-recovery",
  "method": "counterfactual-temporal-recovery",
  "parent_experiment": "B",
  "source": "train-only closed-loop same-state option roll-forwards",
  "source_kind": "counterfactual_live_rollout",
  "rollout": "/HELIOS/Robotics/UnitreeRobotic/outputs/robocerebra/ctr-live-rollouts-v1/train-seed10007-full-c1-H16",
  "rollout_run_manifest_sha256": "929dea89cb1fdf2aac3f3360f65bb3bbd0adfd8a6e8d382346050756d10532ae",
  "rollout_summary_sha256": "068af46cf211bd2a0ec576156e8d4249118227b12415012e756d638f5ffa171e",
  "rollout_decisions_sha256": "8cd2665bfc5296edc4f0937273aa5eb252a8dfb29567b4fa4dc0e305271ec611",
  "rollout_episodes_sha256": "bc2836e1c049d97547eac36cb7705b0e9d6e50bc9bbf6f0036006611f1e972c1",
  "selector_weights_sha256": "88a05811257384bbba867169b72103d3bc1e118f5813a9d6c4f4713b274e1f16",
  "a1_checkpoint_weight_shards_sha256": {
    "model-00001-of-00002.safetensors": "d273ca475107b081cb91ecb4f555b6ac46692ba0d8c337935c00a03dc889b973",
    "model-00002-of-00002.safetensors": "244a7ea7e7b2510a31cad92a805f59651301277a9e36508f863012bde49ed4aa"
  },
  "context_width": 2048,
  "action_horizon": 16,
  "action_dim": 7,
  "consumed_rollout_base_seeds": [
    10007
  ],
  "contains_counterfactuals": true,
  "failure_label": "privileged post-injection or unsuccessful-subgoal temporal onset; never a runtime input",
  "failure_onset_steps": 75,
  "limited": false,
  "files": 60,
  "samples": 25369,
  "files_sha256": {
    "episode_000000.npz": "4cd0beeb6b6e40d0335a299a290e861cd656f32077393aa56c04492c3718d1bf",
    "episode_000001.npz": "cd971959c6177516978fa77dbdd29cf143c7e376adf76980fd40c7627cd38e2e",
    "episode_000002.npz": "989ce49b5e2921f5cf880b746eb962622f443175e2e2fd35400580adb7074e41",
    "episode_000003.npz": "4a7f9ded413066c37096d265a0e2968b901492ac2f04b9a8cbd46d86a742f529",
    "episode_000004.npz": "a7dcf6c3dd21e53960b9f91320a76cd192eb02d2b6a82807e9054f5bf48c186d",
    "episode_000005.npz": "659693771df875add173b3105581cb802f09544e556d26daa3ec75d3128ffb4f",
    "episode_000006.npz": "25af2d395fb68e253cd0e5dab049a9664049845e76ae4b509f558b33d1b27a98",
    "episode_000007.npz": "488ebed1f9e26a27de719366e825c5c70f282ad6784dc58ee5a01cf68e7687ec",
    "episode_000008.npz": "f4fa36aac0767978de4d129a333231399f9a86de8a395bc99e3d3d2adc4a19c5",
    "episode_000009.npz": "7751881fdfaf455dd6cb7c51fed06ad03036256990e43a795fee6b6f8e8d7314",
    "episode_000010.npz": "23d566c6488eae9647e1c0e3ef38f6d1ee0cc2b0c12ed475b1dc62cade6486f0",
    "episode_000011.npz": "0ddef90fae28ff2e5b25f31c8b1c3e0a8ebc513b14e63f7b2e23ae095cdfd874",
    "episode_000012.npz": "4373a722d27dd9fdf00d4cdd9c2364152e3aae3926d7cba0900abd5dfe9954cb",
    "episode_000013.npz": "f789daf01d4e3adf6b7c2fb208b57b09242a195bad25447974654fec5bb3a242",
    "episode_000014.npz": "bb0f9cc92c579742e95ebfd09b26c95dc722c622f117705c9ebccb2455d16b05",
    "episode_000015.npz": "ed3c4becc4de8725bb4193d8bf28ce555d7277650d59dd6e5211a27fbfaa0392",
    "episode_000016.npz": "253c9c3db5250f8e3cff7719fefa2957da892a54aa5eb95b1d40bd3fdea095d8",
    "episode_000017.npz": "145545d820cadfa22fd749993bc440fa392c64d9b25d007acc238b6e241bb86c",
    "episode_000018.npz": "9d82b1222402fa771832d317093a0ae0e2a7261ef684f844e54a18de5ff75ca3",
    "episode_000019.npz": "f63563a0cfdf27af7d456087a1815fd1cc2713791bc5f8545948b4562f233e40",
    "episode_000020.npz": "eac32c2ffb7c7721fb6b7e565fddb754d3b0448b61a2fe67f910beafb24c1a28",
    "episode_000021.npz": "4ace3446a94dbe7a6683fee66f13ee5b58c62e408a9e6cd7a863630289033337",
    "episode_000022.npz": "ffccdff4bc5b51359357f22e8709a9a349fe8f8fee8e01f33c8ea8acff09487f",
    "episode_000023.npz": "b73bb0cee23da62dc44134fb5913890525b58bdf9e9f616bfceae5b2c63e0c76",
    "episode_000024.npz": "c3d3839eb08fb1fbb6775d6d8759a1937f8b2b192a7bb5f593a469b61b27716c",
    "episode_000025.npz": "470f0639a3a7022640d8b873f5d36f817575c94422020e7eb9700f32650d6182",
    "episode_000026.npz": "7099d9d7c4d67f30711ff1036a09eb4c05356569e3fa0dce7b1276ae4887ffa0",
    "episode_000027.npz": "1dd8cb85f16090f7bddc0911a2c64242dd255f019a8305da33a21277989d8fe2",
    "episode_000028.npz": "5ae682eb9c009eeb7a252c094729bfc6e459b26f71b18f5498bf4cabab25c5b6",
    "episode_000029.npz": "8d905ab460ad84993c8ef30e462ab411ccf40cb71c317cb0d08225b50b8c08e6",
    "episode_000030.npz": "282fa847baf491a779cb30c7c608ddc39c730209668ebb717e888260e07ed1c2",
    "episode_000031.npz": "fb2b8397bd959cf86f14edbb15482c248b93764f604605191885a80980f74291",
    "episode_000032.npz": "8f9d8b91fa2f969b2b9ac4c500c6c66a85e9abb1891983d5bccb8a56adb3a2b5",
    "episode_000033.npz": "f4f70b944c6faf0a452f077eb83ff13535f8474c7d463dffa31f2f0997137b2f",
    "episode_000034.npz": "5bed40681ea5d42bc238ebfa63923e408ce816ede45faa2dd3c76904d2e56139",
    "episode_000035.npz": "8c8a88a9e6b655b34d96f8d108ea0de0297abe55cf18d98e6a258fdae3252367",
    "episode_000036.npz": "472723f8e013d80ea2c37423a11cd833c1987c665de2eb3b6986586ffb1bc0af",
    "episode_000037.npz": "e8b52a18ecce8467bb609a3c5666db1f79b72e238d67f6a96b23bbf631b8c134",
    "episode_000038.npz": "a547f4c00a9d58e7ff6cdeda559c571737dc8e05e3c45026f44b206c3efd0bec",
    "episode_000039.npz": "8e2bf3de66fb507aa98a5dbe3710cdd61a6ed454f15210a6fa0468546303fffd",
    "episode_000040.npz": "522b212c75e2473a55d23873b6450ff9088859a9ce3bcb7ddf5e67abb1555dfa",
    "episode_000041.npz": "16dd24065760e6093f66384e40fd3649d44e6b78d87d4614158ea4d4cdadcb55",
    "episode_000042.npz": "13a85b92ebf4fea2f00a3c2e5f94fa83cd0066cd84a76caddabfa5d8308d20a6",
    "episode_000043.npz": "1340e8d2ab981f49014bae4d6896a9d6e6e2a117159fed49662cc760840643f7",
    "episode_000044.npz": "7fe6db353d3a1147b205283dd96dfbdb35c28b8cd41fbb670980b1cc6c5b9c96",
    "episode_000045.npz": "a39b6c87c5be5d5b5411512a0b7be452c31c3f8f8a716af195b2b01f032bb5d6",
    "episode_000046.npz": "250bd47ccb1c363e1fc869344e6aa3bea0936662ac5e33347efc7f333a9a86f4",
    "episode_000047.npz": "ac4196116de14c7d32face56c433ad9f864a39545d615cdd16218529ed400f6f",
    "episode_000048.npz": "c395f164375751e3a371f8d3ef559c08d92b3ceb4f21174f9ddf32e51f9a1429",
    "episode_000049.npz": "c78ac406b5d716dc90e9f351b512035ede2a97e030767e7aab006f185d617582",
    "episode_000050.npz": "9c22c95ec1a36015d1b1ae2609cdab0907e5d56082ae4af8f9d62d85a35ba5c2",
    "episode_000051.npz": "cd54735d3165aefe5f3e4f8d044199005f080c4fd20f5a8deee12132ab851e4a",
    "episode_000052.npz": "b023259175e23e383412212bbcd869ca0d21e2e481bf3464970bf4709ab6a095",
    "episode_000053.npz": "27b2d9bc170eb110498ae4d493957c58ea4a6dcff1b5a4154565d03be3bd2d88",
    "episode_000054.npz": "c14c08e646ed753ab53711712facdb1ffaee3559572f7dd2fbdd593d030236e7",
    "episode_000055.npz": "c2ff6df38585b0b8c741e10241fdb41505e7703157649fef2ba6be88109dfd92",
    "episode_000056.npz": "5d7866f526c0d21a044e3cc793435ccd37ad6af66aa1489eb00a87c91d3ed409",
    "episode_000057.npz": "251ec63fd662abda4617188201d6ae89f08c10b9d98d0483f2657d4eff27e3ad",
    "episode_000058.npz": "7142f53cf4741eeb6c78965710a9440d4017f24be6ebe08e5186f98a1ae76e16",
    "episode_000059.npz": "4030fb8079dbac91a2763bf1f359316a9f7dd47e45b4bb35c042f9dd64f79720"
  },
  "split_episodes": {
    "train": [
      0,
      1,
      2,
      3,
      4,
      5,
      6,
      7,
      8,
      9,
      10,
      11,
      12,
      13,
      14,
      15,
      16,
      17,
      18,
      19,
      20,
      21,
      22,
      23,
      24,
      25,
      26,
      27,
      28,
      29,
      30,
      31,
      32,
      33,
      34,
      35,
      36,
      37,
      38,
      39,
      40,
      41,
      42,
      43,
      44,
      45,
      46,
      47,
      48,
      49,
      50,
      51,
      52,
      53,
      54,
      55,
      56,
      57,
      58,
      59
    ],
    "development": []
  },
  "label_counts": {
    "completion_negative": 25065,
    "completion_positive": 304,
    "failure_positive": 15770
  },
  "counterfactual_source_manifest_sha256": "8623c6527437e4525421b9819b9e51a10c72b4e796bf65330d658fe4856f1c42",
  "counterfactual_sampling": {
    "candidate_states": "B STOP proposals",
    "stop_stride": 128,
    "max_states_per_episode": 1,
    "min_source_elapsed_steps": 75,
    "state_count": 59,
    "branch_count": 304,
    "options": {
      "ACCEPT_B": 59,
      "REOBSERVE": 59,
      "RETRY_CURRENT": 59,
      "BACKTRACK_ONE": 9,
      "ADVANCE": 59,
      "CONSENSUS_PREFIX": 59
    },
    "rollout_steps": 75,
    "max_policy_calls": 24,
    "consensus_hypotheses": 4,
    "future_injections": false,
    "replay_rows": 25369,
    "replay_mismatches": 176,
    "replay_mismatch_rate": 0.0069376010091056015,
    "max_replay_mismatch_rate": 0.05,
    "training_only_restore": true,
    "runtime_restore": false,
    "restore_absolute_tolerance": 1e-12
  },
  "counterfactual_branches_sha256": "1b539c88035ac46618e60106846f6adf08c75aa7435ff999e913369cf68478de"
}
