{
  "schema_version": 1,
  "corpus": "/HELIOS/Robotics/UnitreeRobotic/outputs/robocerebra/ctr-counterfactual-rollout-v9-outcome-first-seed10007",
  "corpus_files": 60,
  "corpus_samples": 3404,
  "thresholds": {
    "min_labeled_states": 32,
    "min_winning_options": 2,
    "min_strict_preference_rate": 0.05
  },
  "option_targets": {
    "labeled_states": 62,
    "valid_option_targets": 303,
    "strict_preferences": 5,
    "strict_preference_rate": 0.08064516129032258,
    "ties": 57,
    "winning_options": {
      "ADVANCE": 1,
      "BACKTRACK_ONE": 2,
      "CONSENSUS_PREFIX": 2
    },
    "distinct_winning_options": 3,
    "mean_best_margin": 0.20967741935483872,
    "per_option": {
      "ACCEPT_B": {
        "count": 0,
        "mean": null,
        "standard_deviation": null,
        "minimum": null,
        "maximum": null
      },
      "REOBSERVE": {
        "count": 62,
        "mean": -0.5,
        "standard_deviation": 2.832700729370117,
        "minimum": -16.0,
        "maximum": 1.0
      },
      "RETRY_CURRENT": {
        "count": 62,
        "mean": -0.5,
        "standard_deviation": 2.832700729370117,
        "minimum": -16.0,
        "maximum": 1.0
      },
      "BACKTRACK_ONE": {
        "count": 55,
        "mean": -0.5090909004211426,
        "standard_deviation": 3.020371675491333,
        "minimum": -16.0,
        "maximum": 1.0
      },
      "ADVANCE": {
        "count": 62,
        "mean": -8.338709831237793,
        "standard_deviation": 3.079293727874756,
        "minimum": -24.0,
        "maximum": 1.0
      },
      "CONSENSUS_PREFIX": {
        "count": 62,
        "mean": -0.32258063554763794,
        "standard_deviation": 3.083641529083252,
        "minimum": -16.0,
        "maximum": 9.0
      }
    }
  },
  "residual_branch_mechanisms": {
    "states": 62,
    "physical_beneficial_override_states": 6,
    "physical_beneficial_override_rate": 0.0967741935483871,
    "return_beneficial_override_states": 6,
    "efficiency_only_return_override_states": 0,
    "return_override_with_physical_regression_states": 0,
    "physical_winning_options": {
      "ADVANCE": 2,
      "BACKTRACK_ONE": 3,
      "CONSENSUS_PREFIX": 3
    }
  },
  "checks": {
    "minimum_labeled_states": true,
    "multiple_winning_options": true,
    "strict_preference_rate": true,
    "residual_source_is_abstaining_b_retry": true,
    "residual_confirmed_stop_sources": true,
    "residual_b_retry_continuation": true,
    "residual_branch_hash": true,
    "residual_branch_inventory": true,
    "residual_distinct_actions": true,
    "residual_common_random_numbers": true,
    "residual_return_target": true,
    "residual_global_step_budget": true,
    "residual_outcome_first_physical_alignment": true
  },
  "valid": true
}
{
  "schema_version": 1,
  "corpus": "/HELIOS/Robotics/UnitreeRobotic/outputs/robocerebra/ctr-counterfactual-rollout-v9-outcome-first-seed11007",
  "corpus_files": 60,
  "corpus_samples": 3760,
  "thresholds": {
    "min_labeled_states": 32,
    "min_winning_options": 2,
    "min_strict_preference_rate": 0.05
  },
  "option_targets": {
    "labeled_states": 72,
    "valid_option_targets": 353,
    "strict_preferences": 5,
    "strict_preference_rate": 0.06944444444444445,
    "ties": 67,
    "winning_options": {
      "BACKTRACK_ONE": 1,
      "CONSENSUS_PREFIX": 3,
      "REOBSERVE": 1
    },
    "distinct_winning_options": 3,
    "mean_best_margin": 0.06944444444444445,
    "per_option": {
      "ACCEPT_B": {
        "count": 0,
        "mean": null,
        "standard_deviation": null,
        "minimum": null,
        "maximum": null
      },
      "REOBSERVE": {
        "count": 72,
        "mean": -0.6388888955116272,
        "standard_deviation": 2.91693115234375,
        "minimum": -16.0,
        "maximum": 1.0
      },
      "RETRY_CURRENT": {
        "count": 72,
        "mean": -0.5416666865348816,
        "standard_deviation": 3.0819251537323,
        "minimum": -16.0,
        "maximum": 8.0
      },
      "BACKTRACK_ONE": {
        "count": 65,
        "mean": -0.6153846383094788,
        "standard_deviation": 3.2377214431762695,
        "minimum": -16.0,
        "maximum": 8.0
      },
      "ADVANCE": {
        "count": 72,
        "mean": -8.63888931274414,
        "standard_deviation": 2.91693115234375,
        "minimum": -24.0,
        "maximum": -7.0
      },
      "CONSENSUS_PREFIX": {
        "count": 72,
        "mean": -0.4166666567325592,
        "standard_deviation": 3.315577745437622,
        "minimum": -16.0,
        "maximum": 9.0
      }
    }
  },
  "residual_branch_mechanisms": {
    "states": 72,
    "physical_beneficial_override_states": 5,
    "physical_beneficial_override_rate": 0.06944444444444445,
    "return_beneficial_override_states": 5,
    "efficiency_only_return_override_states": 0,
    "return_override_with_physical_regression_states": 0,
    "physical_winning_options": {
      "ADVANCE": 1,
      "BACKTRACK_ONE": 1,
      "CONSENSUS_PREFIX": 3,
      "REOBSERVE": 1
    }
  },
  "checks": {
    "minimum_labeled_states": true,
    "multiple_winning_options": true,
    "strict_preference_rate": true,
    "residual_source_is_abstaining_b_retry": true,
    "residual_confirmed_stop_sources": true,
    "residual_b_retry_continuation": true,
    "residual_branch_hash": true,
    "residual_branch_inventory": true,
    "residual_distinct_actions": true,
    "residual_common_random_numbers": true,
    "residual_return_target": true,
    "residual_global_step_budget": true,
    "residual_outcome_first_physical_alignment": true
  },
  "valid": true
}
{
  "schema_version": 1,
  "corpus": "/HELIOS/Robotics/UnitreeRobotic/outputs/robocerebra/ctr-counterfactual-rollout-v9-outcome-first-seed12007",
  "corpus_files": 60,
  "corpus_samples": 3389,
  "thresholds": {
    "min_labeled_states": 32,
    "min_winning_options": 2,
    "min_strict_preference_rate": 0.05
  },
  "option_targets": {
    "labeled_states": 55,
    "valid_option_targets": 273,
    "strict_preferences": 7,
    "strict_preference_rate": 0.12727272727272726,
    "ties": 48,
    "winning_options": {
      "BACKTRACK_ONE": 2,
      "CONSENSUS_PREFIX": 4,
      "REOBSERVE": 1
    },
    "distinct_winning_options": 3,
    "mean_best_margin": 0.41818181818181815,
    "per_option": {
      "ACCEPT_B": {
        "count": 0,
        "mean": null,
        "standard_deviation": null,
        "minimum": null,
        "maximum": null
      },
      "REOBSERVE": {
        "count": 55,
        "mean": -0.3636363744735718,
        "standard_deviation": 4.100392818450928,
        "minimum": -16.0,
        "maximum": 16.0
      },
      "RETRY_CURRENT": {
        "count": 55,
        "mean": -0.38181817531585693,
        "standard_deviation": 4.236168384552002,
        "minimum": -16.0,
        "maximum": 17.0
      },
      "BACKTRACK_ONE": {
        "count": 53,
        "mean": -0.24528302252292633,
        "standard_deviation": 5.098670482635498,
        "minimum": -16.0,
        "maximum": 26.0
      },
      "ADVANCE": {
        "count": 55,
        "mean": -8.272727012634277,
        "standard_deviation": 4.375363349914551,
        "minimum": -24.0,
        "maximum": 9.0
      },
      "CONSENSUS_PREFIX": {
        "count": 55,
        "mean": -0.1818181872367859,
        "standard_deviation": 4.323680400848389,
        "minimum": -16.0,
        "maximum": 16.0
      }
    }
  },
  "residual_branch_mechanisms": {
    "states": 55,
    "physical_beneficial_override_states": 8,
    "physical_beneficial_override_rate": 0.14545454545454545,
    "return_beneficial_override_states": 8,
    "efficiency_only_return_override_states": 0,
    "return_override_with_physical_regression_states": 0,
    "physical_winning_options": {
      "ADVANCE": 1,
      "BACKTRACK_ONE": 1,
      "CONSENSUS_PREFIX": 5,
      "REOBSERVE": 2
    }
  },
  "checks": {
    "minimum_labeled_states": true,
    "multiple_winning_options": true,
    "strict_preference_rate": true,
    "residual_source_is_abstaining_b_retry": true,
    "residual_confirmed_stop_sources": true,
    "residual_b_retry_continuation": true,
    "residual_branch_hash": true,
    "residual_branch_inventory": true,
    "residual_distinct_actions": true,
    "residual_common_random_numbers": true,
    "residual_return_target": true,
    "residual_global_step_budget": true,
    "residual_outcome_first_physical_alignment": true
  },
  "valid": true
}
