{"step": 1, "learning_rate": 9.999975326009293e-07, "train_loss": 3.711625814437866, "train_completion_loss": 0.7771933674812317, "train_progress_loss": 0.09498422592878342, "train_failure_loss": 0.6979525089263916, "train_option_value_loss": 0.21737512946128845, "train_option_rank_loss": 0.2922225296497345, "train_option_classification_loss": 1.7622767686843872, "train_option_override_loss": 0.6334020495414734, "gradient_norm": 10.789588928222656, "development": {"samples": 19980, "completion_threshold": 0.80859375, "completion": {"false_positive_rate": 0.04861343133979285, "true_positive_rate": 0.024319189360354654, "precision": 0.39751552795031053, "accuracy": 0.4241048915784165}, "progress_gate_threshold": 0.67578125, "progress_completion": {"false_positive_rate": 0.048279318409622456, "true_positive_rate": 0.02089930335655478, "precision": 0.3634361233480176, "accuracy": 0.4223038685973633}, "maximum_gate_threshold": 0.80859375, "maximum_completion": {"false_positive_rate": 0.04878048780487805, "true_positive_rate": 0.024572514249525015, "precision": 0.3991769547325103, "accuracy": 0.42417693249765864}, "brier": 0.2947550117969513, "ece_15": 0.2069265075065233, "progress_mae": 0.3923909068107605, "failure_threshold": null, "failure": null, "b_stop_proposals": 13881, "b_false_stop_proposals": 5986, "b_true_stop_proposals": 7895, "gated_false_stops": 291, "gated_true_stops": 192}, "residual_option_validation": {"labeled_states": 29, "strict_states": 4, "baseline_option": "RETRY_CURRENT", "override_options": ["REOBSERVE", "BACKTRACK_ONE", "ADVANCE", "CONSENSUS_PREFIX"], "target_retry_states": 25, "target_tie_states": 25, "target_override_states": 4, "raw_false_recovery_rate": 0.56, "raw_recovery_rate": 0.75, "selective_recovery": {"max_false_recovery_rate": 0.05, "option_value_margin": 1.2397462129592896, "false_recovery_rate": 0.0, "true_recovery_rate": 0.0, "beneficial_recovery_rate": 0.0, "accuracy": 0.8620689655172413, "mean_decision_regret": 0.4137931168079376}}, "elapsed_seconds": 0.6678202960029012}
{"step": 250, "learning_rate": 8.535533905932738e-05, "train_loss": 1.376511812210083, "train_completion_loss": 0.4200250804424286, "train_progress_loss": 0.06063109636306763, "train_failure_loss": 0.4886946976184845, "train_option_value_loss": 0.3283344507217407, "train_option_rank_loss": 0.08734232187271118, "train_option_classification_loss": 0.4185697138309479, "train_option_override_loss": 0.17826956510543823, "gradient_norm": 2.9295434951782227, "development": {"samples": 19980, "completion_threshold": 0.7578125, "completion": {"false_positive_rate": 0.04911460073504845, "true_positive_rate": 0.15896136795440152, "precision": 0.8102001291155584, "accuracy": 0.5004682659750739}, "progress_gate_threshold": 0.86328125, "progress_completion": {"false_positive_rate": 0.04560641496825927, "true_positive_rate": 0.03774540848638379, "precision": 0.521891418563923, "accuracy": 0.4330379655644406}, "maximum_gate_threshold": 0.86328125, "maximum_completion": {"false_positive_rate": 0.04694286668894086, "true_positive_rate": 0.04357188093730209, "precision": 0.5504, "accuracy": 0.4357755204956415}, "brier": 0.17615506052970886, "ece_15": 0.04232901935321136, "progress_mae": 0.2921306788921356, "failure_threshold": null, "failure": null, "b_stop_proposals": 13881, "b_false_stop_proposals": 5986, "b_true_stop_proposals": 7895, "gated_false_stops": 294, "gated_true_stops": 1255}, "residual_option_validation": {"labeled_states": 29, "strict_states": 4, "baseline_option": "RETRY_CURRENT", "override_options": ["REOBSERVE", "BACKTRACK_ONE", "ADVANCE", "CONSENSUS_PREFIX"], "target_retry_states": 25, "target_tie_states": 25, "target_override_states": 4, "raw_false_recovery_rate": 0.04, "raw_recovery_rate": 0.0, "selective_recovery": {"max_false_recovery_rate": 0.05, "option_value_margin": 0.1093750074505806, "false_recovery_rate": 0.0, "true_recovery_rate": 0.0, "beneficial_recovery_rate": 0.0, "accuracy": 0.8620689655172413, "mean_decision_regret": 0.4137931168079376}}, "elapsed_seconds": 2.9142146980011603}
{"step": 500, "learning_rate": 5e-05, "train_loss": 1.0141938924789429, "train_completion_loss": 0.34326550364494324, "train_progress_loss": 0.05325010418891907, "train_failure_loss": 0.44423729181289673, "train_option_value_loss": 0.4541497528553009, "train_option_rank_loss": 0.0717867836356163, "train_option_classification_loss": 0.21435546875, "train_option_override_loss": 0.11784248054027557, "gradient_norm": 2.2335445880889893, "development": {"samples": 19980, "completion_threshold": 0.83203125, "completion": {"false_positive_rate": 0.04527230203808887, "true_positive_rate": 0.1987333755541482, "precision": 0.8527173913043479, "accuracy": 0.5247460557596715}, "progress_gate_threshold": 0.8828125, "progress_completion": {"false_positive_rate": 0.04911460073504845, "true_positive_rate": 0.06054464851171627, "precision": 0.6191709844559585, "accuracy": 0.4444924717239392}, "maximum_gate_threshold": 0.88671875, "maximum_completion": {"false_positive_rate": 0.04744403608419646, "true_positive_rate": 0.08473717542748575, "precision": 0.70199370409234, "accuracy": 0.4589726964916072}, "brier": 0.14997440576553345, "ece_15": 0.03841177296784666, "progress_mae": 0.26062074303627014, "failure_threshold": null, "failure": null, "b_stop_proposals": 13881, "b_false_stop_proposals": 5986, "b_true_stop_proposals": 7895, "gated_false_stops": 271, "gated_true_stops": 1569}, "residual_option_validation": {"labeled_states": 29, "strict_states": 4, "baseline_option": "RETRY_CURRENT", "override_options": ["REOBSERVE", "BACKTRACK_ONE", "ADVANCE", "CONSENSUS_PREFIX"], "target_retry_states": 25, "target_tie_states": 25, "target_override_states": 4, "raw_false_recovery_rate": 0.04, "raw_recovery_rate": 0.0, "selective_recovery": {"max_false_recovery_rate": 0.05, "option_value_margin": 0.2558594048023224, "false_recovery_rate": 0.0, "true_recovery_rate": 0.0, "beneficial_recovery_rate": 0.0, "accuracy": 0.8620689655172413, "mean_decision_regret": 0.4137931168079376}}, "elapsed_seconds": 5.1592052949999925}
{"step": 750, "learning_rate": 1.4644660940672627e-05, "train_loss": 0.9877228736877441, "train_completion_loss": 0.3943603038787842, "train_progress_loss": 0.05003994330763817, "train_failure_loss": 0.3980332016944885, "train_option_value_loss": 0.5012491345405579, "train_option_rank_loss": 0.05576171725988388, "train_option_classification_loss": 0.19805438816547394, "train_option_override_loss": 0.0821862667798996, "gradient_norm": 2.172823667526245, "development": {"samples": 19980, "completion_threshold": 0.859375, "completion": {"false_positive_rate": 0.04794520547945205, "true_positive_rate": 0.20468651044965167, "precision": 0.8491854965843405, "accuracy": 0.5269793242561776}, "progress_gate_threshold": 0.89453125, "progress_completion": {"false_positive_rate": 0.04276645506181089, "true_positive_rate": 0.05421152628245725, "precision": 0.6257309941520468, "accuracy": 0.44362798069303366}, "maximum_gate_threshold": 0.8984375, "maximum_completion": {"false_positive_rate": 0.04376879385232209, "true_positive_rate": 0.09119696010132995, "precision": 0.7331975560081466, "accuracy": 0.4642316835962827}, "brier": 0.14437595009803772, "ece_15": 0.03855749806640922, "progress_mae": 0.24991537630558014, "failure_threshold": null, "failure": null, "b_stop_proposals": 13881, "b_false_stop_proposals": 5986, "b_true_stop_proposals": 7895, "gated_false_stops": 287, "gated_true_stops": 1616}, "residual_option_validation": {"labeled_states": 29, "strict_states": 4, "baseline_option": "RETRY_CURRENT", "override_options": ["REOBSERVE", "BACKTRACK_ONE", "ADVANCE", "CONSENSUS_PREFIX"], "target_retry_states": 25, "target_tie_states": 25, "target_override_states": 4, "raw_false_recovery_rate": 0.04, "raw_recovery_rate": 0.0, "selective_recovery": {"max_false_recovery_rate": 0.05, "option_value_margin": 0.4921875298023224, "false_recovery_rate": 0.0, "true_recovery_rate": 0.0, "beneficial_recovery_rate": 0.0, "accuracy": 0.8620689655172413, "mean_decision_regret": 0.4137931168079376}}, "elapsed_seconds": 7.615220002000569}
{"step": 1000, "learning_rate": 0.0, "train_loss": 0.9977889060974121, "train_completion_loss": 0.3454864025115967, "train_progress_loss": 0.045850176364183426, "train_failure_loss": 0.4617374539375305, "train_option_value_loss": 0.48530450463294983, "train_option_rank_loss": 0.06201171875, "train_option_classification_loss": 0.21826171875, "train_option_override_loss": 0.09328847378492355, "gradient_norm": 1.9373772144317627, "development": {"samples": 19980, "completion_threshold": 0.859375, "completion": {"false_positive_rate": 0.04878048780487805, "true_positive_rate": 0.2129195693476884, "precision": 0.852002027369488, "accuracy": 0.5313017794107053}, "progress_gate_threshold": 0.89453125, "progress_completion": {"false_positive_rate": 0.04744403608419646, "true_positive_rate": 0.06003799873337556, "precision": 0.6253298153034301, "accuracy": 0.444924717239392}, "maximum_gate_threshold": 0.8984375, "maximum_completion": {"false_positive_rate": 0.045940527898429666, "true_positive_rate": 0.09892336922102597, "precision": 0.7395833333333334, "accuracy": 0.4676896477199049}, "brier": 0.14341071248054504, "ece_15": 0.03726016858236507, "progress_mae": 0.24782922863960266, "failure_threshold": null, "failure": null, "b_stop_proposals": 13881, "b_false_stop_proposals": 5986, "b_true_stop_proposals": 7895, "gated_false_stops": 292, "gated_true_stops": 1681}, "residual_option_validation": {"labeled_states": 29, "strict_states": 4, "baseline_option": "RETRY_CURRENT", "override_options": ["REOBSERVE", "BACKTRACK_ONE", "ADVANCE", "CONSENSUS_PREFIX"], "target_retry_states": 25, "target_tie_states": 25, "target_override_states": 4, "raw_false_recovery_rate": 0.04, "raw_recovery_rate": 0.0, "selective_recovery": {"max_false_recovery_rate": 0.05, "option_value_margin": 0.5214844346046448, "false_recovery_rate": 0.0, "true_recovery_rate": 0.0, "beneficial_recovery_rate": 0.0, "accuracy": 0.8620689655172413, "mean_decision_regret": 0.4137931168079376}}, "elapsed_seconds": 10.427899053000147}
{
  "schema_version": 1,
  "experiment_id": "Ours",
  "variant": "GR00T-RC-SparkVLA-counterfactual-temporal-recovery",
  "method": "counterfactual-temporal-recovery",
  "parent_experiment": "B",
  "stage": "R0-counterfactual-option-distillation",
  "model": {
    "encoder": "linear",
    "history_length": 4,
    "context_width": 2048,
    "action_horizon": 16,
    "action_dim": 7,
    "selector_candidates": 17,
    "scalar_width": 6,
    "temporal_width": 32,
    "temporal_layers": 1,
    "temporal_heads": 4,
    "feedforward_width": 128,
    "dropout": 0.25,
    "option_count": 6
  },
  "parameter_count": 145403,
  "dataset": "/HELIOS/Robotics/UnitreeRobotic/outputs/robocerebra/ctr-recovery-v1",
  "dataset_manifest_sha256": "7c158bdc007cb5ac25995f119894d7457cd4f7ed9bf7bdc7aa850aed41865a1a",
  "additional_train_dataset": null,
  "additional_train_dataset_manifest_sha256": null,
  "additional_train_datasets": [
    "/HELIOS/Robotics/UnitreeRobotic/outputs/robocerebra/ctr-counterfactual-rollout-v9-outcome-first-seed10007",
    "/HELIOS/Robotics/UnitreeRobotic/outputs/robocerebra/ctr-counterfactual-rollout-v9-outcome-first-seed11007",
    "/HELIOS/Robotics/UnitreeRobotic/outputs/robocerebra/ctr-counterfactual-rollout-v9-outcome-first-seed12007"
  ],
  "additional_train_dataset_manifests_sha256": [
    "0ff983b6fdca787a1055220ef3c8e1fb152cf9ed8e41e31fc9451f14fb4032ac",
    "3206d44b1e3eb53935cdd0668318271bd0105cba63d5ac92816ddef6013732d3",
    "8a4e374e2872e4f20bc1b2c855961cb85d21f028bf3f78717456318242c96146"
  ],
  "live_training_samples": 8550,
  "counterfactual_training_states": 160,
  "live_batch_fraction": 0.5,
  "option_batch_fraction": 0.25,
  "option_value_weight": 0.1,
  "option_rank_weight": 0.25,
  "option_classification_weight": 1.0,
  "option_override_weight": 1.0,
  "residual_option_advantages": true,
  "option_value_baseline": "RETRY_CURRENT",
  "option_sampling": "balanced-residual-override-and-retry-tie-v1",
  "selector_weights_sha256": "88a05811257384bbba867169b72103d3bc1e118f5813a9d6c4f4713b274e1f16",
  "a1_checkpoint_weight_shards_sha256": {
    "model-00001-of-00002.safetensors": "d273ca475107b081cb91ecb4f555b6ac46692ba0d8c337935c00a03dc889b973",
    "model-00002-of-00002.safetensors": "244a7ea7e7b2510a31cad92a805f59651301277a9e36508f863012bde49ed4aa"
  },
  "seed": 10007,
  "steps": 1000,
  "batch_size": 128,
  "learning_rate": 0.0001,
  "weight_decay": 0.1,
  "max_false_positive_rate": 0.05,
  "checkpoint_selection": "residual",
  "failure_calibration_scope": "held-out episodes from train base seeds",
  "selection_rule": "max beneficial residual recovery at false override<=limit, then recovery recall, min regret, completion TPR, min Brier, earliest tie",
  "selected_step": 1000,
  "development_metrics": {
    "samples": 19980,
    "completion_threshold": 0.859375,
    "completion": {
      "false_positive_rate": 0.04878048780487805,
      "true_positive_rate": 0.2129195693476884,
      "precision": 0.852002027369488,
      "accuracy": 0.5313017794107053
    },
    "progress_gate_threshold": 0.89453125,
    "progress_completion": {
      "false_positive_rate": 0.04744403608419646,
      "true_positive_rate": 0.06003799873337556,
      "precision": 0.6253298153034301,
      "accuracy": 0.444924717239392
    },
    "maximum_gate_threshold": 0.8984375,
    "maximum_completion": {
      "false_positive_rate": 0.045940527898429666,
      "true_positive_rate": 0.09892336922102597,
      "precision": 0.7395833333333334,
      "accuracy": 0.4676896477199049
    },
    "brier": 0.14341071248054504,
    "ece_15": 0.03726016858236507,
    "progress_mae": 0.24782922863960266,
    "failure_threshold": 0.640625,
    "failure": {
      "false_positive_rate": 0.04820143884892086,
      "true_positive_rate": 0.49755301794453505,
      "precision": 0.8198924731182796,
      "accuracy": 0.8127808287568647
    },
    "b_stop_proposals": 13881,
    "b_false_stop_proposals": 5986,
    "b_true_stop_proposals": 7895,
    "gated_false_stops": 292,
    "gated_true_stops": 1681,
    "residual_option_validation": {
      "labeled_states": 29,
      "strict_states": 4,
      "baseline_option": "RETRY_CURRENT",
      "override_options": [
        "REOBSERVE",
        "BACKTRACK_ONE",
        "ADVANCE",
        "CONSENSUS_PREFIX"
      ],
      "target_retry_states": 25,
      "target_tie_states": 25,
      "target_override_states": 4,
      "raw_false_recovery_rate": 0.04,
      "raw_recovery_rate": 0.0,
      "selective_recovery": {
        "max_false_recovery_rate": 0.05,
        "option_value_margin": 0.5214844346046448,
        "false_recovery_rate": 0.0,
        "true_recovery_rate": 0.0,
        "beneficial_recovery_rate": 0.0,
        "accuracy": 0.8620689655172413,
        "mean_decision_regret": 0.4137931168079376
      }
    },
    "failure_calibration_samples": 2003
  },
  "training_log": [
    {
      "step": 1,
      "learning_rate": 9.999975326009293e-07,
      "train_loss": 3.711625814437866,
      "train_completion_loss": 0.7771933674812317,
      "train_progress_loss": 0.09498422592878342,
      "train_failure_loss": 0.6979525089263916,
      "train_option_value_loss": 0.21737512946128845,
      "train_option_rank_loss": 0.2922225296497345,
      "train_option_classification_loss": 1.7622767686843872,
      "train_option_override_loss": 0.6334020495414734,
      "gradient_norm": 10.789588928222656,
      "development": {
        "samples": 19980,
        "completion_threshold": 0.80859375,
        "completion": {
          "false_positive_rate": 0.04861343133979285,
          "true_positive_rate": 0.024319189360354654,
          "precision": 0.39751552795031053,
          "accuracy": 0.4241048915784165
        },
        "progress_gate_threshold": 0.67578125,
        "progress_completion": {
          "false_positive_rate": 0.048279318409622456,
          "true_positive_rate": 0.02089930335655478,
          "precision": 0.3634361233480176,
          "accuracy": 0.4223038685973633
        },
        "maximum_gate_threshold": 0.80859375,
        "maximum_completion": {
          "false_positive_rate": 0.04878048780487805,
          "true_positive_rate": 0.024572514249525015,
          "precision": 0.3991769547325103,
          "accuracy": 0.42417693249765864
        },
        "brier": 0.2947550117969513,
        "ece_15": 0.2069265075065233,
        "progress_mae": 0.3923909068107605,
        "failure_threshold": null,
        "failure": null,
        "b_stop_proposals": 13881,
        "b_false_stop_proposals": 5986,
        "b_true_stop_proposals": 7895,
        "gated_false_stops": 291,
        "gated_true_stops": 192
      },
      "residual_option_validation": {
        "labeled_states": 29,
        "strict_states": 4,
        "baseline_option": "RETRY_CURRENT",
        "override_options": [
          "REOBSERVE",
          "BACKTRACK_ONE",
          "ADVANCE",
          "CONSENSUS_PREFIX"
        ],
        "target_retry_states": 25,
        "target_tie_states": 25,
        "target_override_states": 4,
        "raw_false_recovery_rate": 0.56,
        "raw_recovery_rate": 0.75,
        "selective_recovery": {
          "max_false_recovery_rate": 0.05,
          "option_value_margin": 1.2397462129592896,
          "false_recovery_rate": 0.0,
          "true_recovery_rate": 0.0,
          "beneficial_recovery_rate": 0.0,
          "accuracy": 0.8620689655172413,
          "mean_decision_regret": 0.4137931168079376
        }
      },
      "elapsed_seconds": 0.6678202960029012
    },
    {
      "step": 250,
      "learning_rate": 8.535533905932738e-05,
      "train_loss": 1.376511812210083,
      "train_completion_loss": 0.4200250804424286,
      "train_progress_loss": 0.06063109636306763,
      "train_failure_loss": 0.4886946976184845,
      "train_option_value_loss": 0.3283344507217407,
      "train_option_rank_loss": 0.08734232187271118,
      "train_option_classification_loss": 0.4185697138309479,
      "train_option_override_loss": 0.17826956510543823,
      "gradient_norm": 2.9295434951782227,
      "development": {
        "samples": 19980,
        "completion_threshold": 0.7578125,
        "completion": {
          "false_positive_rate": 0.04911460073504845,
          "true_positive_rate": 0.15896136795440152,
          "precision": 0.8102001291155584,
          "accuracy": 0.5004682659750739
        },
        "progress_gate_threshold": 0.86328125,
        "progress_completion": {
          "false_positive_rate": 0.04560641496825927,
          "true_positive_rate": 0.03774540848638379,
          "precision": 0.521891418563923,
          "accuracy": 0.4330379655644406
        },
        "maximum_gate_threshold": 0.86328125,
        "maximum_completion": {
          "false_positive_rate": 0.04694286668894086,
          "true_positive_rate": 0.04357188093730209,
          "precision": 0.5504,
          "accuracy": 0.4357755204956415
        },
        "brier": 0.17615506052970886,
        "ece_15": 0.04232901935321136,
        "progress_mae": 0.2921306788921356,
        "failure_threshold": null,
        "failure": null,
        "b_stop_proposals": 13881,
        "b_false_stop_proposals": 5986,
        "b_true_stop_proposals": 7895,
        "gated_false_stops": 294,
        "gated_true_stops": 1255
      },
      "residual_option_validation": {
        "labeled_states": 29,
        "strict_states": 4,
        "baseline_option": "RETRY_CURRENT",
        "override_options": [
          "REOBSERVE",
          "BACKTRACK_ONE",
          "ADVANCE",
          "CONSENSUS_PREFIX"
        ],
        "target_retry_states": 25,
        "target_tie_states": 25,
        "target_override_states": 4,
        "raw_false_recovery_rate": 0.04,
        "raw_recovery_rate": 0.0,
        "selective_recovery": {
          "max_false_recovery_rate": 0.05,
          "option_value_margin": 0.1093750074505806,
          "false_recovery_rate": 0.0,
          "true_recovery_rate": 0.0,
          "beneficial_recovery_rate": 0.0,
          "accuracy": 0.8620689655172413,
          "mean_decision_regret": 0.4137931168079376
        }
      },
      "elapsed_seconds": 2.9142146980011603
    },
    {
      "step": 500,
      "learning_rate": 5e-05,
      "train_loss": 1.0141938924789429,
      "train_completion_loss": 0.34326550364494324,
      "train_progress_loss": 0.05325010418891907,
      "train_failure_loss": 0.44423729181289673,
      "train_option_value_loss": 0.4541497528553009,
      "train_option_rank_loss": 0.0717867836356163,
      "train_option_classification_loss": 0.21435546875,
      "train_option_override_loss": 0.11784248054027557,
      "gradient_norm": 2.2335445880889893,
      "development": {
        "samples": 19980,
        "completion_threshold": 0.83203125,
        "completion": {
          "false_positive_rate": 0.04527230203808887,
          "true_positive_rate": 0.1987333755541482,
          "precision": 0.8527173913043479,
          "accuracy": 0.5247460557596715
        },
        "progress_gate_threshold": 0.8828125,
        "progress_completion": {
          "false_positive_rate": 0.04911460073504845,
          "true_positive_rate": 0.06054464851171627,
          "precision": 0.6191709844559585,
          "accuracy": 0.4444924717239392
        },
        "maximum_gate_threshold": 0.88671875,
        "maximum_completion": {
          "false_positive_rate": 0.04744403608419646,
          "true_positive_rate": 0.08473717542748575,
          "precision": 0.70199370409234,
          "accuracy": 0.4589726964916072
        },
        "brier": 0.14997440576553345,
        "ece_15": 0.03841177296784666,
        "progress_mae": 0.26062074303627014,
        "failure_threshold": null,
        "failure": null,
        "b_stop_proposals": 13881,
        "b_false_stop_proposals": 5986,
        "b_true_stop_proposals": 7895,
        "gated_false_stops": 271,
        "gated_true_stops": 1569
      },
      "residual_option_validation": {
        "labeled_states": 29,
        "strict_states": 4,
        "baseline_option": "RETRY_CURRENT",
        "override_options": [
          "REOBSERVE",
          "BACKTRACK_ONE",
          "ADVANCE",
          "CONSENSUS_PREFIX"
        ],
        "target_retry_states": 25,
        "target_tie_states": 25,
        "target_override_states": 4,
        "raw_false_recovery_rate": 0.04,
        "raw_recovery_rate": 0.0,
        "selective_recovery": {
          "max_false_recovery_rate": 0.05,
          "option_value_margin": 0.2558594048023224,
          "false_recovery_rate": 0.0,
          "true_recovery_rate": 0.0,
          "beneficial_recovery_rate": 0.0,
          "accuracy": 0.8620689655172413,
          "mean_decision_regret": 0.4137931168079376
        }
      },
      "elapsed_seconds": 5.1592052949999925
    },
    {
      "step": 750,
      "learning_rate": 1.4644660940672627e-05,
      "train_loss": 0.9877228736877441,
      "train_completion_loss": 0.3943603038787842,
      "train_progress_loss": 0.05003994330763817,
      "train_failure_loss": 0.3980332016944885,
      "train_option_value_loss": 0.5012491345405579,
      "train_option_rank_loss": 0.05576171725988388,
      "train_option_classification_loss": 0.19805438816547394,
      "train_option_override_loss": 0.0821862667798996,
      "gradient_norm": 2.172823667526245,
      "development": {
        "samples": 19980,
        "completion_threshold": 0.859375,
        "completion": {
          "false_positive_rate": 0.04794520547945205,
          "true_positive_rate": 0.20468651044965167,
          "precision": 0.8491854965843405,
          "accuracy": 0.5269793242561776
        },
        "progress_gate_threshold": 0.89453125,
        "progress_completion": {
          "false_positive_rate": 0.04276645506181089,
          "true_positive_rate": 0.05421152628245725,
          "precision": 0.6257309941520468,
          "accuracy": 0.44362798069303366
        },
        "maximum_gate_threshold": 0.8984375,
        "maximum_completion": {
          "false_positive_rate": 0.04376879385232209,
          "true_positive_rate": 0.09119696010132995,
          "precision": 0.7331975560081466,
          "accuracy": 0.4642316835962827
        },
        "brier": 0.14437595009803772,
        "ece_15": 0.03855749806640922,
        "progress_mae": 0.24991537630558014,
        "failure_threshold": null,
        "failure": null,
        "b_stop_proposals": 13881,
        "b_false_stop_proposals": 5986,
        "b_true_stop_proposals": 7895,
        "gated_false_stops": 287,
        "gated_true_stops": 1616
      },
      "residual_option_validation": {
        "labeled_states": 29,
        "strict_states": 4,
        "baseline_option": "RETRY_CURRENT",
        "override_options": [
          "REOBSERVE",
          "BACKTRACK_ONE",
          "ADVANCE",
          "CONSENSUS_PREFIX"
        ],
        "target_retry_states": 25,
        "target_tie_states": 25,
        "target_override_states": 4,
        "raw_false_recovery_rate": 0.04,
        "raw_recovery_rate": 0.0,
        "selective_recovery": {
          "max_false_recovery_rate": 0.05,
          "option_value_margin": 0.4921875298023224,
          "false_recovery_rate": 0.0,
          "true_recovery_rate": 0.0,
          "beneficial_recovery_rate": 0.0,
          "accuracy": 0.8620689655172413,
          "mean_decision_regret": 0.4137931168079376
        }
      },
      "elapsed_seconds": 7.615220002000569
    },
    {
      "step": 1000,
      "learning_rate": 0.0,
      "train_loss": 0.9977889060974121,
      "train_completion_loss": 0.3454864025115967,
      "train_progress_loss": 0.045850176364183426,
      "train_failure_loss": 0.4617374539375305,
      "train_option_value_loss": 0.48530450463294983,
      "train_option_rank_loss": 0.06201171875,
      "train_option_classification_loss": 0.21826171875,
      "train_option_override_loss": 0.09328847378492355,
      "gradient_norm": 1.9373772144317627,
      "development": {
        "samples": 19980,
        "completion_threshold": 0.859375,
        "completion": {
          "false_positive_rate": 0.04878048780487805,
          "true_positive_rate": 0.2129195693476884,
          "precision": 0.852002027369488,
          "accuracy": 0.5313017794107053
        },
        "progress_gate_threshold": 0.89453125,
        "progress_completion": {
          "false_positive_rate": 0.04744403608419646,
          "true_positive_rate": 0.06003799873337556,
          "precision": 0.6253298153034301,
          "accuracy": 0.444924717239392
        },
        "maximum_gate_threshold": 0.8984375,
        "maximum_completion": {
          "false_positive_rate": 0.045940527898429666,
          "true_positive_rate": 0.09892336922102597,
          "precision": 0.7395833333333334,
          "accuracy": 0.4676896477199049
        },
        "brier": 0.14341071248054504,
        "ece_15": 0.03726016858236507,
        "progress_mae": 0.24782922863960266,
        "failure_threshold": null,
        "failure": null,
        "b_stop_proposals": 13881,
        "b_false_stop_proposals": 5986,
        "b_true_stop_proposals": 7895,
        "gated_false_stops": 292,
        "gated_true_stops": 1681
      },
      "residual_option_validation": {
        "labeled_states": 29,
        "strict_states": 4,
        "baseline_option": "RETRY_CURRENT",
        "override_options": [
          "REOBSERVE",
          "BACKTRACK_ONE",
          "ADVANCE",
          "CONSENSUS_PREFIX"
        ],
        "target_retry_states": 25,
        "target_tie_states": 25,
        "target_override_states": 4,
        "raw_false_recovery_rate": 0.04,
        "raw_recovery_rate": 0.0,
        "selective_recovery": {
          "max_false_recovery_rate": 0.05,
          "option_value_margin": 0.5214844346046448,
          "false_recovery_rate": 0.0,
          "true_recovery_rate": 0.0,
          "beneficial_recovery_rate": 0.0,
          "accuracy": 0.8620689655172413,
          "mean_decision_regret": 0.4137931168079376
        }
      },
      "elapsed_seconds": 10.427899053000147
    }
  ],
  "elapsed_seconds": 10.461893683997914,
  "weights_sha256": "82539ae7186872fb3cc18f2bed5101ebafe336c70662fe6d6486fdb5c229e6f1"
}
