{"step": 1, "learning_rate": 9.999975326009293e-07, "train_loss": 4.067967891693115, "train_completion_loss": 0.7957910299301147, "train_progress_loss": 0.10226873308420181, "train_failure_loss": 0.6918030381202698, "train_option_value_loss": 0.15287654101848602, "train_option_rank_loss": 0.41003283858299255, "train_option_classification_loss": 1.9441964626312256, "train_option_override_loss": 0.7620145678520203, "gradient_norm": 9.016538619995117, "development": {"samples": 19980, "completion_threshold": 0.7109375, "completion": {"false_positive_rate": 0.049448713665218844, "true_positive_rate": 0.045471817606079795, "precision": 0.5480916030534351, "accuracy": 0.4357755204956415}, "progress_gate_threshold": 0.57421875, "progress_completion": {"false_positive_rate": 0.04710992315402606, "true_positive_rate": 0.026725775807473085, "precision": 0.4279918864097363, "accuracy": 0.42612203731719617}, "maximum_gate_threshold": 0.7109375, "maximum_completion": {"false_positive_rate": 0.04961577013030404, "true_positive_rate": 0.04585180493983534, "precision": 0.5493171471927162, "accuracy": 0.4359196023341258}, "brier": 0.2838400900363922, "ece_15": 0.19660607717923814, "progress_mae": 0.41020816564559937, "failure_threshold": null, "failure": null, "b_stop_proposals": 13881, "b_false_stop_proposals": 5986, "b_true_stop_proposals": 7895, "gated_false_stops": 296, "gated_true_stops": 359}, "residual_option_validation": {"labeled_states": 29, "strict_states": 4, "baseline_option": "RETRY_CURRENT", "override_options": ["REOBSERVE", "BACKTRACK_ONE", "ADVANCE", "CONSENSUS_PREFIX"], "target_retry_states": 25, "target_tie_states": 25, "target_override_states": 4, "raw_false_recovery_rate": 1.0, "raw_recovery_rate": 1.0, "selective_recovery": {"max_false_recovery_rate": 0.05, "option_value_margin": 1.0136719942092896, "false_recovery_rate": 0.0, "true_recovery_rate": 0.0, "beneficial_recovery_rate": 0.0, "accuracy": 0.8620689655172413, "mean_decision_regret": 0.4137931168079376}}, "elapsed_seconds": 0.6871850170136895}
{"step": 250, "learning_rate": 8.535533905932738e-05, "train_loss": 1.1646761894226074, "train_completion_loss": 0.4342632293701172, "train_progress_loss": 0.06204615533351898, "train_failure_loss": 0.567145586013794, "train_option_value_loss": 0.42447909712791443, "train_option_rank_loss": 0.07579824328422546, "train_option_classification_loss": 0.21657150983810425, "train_option_override_loss": 0.10682494193315506, "gradient_norm": 2.207305431365967, "development": {"samples": 19980, "completion_threshold": 0.71875, "completion": {"false_positive_rate": 0.04911460073504845, "true_positive_rate": 0.29537682077264094, "precision": 0.8880426504188881, "accuracy": 0.5780563359988473}, "progress_gate_threshold": 0.8046875, "progress_completion": {"false_positive_rate": 0.048446374874707654, "true_positive_rate": 0.05560481317289424, "precision": 0.6021947873799726, "accuracy": 0.4419710395504647}, "maximum_gate_threshold": 0.8046875, "maximum_completion": {"false_positive_rate": 0.049448713665218844, "true_positive_rate": 0.07625079164027866, "precision": 0.6703786191536748, "accuracy": 0.453281463871479}, "brier": 0.17279759049415588, "ece_15": 0.0847130766561678, "progress_mae": 0.29110074043273926, "failure_threshold": null, "failure": null, "b_stop_proposals": 13881, "b_false_stop_proposals": 5986, "b_true_stop_proposals": 7895, "gated_false_stops": 294, "gated_true_stops": 2332}, "residual_option_validation": {"labeled_states": 29, "strict_states": 4, "baseline_option": "RETRY_CURRENT", "override_options": ["REOBSERVE", "BACKTRACK_ONE", "ADVANCE", "CONSENSUS_PREFIX"], "target_retry_states": 25, "target_tie_states": 25, "target_override_states": 4, "raw_false_recovery_rate": 0.0, "raw_recovery_rate": 0.0, "selective_recovery": {"max_false_recovery_rate": 0.05, "option_value_margin": 0.0, "false_recovery_rate": 0.0, "true_recovery_rate": 0.0, "beneficial_recovery_rate": 0.0, "accuracy": 0.8620689655172413, "mean_decision_regret": 0.4137931168079376}}, "elapsed_seconds": 3.303010860006907}
{"step": 500, "learning_rate": 5e-05, "train_loss": 0.8092538118362427, "train_completion_loss": 0.290920227766037, "train_progress_loss": 0.04476472735404968, "train_failure_loss": 0.41953301429748535, "train_option_value_loss": 0.544499933719635, "train_option_rank_loss": 0.055775340646505356, "train_option_classification_loss": 0.118896484375, "train_option_override_loss": 0.07651202380657196, "gradient_norm": 2.5375571250915527, "development": {"samples": 19980, "completion_threshold": 0.86328125, "completion": {"false_positive_rate": 0.04811226194453725, "true_positive_rate": 0.45826472450918304, "precision": 0.9262672811059908, "accuracy": 0.6711332036596787}, "progress_gate_threshold": 0.859375, "progress_completion": {"false_positive_rate": 0.04978282659538924, "true_positive_rate": 0.11260291323622545, "precision": 0.7489469250210615, "accuracy": 0.4738131258554859}, "maximum_gate_threshold": 0.87890625, "maximum_completion": {"false_positive_rate": 0.04443701971266288, "true_positive_rate": 0.3641545281823939, "precision": 0.9153135943966889, "accuracy": 0.6191917008861033}, "brier": 0.1129038855433464, "ece_15": 0.04449931281013741, "progress_mae": 0.23823443055152893, "failure_threshold": null, "failure": null, "b_stop_proposals": 13881, "b_false_stop_proposals": 5986, "b_true_stop_proposals": 7895, "gated_false_stops": 288, "gated_true_stops": 3618}, "residual_option_validation": {"labeled_states": 29, "strict_states": 4, "baseline_option": "RETRY_CURRENT", "override_options": ["REOBSERVE", "BACKTRACK_ONE", "ADVANCE", "CONSENSUS_PREFIX"], "target_retry_states": 25, "target_tie_states": 25, "target_override_states": 4, "raw_false_recovery_rate": 0.0, "raw_recovery_rate": 0.0, "selective_recovery": {"max_false_recovery_rate": 0.05, "option_value_margin": 0.0, "false_recovery_rate": 0.0, "true_recovery_rate": 0.0, "beneficial_recovery_rate": 0.0, "accuracy": 0.8620689655172413, "mean_decision_regret": 0.4137931168079376}}, "elapsed_seconds": 6.220500586001435}
{"step": 750, "learning_rate": 1.4644660940672627e-05, "train_loss": 0.703937828540802, "train_completion_loss": 0.30590662360191345, "train_progress_loss": 0.036676835268735886, "train_failure_loss": 0.29130712151527405, "train_option_value_loss": 0.5893495082855225, "train_option_rank_loss": 0.015062157064676285, "train_option_classification_loss": 0.09006910771131516, "train_option_override_loss": 0.06293121725320816, "gradient_norm": 2.230708360671997, "development": {"samples": 19980, "completion_threshold": 0.89453125, "completion": {"false_positive_rate": 0.046608753758770466, "true_positive_rate": 0.4791640278657378, "precision": 0.931314623338257, "accuracy": 0.6836683236078093}, "progress_gate_threshold": 0.8828125, "progress_completion": {"false_positive_rate": 0.0417641162712997, "true_positive_rate": 0.09664344521849272, "precision": 0.7532082922013821, "accuracy": 0.4681939341545998}, "maximum_gate_threshold": 0.90234375, "maximum_completion": {"false_positive_rate": 0.04426996324757768, "true_positive_rate": 0.424572514249525, "precision": 0.9267348631462538, "accuracy": 0.6536272602838412}, "brier": 0.10881924629211426, "ece_15": 0.038530597699669974, "progress_mae": 0.2250380963087082, "failure_threshold": null, "failure": null, "b_stop_proposals": 13881, "b_false_stop_proposals": 5986, "b_true_stop_proposals": 7895, "gated_false_stops": 279, "gated_true_stops": 3783}, "residual_option_validation": {"labeled_states": 29, "strict_states": 4, "baseline_option": "RETRY_CURRENT", "override_options": ["REOBSERVE", "BACKTRACK_ONE", "ADVANCE", "CONSENSUS_PREFIX"], "target_retry_states": 25, "target_tie_states": 25, "target_override_states": 4, "raw_false_recovery_rate": 0.0, "raw_recovery_rate": 0.0, "selective_recovery": {"max_false_recovery_rate": 0.05, "option_value_margin": 0.0, "false_recovery_rate": 0.0, "true_recovery_rate": 0.0, "beneficial_recovery_rate": 0.0, "accuracy": 0.8620689655172413, "mean_decision_regret": 0.4137931168079376}}, "elapsed_seconds": 8.512268094011233}
{"step": 1000, "learning_rate": 0.0, "train_loss": 0.7347960472106934, "train_completion_loss": 0.25579386949539185, "train_progress_loss": 0.043507594615221024, "train_failure_loss": 0.41801518201828003, "train_option_value_loss": 0.5877265334129333, "train_option_rank_loss": 0.03819876164197922, "train_option_classification_loss": 0.0926688089966774, "train_option_override_loss": 0.06549584865570068, "gradient_norm": 2.925964593887329, "development": {"samples": 19980, "completion_threshold": 0.89453125, "completion": {"false_positive_rate": 0.046608753758770466, "true_positive_rate": 0.48613046231792273, "precision": 0.9322322079183871, "accuracy": 0.6876305741661264}, "progress_gate_threshold": 0.8828125, "progress_completion": {"false_positive_rate": 0.04310056799198129, "true_positive_rate": 0.12387587080430652, "precision": 0.7912621359223301, "accuracy": 0.4831064044377206}, "maximum_gate_threshold": 0.90234375, "maximum_completion": {"false_positive_rate": 0.04694286668894086, "true_positive_rate": 0.4416719442685244, "precision": 0.9254246284501062, "accuracy": 0.6622001296736546}, "brier": 0.10717105120420456, "ece_15": 0.03672713412715867, "progress_mae": 0.22419670224189758, "failure_threshold": null, "failure": null, "b_stop_proposals": 13881, "b_false_stop_proposals": 5986, "b_true_stop_proposals": 7895, "gated_false_stops": 279, "gated_true_stops": 3838}, "residual_option_validation": {"labeled_states": 29, "strict_states": 4, "baseline_option": "RETRY_CURRENT", "override_options": ["REOBSERVE", "BACKTRACK_ONE", "ADVANCE", "CONSENSUS_PREFIX"], "target_retry_states": 25, "target_tie_states": 25, "target_override_states": 4, "raw_false_recovery_rate": 0.0, "raw_recovery_rate": 0.0, "selective_recovery": {"max_false_recovery_rate": 0.05, "option_value_margin": 0.0, "false_recovery_rate": 0.0, "true_recovery_rate": 0.0, "beneficial_recovery_rate": 0.0, "accuracy": 0.8620689655172413, "mean_decision_regret": 0.4137931168079376}}, "elapsed_seconds": 11.135871623002458}
{
  "schema_version": 1,
  "experiment_id": "Ours",
  "variant": "GR00T-RC-SparkVLA-counterfactual-temporal-recovery",
  "method": "counterfactual-temporal-recovery",
  "parent_experiment": "B",
  "stage": "R0-counterfactual-option-distillation",
  "model": {
    "encoder": "mlp",
    "history_length": 4,
    "context_width": 2048,
    "action_horizon": 16,
    "action_dim": 7,
    "selector_candidates": 17,
    "scalar_width": 6,
    "temporal_width": 32,
    "temporal_layers": 1,
    "temporal_heads": 4,
    "feedforward_width": 128,
    "dropout": 0.5,
    "option_count": 6
  },
  "parameter_count": 150843,
  "dataset": "/HELIOS/Robotics/UnitreeRobotic/outputs/robocerebra/ctr-recovery-v1",
  "dataset_manifest_sha256": "7c158bdc007cb5ac25995f119894d7457cd4f7ed9bf7bdc7aa850aed41865a1a",
  "additional_train_dataset": null,
  "additional_train_dataset_manifest_sha256": null,
  "additional_train_datasets": [
    "/HELIOS/Robotics/UnitreeRobotic/outputs/robocerebra/ctr-counterfactual-rollout-v9-outcome-first-seed10007",
    "/HELIOS/Robotics/UnitreeRobotic/outputs/robocerebra/ctr-counterfactual-rollout-v9-outcome-first-seed11007",
    "/HELIOS/Robotics/UnitreeRobotic/outputs/robocerebra/ctr-counterfactual-rollout-v9-outcome-first-seed12007"
  ],
  "additional_train_dataset_manifests_sha256": [
    "0ff983b6fdca787a1055220ef3c8e1fb152cf9ed8e41e31fc9451f14fb4032ac",
    "3206d44b1e3eb53935cdd0668318271bd0105cba63d5ac92816ddef6013732d3",
    "8a4e374e2872e4f20bc1b2c855961cb85d21f028bf3f78717456318242c96146"
  ],
  "live_training_samples": 8550,
  "counterfactual_training_states": 160,
  "live_batch_fraction": 0.5,
  "option_batch_fraction": 0.25,
  "option_value_weight": 0.1,
  "option_rank_weight": 0.25,
  "option_classification_weight": 1.0,
  "option_override_weight": 1.0,
  "residual_option_advantages": true,
  "option_value_baseline": "RETRY_CURRENT",
  "option_sampling": "balanced-residual-override-and-retry-tie-v1",
  "selector_weights_sha256": "88a05811257384bbba867169b72103d3bc1e118f5813a9d6c4f4713b274e1f16",
  "a1_checkpoint_weight_shards_sha256": {
    "model-00001-of-00002.safetensors": "d273ca475107b081cb91ecb4f555b6ac46692ba0d8c337935c00a03dc889b973",
    "model-00002-of-00002.safetensors": "244a7ea7e7b2510a31cad92a805f59651301277a9e36508f863012bde49ed4aa"
  },
  "seed": 10007,
  "steps": 1000,
  "batch_size": 128,
  "learning_rate": 0.0001,
  "weight_decay": 0.1,
  "max_false_positive_rate": 0.05,
  "checkpoint_selection": "residual",
  "failure_calibration_scope": "held-out episodes from train base seeds",
  "selection_rule": "max beneficial residual recovery at false override<=limit, then recovery recall, min regret, completion TPR, min Brier, earliest tie",
  "selected_step": 1000,
  "development_metrics": {
    "samples": 19980,
    "completion_threshold": 0.89453125,
    "completion": {
      "false_positive_rate": 0.046608753758770466,
      "true_positive_rate": 0.48613046231792273,
      "precision": 0.9322322079183871,
      "accuracy": 0.6876305741661264
    },
    "progress_gate_threshold": 0.8828125,
    "progress_completion": {
      "false_positive_rate": 0.04310056799198129,
      "true_positive_rate": 0.12387587080430652,
      "precision": 0.7912621359223301,
      "accuracy": 0.4831064044377206
    },
    "maximum_gate_threshold": 0.90234375,
    "maximum_completion": {
      "false_positive_rate": 0.04694286668894086,
      "true_positive_rate": 0.4416719442685244,
      "precision": 0.9254246284501062,
      "accuracy": 0.6622001296736546
    },
    "brier": 0.10717105120420456,
    "ece_15": 0.03672713412715867,
    "progress_mae": 0.22419670224189758,
    "failure_threshold": 0.6171875,
    "failure": {
      "false_positive_rate": 0.0460431654676259,
      "true_positive_rate": 0.566068515497553,
      "precision": 0.8442822384428224,
      "accuracy": 0.835247129306041
    },
    "b_stop_proposals": 13881,
    "b_false_stop_proposals": 5986,
    "b_true_stop_proposals": 7895,
    "gated_false_stops": 279,
    "gated_true_stops": 3838,
    "residual_option_validation": {
      "labeled_states": 29,
      "strict_states": 4,
      "baseline_option": "RETRY_CURRENT",
      "override_options": [
        "REOBSERVE",
        "BACKTRACK_ONE",
        "ADVANCE",
        "CONSENSUS_PREFIX"
      ],
      "target_retry_states": 25,
      "target_tie_states": 25,
      "target_override_states": 4,
      "raw_false_recovery_rate": 0.0,
      "raw_recovery_rate": 0.0,
      "selective_recovery": {
        "max_false_recovery_rate": 0.05,
        "option_value_margin": 0.0,
        "false_recovery_rate": 0.0,
        "true_recovery_rate": 0.0,
        "beneficial_recovery_rate": 0.0,
        "accuracy": 0.8620689655172413,
        "mean_decision_regret": 0.4137931168079376
      }
    },
    "failure_calibration_samples": 2003
  },
  "training_log": [
    {
      "step": 1,
      "learning_rate": 9.999975326009293e-07,
      "train_loss": 4.067967891693115,
      "train_completion_loss": 0.7957910299301147,
      "train_progress_loss": 0.10226873308420181,
      "train_failure_loss": 0.6918030381202698,
      "train_option_value_loss": 0.15287654101848602,
      "train_option_rank_loss": 0.41003283858299255,
      "train_option_classification_loss": 1.9441964626312256,
      "train_option_override_loss": 0.7620145678520203,
      "gradient_norm": 9.016538619995117,
      "development": {
        "samples": 19980,
        "completion_threshold": 0.7109375,
        "completion": {
          "false_positive_rate": 0.049448713665218844,
          "true_positive_rate": 0.045471817606079795,
          "precision": 0.5480916030534351,
          "accuracy": 0.4357755204956415
        },
        "progress_gate_threshold": 0.57421875,
        "progress_completion": {
          "false_positive_rate": 0.04710992315402606,
          "true_positive_rate": 0.026725775807473085,
          "precision": 0.4279918864097363,
          "accuracy": 0.42612203731719617
        },
        "maximum_gate_threshold": 0.7109375,
        "maximum_completion": {
          "false_positive_rate": 0.04961577013030404,
          "true_positive_rate": 0.04585180493983534,
          "precision": 0.5493171471927162,
          "accuracy": 0.4359196023341258
        },
        "brier": 0.2838400900363922,
        "ece_15": 0.19660607717923814,
        "progress_mae": 0.41020816564559937,
        "failure_threshold": null,
        "failure": null,
        "b_stop_proposals": 13881,
        "b_false_stop_proposals": 5986,
        "b_true_stop_proposals": 7895,
        "gated_false_stops": 296,
        "gated_true_stops": 359
      },
      "residual_option_validation": {
        "labeled_states": 29,
        "strict_states": 4,
        "baseline_option": "RETRY_CURRENT",
        "override_options": [
          "REOBSERVE",
          "BACKTRACK_ONE",
          "ADVANCE",
          "CONSENSUS_PREFIX"
        ],
        "target_retry_states": 25,
        "target_tie_states": 25,
        "target_override_states": 4,
        "raw_false_recovery_rate": 1.0,
        "raw_recovery_rate": 1.0,
        "selective_recovery": {
          "max_false_recovery_rate": 0.05,
          "option_value_margin": 1.0136719942092896,
          "false_recovery_rate": 0.0,
          "true_recovery_rate": 0.0,
          "beneficial_recovery_rate": 0.0,
          "accuracy": 0.8620689655172413,
          "mean_decision_regret": 0.4137931168079376
        }
      },
      "elapsed_seconds": 0.6871850170136895
    },
    {
      "step": 250,
      "learning_rate": 8.535533905932738e-05,
      "train_loss": 1.1646761894226074,
      "train_completion_loss": 0.4342632293701172,
      "train_progress_loss": 0.06204615533351898,
      "train_failure_loss": 0.567145586013794,
      "train_option_value_loss": 0.42447909712791443,
      "train_option_rank_loss": 0.07579824328422546,
      "train_option_classification_loss": 0.21657150983810425,
      "train_option_override_loss": 0.10682494193315506,
      "gradient_norm": 2.207305431365967,
      "development": {
        "samples": 19980,
        "completion_threshold": 0.71875,
        "completion": {
          "false_positive_rate": 0.04911460073504845,
          "true_positive_rate": 0.29537682077264094,
          "precision": 0.8880426504188881,
          "accuracy": 0.5780563359988473
        },
        "progress_gate_threshold": 0.8046875,
        "progress_completion": {
          "false_positive_rate": 0.048446374874707654,
          "true_positive_rate": 0.05560481317289424,
          "precision": 0.6021947873799726,
          "accuracy": 0.4419710395504647
        },
        "maximum_gate_threshold": 0.8046875,
        "maximum_completion": {
          "false_positive_rate": 0.049448713665218844,
          "true_positive_rate": 0.07625079164027866,
          "precision": 0.6703786191536748,
          "accuracy": 0.453281463871479
        },
        "brier": 0.17279759049415588,
        "ece_15": 0.0847130766561678,
        "progress_mae": 0.29110074043273926,
        "failure_threshold": null,
        "failure": null,
        "b_stop_proposals": 13881,
        "b_false_stop_proposals": 5986,
        "b_true_stop_proposals": 7895,
        "gated_false_stops": 294,
        "gated_true_stops": 2332
      },
      "residual_option_validation": {
        "labeled_states": 29,
        "strict_states": 4,
        "baseline_option": "RETRY_CURRENT",
        "override_options": [
          "REOBSERVE",
          "BACKTRACK_ONE",
          "ADVANCE",
          "CONSENSUS_PREFIX"
        ],
        "target_retry_states": 25,
        "target_tie_states": 25,
        "target_override_states": 4,
        "raw_false_recovery_rate": 0.0,
        "raw_recovery_rate": 0.0,
        "selective_recovery": {
          "max_false_recovery_rate": 0.05,
          "option_value_margin": 0.0,
          "false_recovery_rate": 0.0,
          "true_recovery_rate": 0.0,
          "beneficial_recovery_rate": 0.0,
          "accuracy": 0.8620689655172413,
          "mean_decision_regret": 0.4137931168079376
        }
      },
      "elapsed_seconds": 3.303010860006907
    },
    {
      "step": 500,
      "learning_rate": 5e-05,
      "train_loss": 0.8092538118362427,
      "train_completion_loss": 0.290920227766037,
      "train_progress_loss": 0.04476472735404968,
      "train_failure_loss": 0.41953301429748535,
      "train_option_value_loss": 0.544499933719635,
      "train_option_rank_loss": 0.055775340646505356,
      "train_option_classification_loss": 0.118896484375,
      "train_option_override_loss": 0.07651202380657196,
      "gradient_norm": 2.5375571250915527,
      "development": {
        "samples": 19980,
        "completion_threshold": 0.86328125,
        "completion": {
          "false_positive_rate": 0.04811226194453725,
          "true_positive_rate": 0.45826472450918304,
          "precision": 0.9262672811059908,
          "accuracy": 0.6711332036596787
        },
        "progress_gate_threshold": 0.859375,
        "progress_completion": {
          "false_positive_rate": 0.04978282659538924,
          "true_positive_rate": 0.11260291323622545,
          "precision": 0.7489469250210615,
          "accuracy": 0.4738131258554859
        },
        "maximum_gate_threshold": 0.87890625,
        "maximum_completion": {
          "false_positive_rate": 0.04443701971266288,
          "true_positive_rate": 0.3641545281823939,
          "precision": 0.9153135943966889,
          "accuracy": 0.6191917008861033
        },
        "brier": 0.1129038855433464,
        "ece_15": 0.04449931281013741,
        "progress_mae": 0.23823443055152893,
        "failure_threshold": null,
        "failure": null,
        "b_stop_proposals": 13881,
        "b_false_stop_proposals": 5986,
        "b_true_stop_proposals": 7895,
        "gated_false_stops": 288,
        "gated_true_stops": 3618
      },
      "residual_option_validation": {
        "labeled_states": 29,
        "strict_states": 4,
        "baseline_option": "RETRY_CURRENT",
        "override_options": [
          "REOBSERVE",
          "BACKTRACK_ONE",
          "ADVANCE",
          "CONSENSUS_PREFIX"
        ],
        "target_retry_states": 25,
        "target_tie_states": 25,
        "target_override_states": 4,
        "raw_false_recovery_rate": 0.0,
        "raw_recovery_rate": 0.0,
        "selective_recovery": {
          "max_false_recovery_rate": 0.05,
          "option_value_margin": 0.0,
          "false_recovery_rate": 0.0,
          "true_recovery_rate": 0.0,
          "beneficial_recovery_rate": 0.0,
          "accuracy": 0.8620689655172413,
          "mean_decision_regret": 0.4137931168079376
        }
      },
      "elapsed_seconds": 6.220500586001435
    },
    {
      "step": 750,
      "learning_rate": 1.4644660940672627e-05,
      "train_loss": 0.703937828540802,
      "train_completion_loss": 0.30590662360191345,
      "train_progress_loss": 0.036676835268735886,
      "train_failure_loss": 0.29130712151527405,
      "train_option_value_loss": 0.5893495082855225,
      "train_option_rank_loss": 0.015062157064676285,
      "train_option_classification_loss": 0.09006910771131516,
      "train_option_override_loss": 0.06293121725320816,
      "gradient_norm": 2.230708360671997,
      "development": {
        "samples": 19980,
        "completion_threshold": 0.89453125,
        "completion": {
          "false_positive_rate": 0.046608753758770466,
          "true_positive_rate": 0.4791640278657378,
          "precision": 0.931314623338257,
          "accuracy": 0.6836683236078093
        },
        "progress_gate_threshold": 0.8828125,
        "progress_completion": {
          "false_positive_rate": 0.0417641162712997,
          "true_positive_rate": 0.09664344521849272,
          "precision": 0.7532082922013821,
          "accuracy": 0.4681939341545998
        },
        "maximum_gate_threshold": 0.90234375,
        "maximum_completion": {
          "false_positive_rate": 0.04426996324757768,
          "true_positive_rate": 0.424572514249525,
          "precision": 0.9267348631462538,
          "accuracy": 0.6536272602838412
        },
        "brier": 0.10881924629211426,
        "ece_15": 0.038530597699669974,
        "progress_mae": 0.2250380963087082,
        "failure_threshold": null,
        "failure": null,
        "b_stop_proposals": 13881,
        "b_false_stop_proposals": 5986,
        "b_true_stop_proposals": 7895,
        "gated_false_stops": 279,
        "gated_true_stops": 3783
      },
      "residual_option_validation": {
        "labeled_states": 29,
        "strict_states": 4,
        "baseline_option": "RETRY_CURRENT",
        "override_options": [
          "REOBSERVE",
          "BACKTRACK_ONE",
          "ADVANCE",
          "CONSENSUS_PREFIX"
        ],
        "target_retry_states": 25,
        "target_tie_states": 25,
        "target_override_states": 4,
        "raw_false_recovery_rate": 0.0,
        "raw_recovery_rate": 0.0,
        "selective_recovery": {
          "max_false_recovery_rate": 0.05,
          "option_value_margin": 0.0,
          "false_recovery_rate": 0.0,
          "true_recovery_rate": 0.0,
          "beneficial_recovery_rate": 0.0,
          "accuracy": 0.8620689655172413,
          "mean_decision_regret": 0.4137931168079376
        }
      },
      "elapsed_seconds": 8.512268094011233
    },
    {
      "step": 1000,
      "learning_rate": 0.0,
      "train_loss": 0.7347960472106934,
      "train_completion_loss": 0.25579386949539185,
      "train_progress_loss": 0.043507594615221024,
      "train_failure_loss": 0.41801518201828003,
      "train_option_value_loss": 0.5877265334129333,
      "train_option_rank_loss": 0.03819876164197922,
      "train_option_classification_loss": 0.0926688089966774,
      "train_option_override_loss": 0.06549584865570068,
      "gradient_norm": 2.925964593887329,
      "development": {
        "samples": 19980,
        "completion_threshold": 0.89453125,
        "completion": {
          "false_positive_rate": 0.046608753758770466,
          "true_positive_rate": 0.48613046231792273,
          "precision": 0.9322322079183871,
          "accuracy": 0.6876305741661264
        },
        "progress_gate_threshold": 0.8828125,
        "progress_completion": {
          "false_positive_rate": 0.04310056799198129,
          "true_positive_rate": 0.12387587080430652,
          "precision": 0.7912621359223301,
          "accuracy": 0.4831064044377206
        },
        "maximum_gate_threshold": 0.90234375,
        "maximum_completion": {
          "false_positive_rate": 0.04694286668894086,
          "true_positive_rate": 0.4416719442685244,
          "precision": 0.9254246284501062,
          "accuracy": 0.6622001296736546
        },
        "brier": 0.10717105120420456,
        "ece_15": 0.03672713412715867,
        "progress_mae": 0.22419670224189758,
        "failure_threshold": null,
        "failure": null,
        "b_stop_proposals": 13881,
        "b_false_stop_proposals": 5986,
        "b_true_stop_proposals": 7895,
        "gated_false_stops": 279,
        "gated_true_stops": 3838
      },
      "residual_option_validation": {
        "labeled_states": 29,
        "strict_states": 4,
        "baseline_option": "RETRY_CURRENT",
        "override_options": [
          "REOBSERVE",
          "BACKTRACK_ONE",
          "ADVANCE",
          "CONSENSUS_PREFIX"
        ],
        "target_retry_states": 25,
        "target_tie_states": 25,
        "target_override_states": 4,
        "raw_false_recovery_rate": 0.0,
        "raw_recovery_rate": 0.0,
        "selective_recovery": {
          "max_false_recovery_rate": 0.05,
          "option_value_margin": 0.0,
          "false_recovery_rate": 0.0,
          "true_recovery_rate": 0.0,
          "beneficial_recovery_rate": 0.0,
          "accuracy": 0.8620689655172413,
          "mean_decision_regret": 0.4137931168079376
        }
      },
      "elapsed_seconds": 11.135871623002458
    }
  ],
  "elapsed_seconds": 11.172079491007025,
  "weights_sha256": "18d8e0ab5760becf486241d580f585e980f0ff737bc0cfb87ef3c41241b72f2f"
}
