/HELIOS/Robotics/UnitreeRobotic/.upstream/Isaac-GR00T-N1.7/.venv/lib/python3.10/site-packages/torch/nn/modules/transformer.py:382: UserWarning: enable_nested_tensor is True, but self.use_nested_tensor is False because encoder_layer.norm_first was True
  warnings.warn(
/HELIOS/Robotics/UnitreeRobotic/.upstream/Isaac-GR00T-N1.7/.venv/lib/python3.10/site-packages/torch/autograd/graph.py:824: UserWarning: Flash Attention defaults to a non-deterministic algorithm. To explicitly enable determinism call torch.use_deterministic_algorithms(True, warn_only=False). (Triggered internally at /pytorch/aten/src/ATen/native/transformers/cuda/attention_backward.cu:104.)
  return Variable._execution_engine.run_backward(  # Calls into the C++ engine to run the backward pass
{"step": 1, "learning_rate": 9.9999890337769e-07, "train_loss": 3.807098865509033, "train_completion_loss": 0.9177720546722412, "train_progress_loss": 0.07861620932817459, "train_failure_loss": 0.7900792360305786, "train_option_value_loss": 0.21344870328903198, "train_option_rank_loss": 0.32968252897262573, "train_option_classification_loss": 1.7232142686843872, "train_option_override_loss": 0.588691234588623, "gradient_norm": 15.512803077697754, "development": {"samples": 19980, "completion_threshold": 0.8046875, "completion": {"false_positive_rate": 0.048446374874707654, "true_positive_rate": 0.05433818872704243, "precision": 0.5966620305980529, "accuracy": 0.44125063035804335}, "progress_gate_threshold": 0.7578125, "progress_completion": {"false_positive_rate": 0.04878048780487805, "true_positive_rate": 0.03103229892336922, "precision": 0.45623836126629425, "accuracy": 0.42785101937900727}, "maximum_gate_threshold": 0.8125, "maximum_completion": {"false_positive_rate": 0.042432342131640495, "true_positive_rate": 0.04319189360354655, "precision": 0.573109243697479, "accuracy": 0.43750450255745266}, "brier": 0.3295162618160248, "ece_15": 0.26999699756189866, "progress_mae": 0.33839476108551025, "failure_threshold": null, "failure": null, "b_stop_proposals": 13881, "b_false_stop_proposals": 5986, "b_true_stop_proposals": 7895, "gated_false_stops": 290, "gated_true_stops": 429}, "residual_option_validation": {"labeled_states": 29, "strict_states": 4, "baseline_option": "RETRY_CURRENT", "override_options": ["REOBSERVE", "BACKTRACK_ONE", "ADVANCE", "CONSENSUS_PREFIX"], "target_retry_states": 25, "target_tie_states": 25, "target_override_states": 4, "raw_false_recovery_rate": 0.44, "raw_recovery_rate": 0.5, "selective_recovery": {"max_false_recovery_rate": 0.05, "option_value_margin": 1.4262696504592896, "false_recovery_rate": 0.0, "true_recovery_rate": 0.0, "beneficial_recovery_rate": 0.0, "accuracy": 0.8620689655172413, "mean_decision_regret": 0.4137931168079376}}, "elapsed_seconds": 0.8532648670079652}
{"step": 250, "learning_rate": 9.330127018922194e-05, "train_loss": 0.5919479131698608, "train_completion_loss": 0.19848042726516724, "train_progress_loss": 0.04085300862789154, "train_failure_loss": 0.32969751954078674, "train_option_value_loss": 0.6851872205734253, "train_option_rank_loss": 0.03927966207265854, "train_option_classification_loss": 0.06582406908273697, "train_option_override_loss": 0.04360298067331314, "gradient_norm": 2.036407470703125, "development": {"samples": 19980, "completion_threshold": 0.91796875, "completion": {"false_positive_rate": 0.048279318409622456, "true_positive_rate": 0.525649145028499, "precision": 0.9348952466771795, "accuracy": 0.7093869317772494}, "progress_gate_threshold": 0.9296875, "progress_completion": {"false_positive_rate": 0.047611092549281656, "true_positive_rate": 0.20367321089297025, "precision": 0.849445324881141, "accuracy": 0.5265470787407247}, "maximum_gate_threshold": 0.94140625, "maximum_completion": {"false_positive_rate": 0.043935850317407286, "true_positive_rate": 0.46320455984800507, "precision": 0.9329081632653061, "accuracy": 0.675743822491175}, "brier": 0.1058042049407959, "ece_15": 0.038360105767413555, "progress_mae": 0.20172914862632751, "failure_threshold": null, "failure": null, "b_stop_proposals": 13881, "b_false_stop_proposals": 5986, "b_true_stop_proposals": 7895, "gated_false_stops": 289, "gated_true_stops": 4150}, "residual_option_validation": {"labeled_states": 29, "strict_states": 4, "baseline_option": "RETRY_CURRENT", "override_options": ["REOBSERVE", "BACKTRACK_ONE", "ADVANCE", "CONSENSUS_PREFIX"], "target_retry_states": 25, "target_tie_states": 25, "target_override_states": 4, "raw_false_recovery_rate": 0.0, "raw_recovery_rate": 0.0, "selective_recovery": {"max_false_recovery_rate": 0.05, "option_value_margin": 0.0, "false_recovery_rate": 0.0, "true_recovery_rate": 0.0, "beneficial_recovery_rate": 0.0, "accuracy": 0.8620689655172413, "mean_decision_regret": 0.4137931168079376}}, "elapsed_seconds": 3.8434980970050674}
{"step": 500, "learning_rate": 7.500000000000001e-05, "train_loss": 0.4439108073711395, "train_completion_loss": 0.16396883130073547, "train_progress_loss": 0.03566071391105652, "train_failure_loss": 0.18027296662330627, "train_option_value_loss": 0.7331416010856628, "train_option_rank_loss": 0.012571219354867935, "train_option_classification_loss": 0.0401204414665699, "train_option_override_loss": 0.037567388266325, "gradient_norm": 2.2513515949249268, "development": {"samples": 19980, "completion_threshold": 0.95703125, "completion": {"false_positive_rate": 0.04994988306047444, "true_positive_rate": 0.6129195693476884, "precision": 0.9418061502530167, "accuracy": 0.7583027159426554}, "progress_gate_threshold": 0.95703125, "progress_completion": {"false_positive_rate": 0.04727697961911126, "true_positive_rate": 0.24420519316022798, "precision": 0.872003618272275, "accuracy": 0.5497442547366904}, "maximum_gate_threshold": 0.96875, "maximum_completion": {"false_positive_rate": 0.0420982292014701, "true_positive_rate": 0.5689677010766307, "precision": 0.9468802698145026, "accuracy": 0.7366904401700166}, "brier": 0.09260688722133636, "ece_15": 0.04952067220331848, "progress_mae": 0.1705741435289383, "failure_threshold": null, "failure": null, "b_stop_proposals": 13881, "b_false_stop_proposals": 5986, "b_true_stop_proposals": 7895, "gated_false_stops": 299, "gated_true_stops": 4839}, "residual_option_validation": {"labeled_states": 29, "strict_states": 4, "baseline_option": "RETRY_CURRENT", "override_options": ["REOBSERVE", "BACKTRACK_ONE", "ADVANCE", "CONSENSUS_PREFIX"], "target_retry_states": 25, "target_tie_states": 25, "target_override_states": 4, "raw_false_recovery_rate": 0.0, "raw_recovery_rate": 0.0, "selective_recovery": {"max_false_recovery_rate": 0.05, "option_value_margin": 0.0, "false_recovery_rate": 0.0, "true_recovery_rate": 0.0, "beneficial_recovery_rate": 0.0, "accuracy": 0.8620689655172413, "mean_decision_regret": 0.4137931168079376}}, "elapsed_seconds": 7.162535170005867}
{"step": 750, "learning_rate": 5e-05, "train_loss": 0.3916112780570984, "train_completion_loss": 0.16036082804203033, "train_progress_loss": 0.025469724088907242, "train_failure_loss": 0.12398745119571686, "train_option_value_loss": 0.8026487827301025, "train_option_rank_loss": 0.03673722594976425, "train_option_classification_loss": 0.03167255222797394, "train_option_override_loss": 0.022665252909064293, "gradient_norm": 2.233722686767578, "development": {"samples": 19980, "completion_threshold": 0.96484375, "completion": {"false_positive_rate": 0.04610758436351487, "true_positive_rate": 0.6487650411652945, "precision": 0.9488699518340126, "accuracy": 0.7803472372307471}, "progress_gate_threshold": 0.96484375, "progress_completion": {"false_positive_rate": 0.03792181757434013, "true_positive_rate": 0.2357188093730209, "precision": 0.8912835249042146, "accuracy": 0.548951804625027}, "maximum_gate_threshold": 0.97265625, "maximum_completion": {"false_positive_rate": 0.04376879385232209, "true_positive_rate": 0.6200126662444585, "precision": 0.9491952685669963, "accuracy": 0.7650025214321735}, "brier": 0.08667391538619995, "ece_15": 0.0516321855158106, "progress_mae": 0.15738876163959503, "failure_threshold": null, "failure": null, "b_stop_proposals": 13881, "b_false_stop_proposals": 5986, "b_true_stop_proposals": 7895, "gated_false_stops": 276, "gated_true_stops": 5122}, "residual_option_validation": {"labeled_states": 29, "strict_states": 4, "baseline_option": "RETRY_CURRENT", "override_options": ["REOBSERVE", "BACKTRACK_ONE", "ADVANCE", "CONSENSUS_PREFIX"], "target_retry_states": 25, "target_tie_states": 25, "target_override_states": 4, "raw_false_recovery_rate": 0.0, "raw_recovery_rate": 0.0, "selective_recovery": {"max_false_recovery_rate": 0.05, "option_value_margin": 0.0, "false_recovery_rate": 0.0, "true_recovery_rate": 0.0, "beneficial_recovery_rate": 0.0, "accuracy": 0.8620689655172413, "mean_decision_regret": 0.4137931168079376}}, "elapsed_seconds": 10.447089284003596}
{"step": 1000, "learning_rate": 2.500000000000001e-05, "train_loss": 0.39899763464927673, "train_completion_loss": 0.1664118617773056, "train_progress_loss": 0.025826919823884964, "train_failure_loss": 0.1387626677751541, "train_option_value_loss": 0.8199812769889832, "train_option_rank_loss": 0.015236594714224339, "train_option_classification_loss": 0.0260794498026371, "train_option_override_loss": 0.025490781292319298, "gradient_norm": 3.0080771446228027, "development": {"samples": 19980, "completion_threshold": 0.96875, "completion": {"false_positive_rate": 0.04961577013030404, "true_positive_rate": 0.679290690310323, "precision": 0.9475265017667844, "accuracy": 0.7961962394640155}, "progress_gate_threshold": 0.96875, "progress_completion": {"false_positive_rate": 0.044102906782492485, "true_positive_rate": 0.24585180493983533, "precision": 0.8802721088435375, "accuracy": 0.5520495641524386}, "maximum_gate_threshold": 0.9765625, "maximum_completion": {"false_positive_rate": 0.04894754426996325, "true_positive_rate": 0.6509183027232426, "precision": 0.946060382916053, "accuracy": 0.7803472372307471}, "brier": 0.0873861312866211, "ece_15": 0.0578955458299545, "progress_mae": 0.14894792437553406, "failure_threshold": null, "failure": null, "b_stop_proposals": 13881, "b_false_stop_proposals": 5986, "b_true_stop_proposals": 7895, "gated_false_stops": 297, "gated_true_stops": 5363}, "residual_option_validation": {"labeled_states": 29, "strict_states": 4, "baseline_option": "RETRY_CURRENT", "override_options": ["REOBSERVE", "BACKTRACK_ONE", "ADVANCE", "CONSENSUS_PREFIX"], "target_retry_states": 25, "target_tie_states": 25, "target_override_states": 4, "raw_false_recovery_rate": 0.0, "raw_recovery_rate": 0.0, "selective_recovery": {"max_false_recovery_rate": 0.05, "option_value_margin": 0.0, "false_recovery_rate": 0.0, "true_recovery_rate": 0.0, "beneficial_recovery_rate": 0.0, "accuracy": 0.8620689655172413, "mean_decision_regret": 0.4137931168079376}}, "elapsed_seconds": 13.553345756008639}
{"step": 1250, "learning_rate": 6.698729810778065e-06, "train_loss": 0.3163989186286926, "train_completion_loss": 0.1136816143989563, "train_progress_loss": 0.019758589565753937, "train_failure_loss": 0.1070970743894577, "train_option_value_loss": 0.8337915539741516, "train_option_rank_loss": 0.010730785317718983, "train_option_classification_loss": 0.02349853515625, "train_option_override_loss": 0.019849808886647224, "gradient_norm": 1.803027868270874, "development": {"samples": 19980, "completion_threshold": 0.96875, "completion": {"false_positive_rate": 0.04543935850317407, "true_positive_rate": 0.6862571247625079, "precision": 0.9521968365553602, "accuracy": 0.801959513003386}, "progress_gate_threshold": 0.96875, "progress_completion": {"false_positive_rate": 0.04794520547945205, "true_positive_rate": 0.3155161494616846, "precision": 0.8966882649388049, "accuracy": 0.5900151285930408}, "maximum_gate_threshold": 0.98046875, "maximum_completion": {"false_positive_rate": 0.03608419645840294, "true_positive_rate": 0.6186193793540216, "precision": 0.9576470588235294, "accuracy": 0.767523953605648}, "brier": 0.08399184048175812, "ece_15": 0.055306238200314155, "progress_mae": 0.1451583355665207, "failure_threshold": null, "failure": null, "b_stop_proposals": 13881, "b_false_stop_proposals": 5986, "b_true_stop_proposals": 7895, "gated_false_stops": 272, "gated_true_stops": 5418}, "residual_option_validation": {"labeled_states": 29, "strict_states": 4, "baseline_option": "RETRY_CURRENT", "override_options": ["REOBSERVE", "BACKTRACK_ONE", "ADVANCE", "CONSENSUS_PREFIX"], "target_retry_states": 25, "target_tie_states": 25, "target_override_states": 4, "raw_false_recovery_rate": 0.0, "raw_recovery_rate": 0.0, "selective_recovery": {"max_false_recovery_rate": 0.05, "option_value_margin": 0.0, "false_recovery_rate": 0.0, "true_recovery_rate": 0.0, "beneficial_recovery_rate": 0.0, "accuracy": 0.8620689655172413, "mean_decision_regret": 0.4137931168079376}}, "elapsed_seconds": 16.612162497011013}
{"step": 1500, "learning_rate": 0.0, "train_loss": 0.3620396852493286, "train_completion_loss": 0.15463215112686157, "train_progress_loss": 0.024155618622899055, "train_failure_loss": 0.09037627279758453, "train_option_value_loss": 0.8442627191543579, "train_option_rank_loss": 0.013985165394842625, "train_option_classification_loss": 0.02743966318666935, "train_option_override_loss": 0.022701557725667953, "gradient_norm": 2.4800851345062256, "development": {"samples": 19980, "completion_threshold": 0.96875, "completion": {"false_positive_rate": 0.04610758436351487, "true_positive_rate": 0.6887903736542115, "precision": 0.9516975848792439, "accuracy": 0.80311216771126}, "progress_gate_threshold": 0.97265625, "progress_completion": {"false_positive_rate": 0.033912462412295355, "true_positive_rate": 0.18353388220392652, "precision": 0.8771186440677966, "accuracy": 0.5209999279590808}, "maximum_gate_threshold": 0.98046875, "maximum_completion": {"false_positive_rate": 0.03691947878382893, "true_positive_rate": 0.6212792906903103, "precision": 0.9568864611783067, "accuracy": 0.768676608313522}, "brier": 0.08428137749433517, "ece_15": 0.05586542556122004, "progress_mae": 0.1442512571811676, "failure_threshold": null, "failure": null, "b_stop_proposals": 13881, "b_false_stop_proposals": 5986, "b_true_stop_proposals": 7895, "gated_false_stops": 276, "gated_true_stops": 5438}, "residual_option_validation": {"labeled_states": 29, "strict_states": 4, "baseline_option": "RETRY_CURRENT", "override_options": ["REOBSERVE", "BACKTRACK_ONE", "ADVANCE", "CONSENSUS_PREFIX"], "target_retry_states": 25, "target_tie_states": 25, "target_override_states": 4, "raw_false_recovery_rate": 0.0, "raw_recovery_rate": 0.0, "selective_recovery": {"max_false_recovery_rate": 0.05, "option_value_margin": 0.0, "false_recovery_rate": 0.0, "true_recovery_rate": 0.0, "beneficial_recovery_rate": 0.0, "accuracy": 0.8620689655172413, "mean_decision_regret": 0.4137931168079376}}, "elapsed_seconds": 20.4329103630007}
{
  "schema_version": 1,
  "experiment_id": "Ours",
  "variant": "GR00T-RC-SparkVLA-counterfactual-temporal-recovery",
  "method": "counterfactual-temporal-recovery",
  "parent_experiment": "B",
  "stage": "R0-counterfactual-option-distillation",
  "model": {
    "encoder": "transformer",
    "history_length": 8,
    "context_width": 2048,
    "action_horizon": 16,
    "action_dim": 7,
    "selector_candidates": 17,
    "scalar_width": 6,
    "temporal_width": 64,
    "temporal_layers": 1,
    "temporal_heads": 4,
    "feedforward_width": 128,
    "dropout": 0.25,
    "option_count": 6
  },
  "parameter_count": 315771,
  "dataset": "/HELIOS/Robotics/UnitreeRobotic/outputs/robocerebra/ctr-recovery-v1",
  "dataset_manifest_sha256": "7c158bdc007cb5ac25995f119894d7457cd4f7ed9bf7bdc7aa850aed41865a1a",
  "additional_train_dataset": null,
  "additional_train_dataset_manifest_sha256": null,
  "additional_train_datasets": [
    "/HELIOS/Robotics/UnitreeRobotic/outputs/robocerebra/ctr-counterfactual-rollout-v9-outcome-first-seed10007",
    "/HELIOS/Robotics/UnitreeRobotic/outputs/robocerebra/ctr-counterfactual-rollout-v9-outcome-first-seed11007",
    "/HELIOS/Robotics/UnitreeRobotic/outputs/robocerebra/ctr-counterfactual-rollout-v9-outcome-first-seed12007"
  ],
  "additional_train_dataset_manifests_sha256": [
    "0ff983b6fdca787a1055220ef3c8e1fb152cf9ed8e41e31fc9451f14fb4032ac",
    "3206d44b1e3eb53935cdd0668318271bd0105cba63d5ac92816ddef6013732d3",
    "8a4e374e2872e4f20bc1b2c855961cb85d21f028bf3f78717456318242c96146"
  ],
  "live_training_samples": 8550,
  "counterfactual_training_states": 160,
  "live_batch_fraction": 0.5,
  "option_batch_fraction": 0.25,
  "option_value_weight": 0.1,
  "option_rank_weight": 0.25,
  "option_classification_weight": 1.0,
  "option_override_weight": 1.0,
  "residual_option_advantages": true,
  "option_value_baseline": "RETRY_CURRENT",
  "option_sampling": "balanced-residual-override-and-retry-tie-v1",
  "selector_weights_sha256": "88a05811257384bbba867169b72103d3bc1e118f5813a9d6c4f4713b274e1f16",
  "a1_checkpoint_weight_shards_sha256": {
    "model-00001-of-00002.safetensors": "d273ca475107b081cb91ecb4f555b6ac46692ba0d8c337935c00a03dc889b973",
    "model-00002-of-00002.safetensors": "244a7ea7e7b2510a31cad92a805f59651301277a9e36508f863012bde49ed4aa"
  },
  "seed": 10007,
  "steps": 1500,
  "batch_size": 128,
  "learning_rate": 0.0001,
  "weight_decay": 0.05,
  "max_false_positive_rate": 0.05,
  "checkpoint_selection": "residual",
  "failure_calibration_scope": "held-out episodes from train base seeds",
  "selection_rule": "max beneficial residual recovery at false override<=limit, then recovery recall, min regret, completion TPR, min Brier, earliest tie",
  "selected_step": 1500,
  "development_metrics": {
    "samples": 19980,
    "completion_threshold": 0.96875,
    "completion": {
      "false_positive_rate": 0.04610758436351487,
      "true_positive_rate": 0.6887903736542115,
      "precision": 0.9516975848792439,
      "accuracy": 0.80311216771126
    },
    "progress_gate_threshold": 0.97265625,
    "progress_completion": {
      "false_positive_rate": 0.033912462412295355,
      "true_positive_rate": 0.18353388220392652,
      "precision": 0.8771186440677966,
      "accuracy": 0.5209999279590808
    },
    "maximum_gate_threshold": 0.98046875,
    "maximum_completion": {
      "false_positive_rate": 0.03691947878382893,
      "true_positive_rate": 0.6212792906903103,
      "precision": 0.9568864611783067,
      "accuracy": 0.768676608313522
    },
    "brier": 0.08428137749433517,
    "ece_15": 0.05586542556122004,
    "progress_mae": 0.1442512571811676,
    "failure_threshold": 0.328125,
    "failure": {
      "false_positive_rate": 0.04964028776978417,
      "true_positive_rate": 0.7373572593800979,
      "precision": 0.8675623800383877,
      "accuracy": 0.8851722416375437
    },
    "b_stop_proposals": 13881,
    "b_false_stop_proposals": 5986,
    "b_true_stop_proposals": 7895,
    "gated_false_stops": 276,
    "gated_true_stops": 5438,
    "residual_option_validation": {
      "labeled_states": 29,
      "strict_states": 4,
      "baseline_option": "RETRY_CURRENT",
      "override_options": [
        "REOBSERVE",
        "BACKTRACK_ONE",
        "ADVANCE",
        "CONSENSUS_PREFIX"
      ],
      "target_retry_states": 25,
      "target_tie_states": 25,
      "target_override_states": 4,
      "raw_false_recovery_rate": 0.0,
      "raw_recovery_rate": 0.0,
      "selective_recovery": {
        "max_false_recovery_rate": 0.05,
        "option_value_margin": 0.0,
        "false_recovery_rate": 0.0,
        "true_recovery_rate": 0.0,
        "beneficial_recovery_rate": 0.0,
        "accuracy": 0.8620689655172413,
        "mean_decision_regret": 0.4137931168079376
      }
    },
    "failure_calibration_samples": 2003
  },
  "training_log": [
    {
      "step": 1,
      "learning_rate": 9.9999890337769e-07,
      "train_loss": 3.807098865509033,
      "train_completion_loss": 0.9177720546722412,
      "train_progress_loss": 0.07861620932817459,
      "train_failure_loss": 0.7900792360305786,
      "train_option_value_loss": 0.21344870328903198,
      "train_option_rank_loss": 0.32968252897262573,
      "train_option_classification_loss": 1.7232142686843872,
      "train_option_override_loss": 0.588691234588623,
      "gradient_norm": 15.512803077697754,
      "development": {
        "samples": 19980,
        "completion_threshold": 0.8046875,
        "completion": {
          "false_positive_rate": 0.048446374874707654,
          "true_positive_rate": 0.05433818872704243,
          "precision": 0.5966620305980529,
          "accuracy": 0.44125063035804335
        },
        "progress_gate_threshold": 0.7578125,
        "progress_completion": {
          "false_positive_rate": 0.04878048780487805,
          "true_positive_rate": 0.03103229892336922,
          "precision": 0.45623836126629425,
          "accuracy": 0.42785101937900727
        },
        "maximum_gate_threshold": 0.8125,
        "maximum_completion": {
          "false_positive_rate": 0.042432342131640495,
          "true_positive_rate": 0.04319189360354655,
          "precision": 0.573109243697479,
          "accuracy": 0.43750450255745266
        },
        "brier": 0.3295162618160248,
        "ece_15": 0.26999699756189866,
        "progress_mae": 0.33839476108551025,
        "failure_threshold": null,
        "failure": null,
        "b_stop_proposals": 13881,
        "b_false_stop_proposals": 5986,
        "b_true_stop_proposals": 7895,
        "gated_false_stops": 290,
        "gated_true_stops": 429
      },
      "residual_option_validation": {
        "labeled_states": 29,
        "strict_states": 4,
        "baseline_option": "RETRY_CURRENT",
        "override_options": [
          "REOBSERVE",
          "BACKTRACK_ONE",
          "ADVANCE",
          "CONSENSUS_PREFIX"
        ],
        "target_retry_states": 25,
        "target_tie_states": 25,
        "target_override_states": 4,
        "raw_false_recovery_rate": 0.44,
        "raw_recovery_rate": 0.5,
        "selective_recovery": {
          "max_false_recovery_rate": 0.05,
          "option_value_margin": 1.4262696504592896,
          "false_recovery_rate": 0.0,
          "true_recovery_rate": 0.0,
          "beneficial_recovery_rate": 0.0,
          "accuracy": 0.8620689655172413,
          "mean_decision_regret": 0.4137931168079376
        }
      },
      "elapsed_seconds": 0.8532648670079652
    },
    {
      "step": 250,
      "learning_rate": 9.330127018922194e-05,
      "train_loss": 0.5919479131698608,
      "train_completion_loss": 0.19848042726516724,
      "train_progress_loss": 0.04085300862789154,
      "train_failure_loss": 0.32969751954078674,
      "train_option_value_loss": 0.6851872205734253,
      "train_option_rank_loss": 0.03927966207265854,
      "train_option_classification_loss": 0.06582406908273697,
      "train_option_override_loss": 0.04360298067331314,
      "gradient_norm": 2.036407470703125,
      "development": {
        "samples": 19980,
        "completion_threshold": 0.91796875,
        "completion": {
          "false_positive_rate": 0.048279318409622456,
          "true_positive_rate": 0.525649145028499,
          "precision": 0.9348952466771795,
          "accuracy": 0.7093869317772494
        },
        "progress_gate_threshold": 0.9296875,
        "progress_completion": {
          "false_positive_rate": 0.047611092549281656,
          "true_positive_rate": 0.20367321089297025,
          "precision": 0.849445324881141,
          "accuracy": 0.5265470787407247
        },
        "maximum_gate_threshold": 0.94140625,
        "maximum_completion": {
          "false_positive_rate": 0.043935850317407286,
          "true_positive_rate": 0.46320455984800507,
          "precision": 0.9329081632653061,
          "accuracy": 0.675743822491175
        },
        "brier": 0.1058042049407959,
        "ece_15": 0.038360105767413555,
        "progress_mae": 0.20172914862632751,
        "failure_threshold": null,
        "failure": null,
        "b_stop_proposals": 13881,
        "b_false_stop_proposals": 5986,
        "b_true_stop_proposals": 7895,
        "gated_false_stops": 289,
        "gated_true_stops": 4150
      },
      "residual_option_validation": {
        "labeled_states": 29,
        "strict_states": 4,
        "baseline_option": "RETRY_CURRENT",
        "override_options": [
          "REOBSERVE",
          "BACKTRACK_ONE",
          "ADVANCE",
          "CONSENSUS_PREFIX"
        ],
        "target_retry_states": 25,
        "target_tie_states": 25,
        "target_override_states": 4,
        "raw_false_recovery_rate": 0.0,
        "raw_recovery_rate": 0.0,
        "selective_recovery": {
          "max_false_recovery_rate": 0.05,
          "option_value_margin": 0.0,
          "false_recovery_rate": 0.0,
          "true_recovery_rate": 0.0,
          "beneficial_recovery_rate": 0.0,
          "accuracy": 0.8620689655172413,
          "mean_decision_regret": 0.4137931168079376
        }
      },
      "elapsed_seconds": 3.8434980970050674
    },
    {
      "step": 500,
      "learning_rate": 7.500000000000001e-05,
      "train_loss": 0.4439108073711395,
      "train_completion_loss": 0.16396883130073547,
      "train_progress_loss": 0.03566071391105652,
      "train_failure_loss": 0.18027296662330627,
      "train_option_value_loss": 0.7331416010856628,
      "train_option_rank_loss": 0.012571219354867935,
      "train_option_classification_loss": 0.0401204414665699,
      "train_option_override_loss": 0.037567388266325,
      "gradient_norm": 2.2513515949249268,
      "development": {
        "samples": 19980,
        "completion_threshold": 0.95703125,
        "completion": {
          "false_positive_rate": 0.04994988306047444,
          "true_positive_rate": 0.6129195693476884,
          "precision": 0.9418061502530167,
          "accuracy": 0.7583027159426554
        },
        "progress_gate_threshold": 0.95703125,
        "progress_completion": {
          "false_positive_rate": 0.04727697961911126,
          "true_positive_rate": 0.24420519316022798,
          "precision": 0.872003618272275,
          "accuracy": 0.5497442547366904
        },
        "maximum_gate_threshold": 0.96875,
        "maximum_completion": {
          "false_positive_rate": 0.0420982292014701,
          "true_positive_rate": 0.5689677010766307,
          "precision": 0.9468802698145026,
          "accuracy": 0.7366904401700166
        },
        "brier": 0.09260688722133636,
        "ece_15": 0.04952067220331848,
        "progress_mae": 0.1705741435289383,
        "failure_threshold": null,
        "failure": null,
        "b_stop_proposals": 13881,
        "b_false_stop_proposals": 5986,
        "b_true_stop_proposals": 7895,
        "gated_false_stops": 299,
        "gated_true_stops": 4839
      },
      "residual_option_validation": {
        "labeled_states": 29,
        "strict_states": 4,
        "baseline_option": "RETRY_CURRENT",
        "override_options": [
          "REOBSERVE",
          "BACKTRACK_ONE",
          "ADVANCE",
          "CONSENSUS_PREFIX"
        ],
        "target_retry_states": 25,
        "target_tie_states": 25,
        "target_override_states": 4,
        "raw_false_recovery_rate": 0.0,
        "raw_recovery_rate": 0.0,
        "selective_recovery": {
          "max_false_recovery_rate": 0.05,
          "option_value_margin": 0.0,
          "false_recovery_rate": 0.0,
          "true_recovery_rate": 0.0,
          "beneficial_recovery_rate": 0.0,
          "accuracy": 0.8620689655172413,
          "mean_decision_regret": 0.4137931168079376
        }
      },
      "elapsed_seconds": 7.162535170005867
    },
    {
      "step": 750,
      "learning_rate": 5e-05,
      "train_loss": 0.3916112780570984,
      "train_completion_loss": 0.16036082804203033,
      "train_progress_loss": 0.025469724088907242,
      "train_failure_loss": 0.12398745119571686,
      "train_option_value_loss": 0.8026487827301025,
      "train_option_rank_loss": 0.03673722594976425,
      "train_option_classification_loss": 0.03167255222797394,
      "train_option_override_loss": 0.022665252909064293,
      "gradient_norm": 2.233722686767578,
      "development": {
        "samples": 19980,
        "completion_threshold": 0.96484375,
        "completion": {
          "false_positive_rate": 0.04610758436351487,
          "true_positive_rate": 0.6487650411652945,
          "precision": 0.9488699518340126,
          "accuracy": 0.7803472372307471
        },
        "progress_gate_threshold": 0.96484375,
        "progress_completion": {
          "false_positive_rate": 0.03792181757434013,
          "true_positive_rate": 0.2357188093730209,
          "precision": 0.8912835249042146,
          "accuracy": 0.548951804625027
        },
        "maximum_gate_threshold": 0.97265625,
        "maximum_completion": {
          "false_positive_rate": 0.04376879385232209,
          "true_positive_rate": 0.6200126662444585,
          "precision": 0.9491952685669963,
          "accuracy": 0.7650025214321735
        },
        "brier": 0.08667391538619995,
        "ece_15": 0.0516321855158106,
        "progress_mae": 0.15738876163959503,
        "failure_threshold": null,
        "failure": null,
        "b_stop_proposals": 13881,
        "b_false_stop_proposals": 5986,
        "b_true_stop_proposals": 7895,
        "gated_false_stops": 276,
        "gated_true_stops": 5122
      },
      "residual_option_validation": {
        "labeled_states": 29,
        "strict_states": 4,
        "baseline_option": "RETRY_CURRENT",
        "override_options": [
          "REOBSERVE",
          "BACKTRACK_ONE",
          "ADVANCE",
          "CONSENSUS_PREFIX"
        ],
        "target_retry_states": 25,
        "target_tie_states": 25,
        "target_override_states": 4,
        "raw_false_recovery_rate": 0.0,
        "raw_recovery_rate": 0.0,
        "selective_recovery": {
          "max_false_recovery_rate": 0.05,
          "option_value_margin": 0.0,
          "false_recovery_rate": 0.0,
          "true_recovery_rate": 0.0,
          "beneficial_recovery_rate": 0.0,
          "accuracy": 0.8620689655172413,
          "mean_decision_regret": 0.4137931168079376
        }
      },
      "elapsed_seconds": 10.447089284003596
    },
    {
      "step": 1000,
      "learning_rate": 2.500000000000001e-05,
      "train_loss": 0.39899763464927673,
      "train_completion_loss": 0.1664118617773056,
      "train_progress_loss": 0.025826919823884964,
      "train_failure_loss": 0.1387626677751541,
      "train_option_value_loss": 0.8199812769889832,
      "train_option_rank_loss": 0.015236594714224339,
      "train_option_classification_loss": 0.0260794498026371,
      "train_option_override_loss": 0.025490781292319298,
      "gradient_norm": 3.0080771446228027,
      "development": {
        "samples": 19980,
        "completion_threshold": 0.96875,
        "completion": {
          "false_positive_rate": 0.04961577013030404,
          "true_positive_rate": 0.679290690310323,
          "precision": 0.9475265017667844,
          "accuracy": 0.7961962394640155
        },
        "progress_gate_threshold": 0.96875,
        "progress_completion": {
          "false_positive_rate": 0.044102906782492485,
          "true_positive_rate": 0.24585180493983533,
          "precision": 0.8802721088435375,
          "accuracy": 0.5520495641524386
        },
        "maximum_gate_threshold": 0.9765625,
        "maximum_completion": {
          "false_positive_rate": 0.04894754426996325,
          "true_positive_rate": 0.6509183027232426,
          "precision": 0.946060382916053,
          "accuracy": 0.7803472372307471
        },
        "brier": 0.0873861312866211,
        "ece_15": 0.0578955458299545,
        "progress_mae": 0.14894792437553406,
        "failure_threshold": null,
        "failure": null,
        "b_stop_proposals": 13881,
        "b_false_stop_proposals": 5986,
        "b_true_stop_proposals": 7895,
        "gated_false_stops": 297,
        "gated_true_stops": 5363
      },
      "residual_option_validation": {
        "labeled_states": 29,
        "strict_states": 4,
        "baseline_option": "RETRY_CURRENT",
        "override_options": [
          "REOBSERVE",
          "BACKTRACK_ONE",
          "ADVANCE",
          "CONSENSUS_PREFIX"
        ],
        "target_retry_states": 25,
        "target_tie_states": 25,
        "target_override_states": 4,
        "raw_false_recovery_rate": 0.0,
        "raw_recovery_rate": 0.0,
        "selective_recovery": {
          "max_false_recovery_rate": 0.05,
          "option_value_margin": 0.0,
          "false_recovery_rate": 0.0,
          "true_recovery_rate": 0.0,
          "beneficial_recovery_rate": 0.0,
          "accuracy": 0.8620689655172413,
          "mean_decision_regret": 0.4137931168079376
        }
      },
      "elapsed_seconds": 13.553345756008639
    },
    {
      "step": 1250,
      "learning_rate": 6.698729810778065e-06,
      "train_loss": 0.3163989186286926,
      "train_completion_loss": 0.1136816143989563,
      "train_progress_loss": 0.019758589565753937,
      "train_failure_loss": 0.1070970743894577,
      "train_option_value_loss": 0.8337915539741516,
      "train_option_rank_loss": 0.010730785317718983,
      "train_option_classification_loss": 0.02349853515625,
      "train_option_override_loss": 0.019849808886647224,
      "gradient_norm": 1.803027868270874,
      "development": {
        "samples": 19980,
        "completion_threshold": 0.96875,
        "completion": {
          "false_positive_rate": 0.04543935850317407,
          "true_positive_rate": 0.6862571247625079,
          "precision": 0.9521968365553602,
          "accuracy": 0.801959513003386
        },
        "progress_gate_threshold": 0.96875,
        "progress_completion": {
          "false_positive_rate": 0.04794520547945205,
          "true_positive_rate": 0.3155161494616846,
          "precision": 0.8966882649388049,
          "accuracy": 0.5900151285930408
        },
        "maximum_gate_threshold": 0.98046875,
        "maximum_completion": {
          "false_positive_rate": 0.03608419645840294,
          "true_positive_rate": 0.6186193793540216,
          "precision": 0.9576470588235294,
          "accuracy": 0.767523953605648
        },
        "brier": 0.08399184048175812,
        "ece_15": 0.055306238200314155,
        "progress_mae": 0.1451583355665207,
        "failure_threshold": null,
        "failure": null,
        "b_stop_proposals": 13881,
        "b_false_stop_proposals": 5986,
        "b_true_stop_proposals": 7895,
        "gated_false_stops": 272,
        "gated_true_stops": 5418
      },
      "residual_option_validation": {
        "labeled_states": 29,
        "strict_states": 4,
        "baseline_option": "RETRY_CURRENT",
        "override_options": [
          "REOBSERVE",
          "BACKTRACK_ONE",
          "ADVANCE",
          "CONSENSUS_PREFIX"
        ],
        "target_retry_states": 25,
        "target_tie_states": 25,
        "target_override_states": 4,
        "raw_false_recovery_rate": 0.0,
        "raw_recovery_rate": 0.0,
        "selective_recovery": {
          "max_false_recovery_rate": 0.05,
          "option_value_margin": 0.0,
          "false_recovery_rate": 0.0,
          "true_recovery_rate": 0.0,
          "beneficial_recovery_rate": 0.0,
          "accuracy": 0.8620689655172413,
          "mean_decision_regret": 0.4137931168079376
        }
      },
      "elapsed_seconds": 16.612162497011013
    },
    {
      "step": 1500,
      "learning_rate": 0.0,
      "train_loss": 0.3620396852493286,
      "train_completion_loss": 0.15463215112686157,
      "train_progress_loss": 0.024155618622899055,
      "train_failure_loss": 0.09037627279758453,
      "train_option_value_loss": 0.8442627191543579,
      "train_option_rank_loss": 0.013985165394842625,
      "train_option_classification_loss": 0.02743966318666935,
      "train_option_override_loss": 0.022701557725667953,
      "gradient_norm": 2.4800851345062256,
      "development": {
        "samples": 19980,
        "completion_threshold": 0.96875,
        "completion": {
          "false_positive_rate": 0.04610758436351487,
          "true_positive_rate": 0.6887903736542115,
          "precision": 0.9516975848792439,
          "accuracy": 0.80311216771126
        },
        "progress_gate_threshold": 0.97265625,
        "progress_completion": {
          "false_positive_rate": 0.033912462412295355,
          "true_positive_rate": 0.18353388220392652,
          "precision": 0.8771186440677966,
          "accuracy": 0.5209999279590808
        },
        "maximum_gate_threshold": 0.98046875,
        "maximum_completion": {
          "false_positive_rate": 0.03691947878382893,
          "true_positive_rate": 0.6212792906903103,
          "precision": 0.9568864611783067,
          "accuracy": 0.768676608313522
        },
        "brier": 0.08428137749433517,
        "ece_15": 0.05586542556122004,
        "progress_mae": 0.1442512571811676,
        "failure_threshold": null,
        "failure": null,
        "b_stop_proposals": 13881,
        "b_false_stop_proposals": 5986,
        "b_true_stop_proposals": 7895,
        "gated_false_stops": 276,
        "gated_true_stops": 5438
      },
      "residual_option_validation": {
        "labeled_states": 29,
        "strict_states": 4,
        "baseline_option": "RETRY_CURRENT",
        "override_options": [
          "REOBSERVE",
          "BACKTRACK_ONE",
          "ADVANCE",
          "CONSENSUS_PREFIX"
        ],
        "target_retry_states": 25,
        "target_tie_states": 25,
        "target_override_states": 4,
        "raw_false_recovery_rate": 0.0,
        "raw_recovery_rate": 0.0,
        "selective_recovery": {
          "max_false_recovery_rate": 0.05,
          "option_value_margin": 0.0,
          "false_recovery_rate": 0.0,
          "true_recovery_rate": 0.0,
          "beneficial_recovery_rate": 0.0,
          "accuracy": 0.8620689655172413,
          "mean_decision_regret": 0.4137931168079376
        }
      },
      "elapsed_seconds": 20.4329103630007
    }
  ],
  "elapsed_seconds": 20.48411728600331,
  "weights_sha256": "e9136efeffaa241e56879e14f23b2c25f9490646fdd7e2911b93d69659ded63a"
}
