{
  "schema_version": 1,
  "corpus": "/HELIOS/Robotics/UnitreeRobotic/outputs/robocerebra/ctr-counterfactual-rollout-v9-outcome-first-seed12007",
  "corpus_files": 60,
  "corpus_samples": 3389,
  "thresholds": {
    "min_labeled_states": 32,
    "min_winning_options": 2,
    "min_strict_preference_rate": 0.05
  },
  "option_targets": {
    "labeled_states": 55,
    "valid_option_targets": 273,
    "strict_preferences": 7,
    "strict_preference_rate": 0.12727272727272726,
    "ties": 48,
    "winning_options": {
      "BACKTRACK_ONE": 2,
      "CONSENSUS_PREFIX": 4,
      "REOBSERVE": 1
    },
    "distinct_winning_options": 3,
    "mean_best_margin": 0.41818181818181815,
    "per_option": {
      "ACCEPT_B": {
        "count": 0,
        "mean": null,
        "standard_deviation": null,
        "minimum": null,
        "maximum": null
      },
      "REOBSERVE": {
        "count": 55,
        "mean": -0.3636363744735718,
        "standard_deviation": 4.100392818450928,
        "minimum": -16.0,
        "maximum": 16.0
      },
      "RETRY_CURRENT": {
        "count": 55,
        "mean": -0.38181817531585693,
        "standard_deviation": 4.236168384552002,
        "minimum": -16.0,
        "maximum": 17.0
      },
      "BACKTRACK_ONE": {
        "count": 53,
        "mean": -0.24528302252292633,
        "standard_deviation": 5.098670482635498,
        "minimum": -16.0,
        "maximum": 26.0
      },
      "ADVANCE": {
        "count": 55,
        "mean": -8.272727012634277,
        "standard_deviation": 4.375363349914551,
        "minimum": -24.0,
        "maximum": 9.0
      },
      "CONSENSUS_PREFIX": {
        "count": 55,
        "mean": -0.1818181872367859,
        "standard_deviation": 4.323680400848389,
        "minimum": -16.0,
        "maximum": 16.0
      }
    }
  },
  "residual_branch_mechanisms": {
    "states": 55,
    "physical_beneficial_override_states": 8,
    "physical_beneficial_override_rate": 0.14545454545454545,
    "return_beneficial_override_states": 8,
    "efficiency_only_return_override_states": 0,
    "return_override_with_physical_regression_states": 0,
    "physical_winning_options": {
      "ADVANCE": 1,
      "BACKTRACK_ONE": 1,
      "CONSENSUS_PREFIX": 5,
      "REOBSERVE": 2
    }
  },
  "checks": {
    "minimum_labeled_states": true,
    "multiple_winning_options": true,
    "strict_preference_rate": true,
    "residual_source_is_abstaining_b_retry": true,
    "residual_confirmed_stop_sources": true,
    "residual_b_retry_continuation": true,
    "residual_branch_hash": true,
    "residual_branch_inventory": true,
    "residual_distinct_actions": true,
    "residual_common_random_numbers": true,
    "residual_return_target": true,
    "residual_global_step_budget": true,
    "residual_outcome_first_physical_alignment": true
  },
  "valid": true
}
